Archive member included to satisfy reference by file (symbol)

app/libapp.a(main.c.obj)      (--whole-archive)
zephyr/libzephyr.a(cbprintf_packaged.c.obj)
                              (--whole-archive)
zephyr/libzephyr.a(dec.c.obj)
                              (--whole-archive)
zephyr/libzephyr.a(fdtable.c.obj)
                              (--whole-archive)
zephyr/libzephyr.a(hex.c.obj)
                              (--whole-archive)
zephyr/libzephyr.a(printk.c.obj)
                              (--whole-archive)
zephyr/libzephyr.a(rb.c.obj)  (--whole-archive)
zephyr/libzephyr.a(sem.c.obj)
                              (--whole-archive)
zephyr/libzephyr.a(thread_entry.c.obj)
                              (--whole-archive)
zephyr/libzephyr.a(timeutil.c.obj)
                              (--whole-archive)
zephyr/libzephyr.a(heap.c.obj)
                              (--whole-archive)
zephyr/libzephyr.a(heap-validate.c.obj)
                              (--whole-archive)
zephyr/libzephyr.a(bitarray.c.obj)
                              (--whole-archive)
zephyr/libzephyr.a(multi_heap.c.obj)
                              (--whole-archive)
zephyr/libzephyr.a(onoff.c.obj)
                              (--whole-archive)
zephyr/libzephyr.a(notify.c.obj)
                              (--whole-archive)
zephyr/libzephyr.a(crc32c_sw.c.obj)
                              (--whole-archive)
zephyr/libzephyr.a(crc32_sw.c.obj)
                              (--whole-archive)
zephyr/libzephyr.a(crc16_sw.c.obj)
                              (--whole-archive)
zephyr/libzephyr.a(crc8_sw.c.obj)
                              (--whole-archive)
zephyr/libzephyr.a(crc7_sw.c.obj)
                              (--whole-archive)
zephyr/libzephyr.a(cbprintf_complete.c.obj)
                              (--whole-archive)
zephyr/libzephyr.a(cbprintf.c.obj)
                              (--whole-archive)
zephyr/libzephyr.a(assert.c.obj)
                              (--whole-archive)
zephyr/libzephyr.a(reboot.c.obj)
                              (--whole-archive)
zephyr/libzephyr.a(configs.c.obj)
                              (--whole-archive)
zephyr/libzephyr.a(soc_nrf_common.S.obj)
                              (--whole-archive)
zephyr/libzephyr.a(validate_base_addresses.c.obj)
                              (--whole-archive)
zephyr/libzephyr.a(validate_enabled_instances.c.obj)
                              (--whole-archive)
zephyr/libzephyr.a(log_core.c.obj)
                              (--whole-archive)
zephyr/libzephyr.a(log_mgmt.c.obj)
                              (--whole-archive)
zephyr/libzephyr.a(log_cache.c.obj)
                              (--whole-archive)
zephyr/libzephyr.a(log_msg.c.obj)
                              (--whole-archive)
zephyr/libzephyr.a(log_output.c.obj)
                              (--whole-archive)
zephyr/libzephyr.a(log_backend_rtt.c.obj)
                              (--whole-archive)
zephyr/libzephyr.a(pm.c.obj)  (--whole-archive)
zephyr/libzephyr.a(policy.c.obj)
                              (--whole-archive)
zephyr/libzephyr.a(state.c.obj)
                              (--whole-archive)
zephyr/libzephyr.a(tracing_none.c.obj)
                              (--whole-archive)
zephyr/arch/common/libarch__common.a(sw_isr_common.c.obj)
                              (--whole-archive)
zephyr/arch/arch/arm/core/aarch32/libarch__arm__core__aarch32.a(cpu_idle.S.obj)
                              (--whole-archive)
zephyr/arch/arch/arm/core/aarch32/libarch__arm__core__aarch32.a(fatal.c.obj)
                              (--whole-archive)
zephyr/arch/arch/arm/core/aarch32/libarch__arm__core__aarch32.a(irq_manage.c.obj)
                              (--whole-archive)
zephyr/arch/arch/arm/core/aarch32/libarch__arm__core__aarch32.a(nmi.c.obj)
                              (--whole-archive)
zephyr/arch/arch/arm/core/aarch32/libarch__arm__core__aarch32.a(nmi_on_reset.S.obj)
                              (--whole-archive)
zephyr/arch/arch/arm/core/aarch32/libarch__arm__core__aarch32.a(prep_c.c.obj)
                              (--whole-archive)
zephyr/arch/arch/arm/core/aarch32/libarch__arm__core__aarch32.a(swap.c.obj)
                              (--whole-archive)
zephyr/arch/arch/arm/core/aarch32/libarch__arm__core__aarch32.a(swap_helper.S.obj)
                              (--whole-archive)
zephyr/arch/arch/arm/core/aarch32/libarch__arm__core__aarch32.a(thread.c.obj)
                              (--whole-archive)
zephyr/arch/arch/arm/core/aarch32/libarch__arm__core__aarch32.a(isr_wrapper.S.obj)
                              (--whole-archive)
zephyr/arch/arch/arm/core/aarch32/cortex_m/libarch__arm__core__aarch32__cortex_m.a(exc_exit.S.obj)
                              (--whole-archive)
zephyr/arch/arch/arm/core/aarch32/cortex_m/libarch__arm__core__aarch32__cortex_m.a(fault.c.obj)
                              (--whole-archive)
[...]
Memory Configuration

Name             Origin             Length             Attributes
FLASH            0x0000000000000000 0x0000000000080000 xr
RAM              0x0000000020000000 0x0000000000020000 xw
IDT_LIST         0x00000000fffff7ff 0x0000000000000800 xw
*default*        0x0000000000000000 0xffffffffffffffff

Linker script and memory map

LOAD zephyr/CMakeFiles/zephyr_pre1.dir/misc/empty_file.c.obj
LOAD zephyr/CMakeFiles/zephyr_pre1.dir/dev_handles.c.obj
                0x0000000000000020                _region_min_align = 0x20

.rel.plt        0x0000000000000000        0x0
 *(SORT_BY_ALIGNMENT(.rel.plt))
                [!provide]                        PROVIDE (__rel_iplt_start = .)
 *(SORT_BY_ALIGNMENT(.rel.iplt))
 .rel.iplt      0x0000000000000000        0x0 app/libapp.a(main.c.obj)
                [!provide]                        PROVIDE (__rel_iplt_end = .)

.rela.plt       0x0000000000000000        0x0
 *(SORT_BY_ALIGNMENT(.rela.plt))
                [!provide]                        PROVIDE (__rela_iplt_start = .)
 *(SORT_BY_ALIGNMENT(.rela.iplt))
                [!provide]                        PROVIDE (__rela_iplt_end = .)

.rel.dyn
 *(SORT_BY_ALIGNMENT(.rel.*))

.rela.dyn
 *(SORT_BY_ALIGNMENT(.rela.*))

/DISCARD/
 *(SORT_BY_ALIGNMENT(.plt))

/DISCARD/
 *(SORT_BY_ALIGNMENT(.iplt))
                0x0000000000000000                __rom_region_start = 0x0

rom_start       0x0000000000000000      0x100
                0x0000000000000000                . = 0x0
                0x0000000000000000                . = ALIGN (0x4)
                0x0000000000000000                . = ALIGN (0x80)
                0x0000000000000000                . = ALIGN (0x100)
                0x0000000000000000                _vector_start = .
 *(SORT_BY_ALIGNMENT(.exc_vector_table))
 *(SORT_BY_ALIGNMENT(.exc_vector_table.*))
 .exc_vector_table._vector_table_section
                0x0000000000000000       0x40 zephyr/arch/arch/arm/core/aarch32/cortex_m/libarch__arm__core__aarch32__cortex_m.a(vector_table.S.obj)
                0x0000000000000000                _vector_table
 *(SORT_BY_ALIGNMENT(.vectors))
                0x0000000000000100                _vector_end = .
                0x0000000000000040                . = ALIGN (0x4)
 *(SORT_BY_ALIGNMENT(.gnu.linkonce.irq_vector_table*))
 .gnu.linkonce.irq_vector_table
                0x0000000000000040       0xc0 zephyr/arch/common/libisr_tables.a(isr_tables.c.obj)
                0x0000000000000040                _irq_vector_table
                0x0000000000000100                _vector_end = .

text            0x0000000000000100     0x7e44
                0x0000000000000100                __text_region_start = .
 *(SORT_BY_ALIGNMENT(.text))
 .text          0x0000000000000100       0x30 c:/ncs/toolchains/v2.3.0/opt/zephyr-sdk/arm-zephyr-eabi/bin/../lib/gcc/arm-zephyr-eabi/12.1.0/thumb/v7e-m+fp/hard\libgcc.a(_aeabi_uldivmod.o)
                0x0000000000000100                __aeabi_uldivmod
 .text          0x0000000000000130        0x4 c:/ncs/toolchains/v2.3.0/opt/zephyr-sdk/arm-zephyr-eabi/bin/../lib/gcc/arm-zephyr-eabi/12.1.0/thumb/v7e-m+fp/hard\libgcc.a(_dvmd_tls.o)
                0x0000000000000130                __aeabi_idiv0
                0x0000000000000130                __aeabi_ldiv0
 .text          0x0000000000000134      0x2a0 c:/ncs/toolchains/v2.3.0/opt/zephyr-sdk/arm-zephyr-eabi/bin/../lib/gcc/arm-zephyr-eabi/12.1.0/thumb/v7e-m+fp/hard\libgcc.a(_udivmoddi4.o)
                0x0000000000000134                __udivmoddi4
 *(SORT_BY_ALIGNMENT(.text.*))
 *fill*         0x00000000000003d4        0x4 
 .text.z_cbvprintf_impl
                0x00000000000003d8      0xcd8 zephyr/libzephyr.a(cbprintf_complete.c.obj)
                0x00000000000003d8                z_cbvprintf_impl
 .text.work_queue_main
                0x00000000000010b0      0x140 zephyr/kernel/libkernel.a(work.c.obj)
 .text.my_timer_handler
                0x00000000000011f0        0xc app/libapp.a(main.c.obj)
                0x00000000000011f0                my_timer_handler
 .text.tx_irq_callback
                0x00000000000011fc       0x2c app/libapp.a(main.c.obj)
                0x00000000000011fc                tx_irq_callback
 .text.my_work_handler
                0x0000000000001228       0x48 app/libapp.a(main.c.obj)
                0x0000000000001228                my_work_handler
 .text.main     0x0000000000001270       0x8c app/libapp.a(main.c.obj)
                0x0000000000001270                main
 .text.cbvprintf_package
                0x00000000000012fc      0x3ac zephyr/libzephyr.a(cbprintf_packaged.c.obj)
                0x00000000000012fc                cbvprintf_package
 .text.__printk_hook_install
                0x00000000000016a8        0xc zephyr/libzephyr.a(printk.c.obj)
                0x00000000000016a8                __printk_hook_install
 .text.process_event
                0x00000000000016b4      0x21c zephyr/libzephyr.a(onoff.c.obj)
 .text.z_arm_platform_init
                0x00000000000018d0        0x4 zephyr/libzephyr.a(soc_nrf_common.S.obj)
                0x00000000000018d0                z_arm_platform_init
 .text.z_log_init.isra.0
                0x00000000000018d4       0xd0 zephyr/libzephyr.a(log_core.c.obj)
 .text.log_format_func_t_get
                0x00000000000019a4        0xc zephyr/libzephyr.a(log_core.c.obj)
                0x00000000000019a4                log_format_func_t_get
 .text.log_set_timestamp_func
                0x00000000000019b0       0x20 zephyr/libzephyr.a(log_core.c.obj)
                0x00000000000019b0                log_set_timestamp_func
 .text.log_core_init
                0x00000000000019d0       0x20 zephyr/libzephyr.a(log_core.c.obj)
                0x00000000000019d0                log_core_init
 .text.z_impl_log_panic
                0x00000000000019f0       0x3c zephyr/libzephyr.a(log_core.c.obj)
                0x00000000000019f0                z_impl_log_panic
 .text.z_log_dropped
                0x0000000000001a2c       0x30 zephyr/libzephyr.a(log_core.c.obj)
                0x0000000000001a2c                z_log_dropped
 .text.z_log_msg_commit
                0x0000000000001a5c       0x38 zephyr/libzephyr.a(log_core.c.obj)
                0x0000000000001a5c                z_log_msg_commit
 .text.log_source_name_get
                0x0000000000001a94       0x1c zephyr/libzephyr.a(log_mgmt.c.obj)
                0x0000000000001a94                log_source_name_get
 .text.log_backend_enable
                0x0000000000001ab0       0x28 zephyr/libzephyr.a(log_mgmt.c.obj)
                0x0000000000001ab0                log_backend_enable
 .text.z_impl_z_log_msg_runtime_vcreate
                0x0000000000001ad8       0x94 zephyr/libzephyr.a(log_msg.c.obj)
                0x0000000000001ad8                z_impl_z_log_msg_runtime_vcreate
 .text.print_formatted
                0x0000000000001b6c       0x24 zephyr/libzephyr.a(log_output.c.obj)
 .text.newline_print
                0x0000000000001b90       0x1c zephyr/libzephyr.a(log_output.c.obj)
 .text.log_output_process
                0x0000000000001bac      0x2a4 zephyr/libzephyr.a(log_output.c.obj)
                0x0000000000001bac                log_output_process
 .text.log_output_msg_process
                0x0000000000001e50       0x6c zephyr/libzephyr.a(log_output.c.obj)
                0x0000000000001e50                log_output_msg_process
 .text.log_output_timestamp_freq_set
                0x0000000000001ebc       0x2c zephyr/libzephyr.a(log_output.c.obj)
                0x0000000000001ebc                log_output_timestamp_freq_set
 .text.log_backend_rtt_init
                0x0000000000001ee8        0xc zephyr/libzephyr.a(log_backend_rtt.c.obj)
 .text.format_set
                0x0000000000001ef4        0xc zephyr/libzephyr.a(log_backend_rtt.c.obj)
 .text.panic    0x0000000000001f00       0x14 zephyr/libzephyr.a(log_backend_rtt.c.obj)
 .text.process  0x0000000000001f14       0x24 zephyr/libzephyr.a(log_backend_rtt.c.obj)
 .text.data_out_block_mode
                0x0000000000001f38       0x70 zephyr/libzephyr.a(log_backend_rtt.c.obj)
 .text.pm_state_notify
                0x0000000000001fa8       0x5c zephyr/libzephyr.a(pm.c.obj)
 .text.pm_system_resume
                0x0000000000002004       0x78 zephyr/libzephyr.a(pm.c.obj)
                0x0000000000002004                pm_system_resume
 .text.pm_system_suspend
                0x000000000000207c       0xf8 zephyr/libzephyr.a(pm.c.obj)
                0x000000000000207c                pm_system_suspend
 .text.pm_policy_next_state
                0x0000000000002174       0x94 zephyr/libzephyr.a(policy.c.obj)
                0x0000000000002174                pm_policy_next_state
 .text.pm_state_cpu_get_all
                0x0000000000002208       0x10 zephyr/libzephyr.a(state.c.obj)
                0x0000000000002208                pm_state_cpu_get_all
 .text.z_arm_cpu_idle_init
                0x0000000000002218        0xc zephyr/arch/arch/arm/core/aarch32/libarch__arm__core__aarch32.a(cpu_idle.S.obj)
                0x0000000000002218                z_arm_cpu_idle_init
 .text.arch_cpu_idle
                0x0000000000002224       0x1c zephyr/arch/arch/arm/core/aarch32/libarch__arm__core__aarch32.a(cpu_idle.S.obj)
                0x0000000000002224                arch_cpu_idle
 .text.arch_cpu_atomic_idle
                0x0000000000002240       0x18 zephyr/arch/arch/arm/core/aarch32/libarch__arm__core__aarch32.a(cpu_idle.S.obj)
                0x0000000000002240                arch_cpu_atomic_idle
 .text.z_arm_fatal_error
                0x0000000000002258      0x128 zephyr/arch/arch/arm/core/aarch32/libarch__arm__core__aarch32.a(fatal.c.obj)
                0x0000000000002258                z_arm_fatal_error
 .text.arch_irq_enable
                0x0000000000002380       0x1c zephyr/arch/arch/arm/core/aarch32/libarch__arm__core__aarch32.a(irq_manage.c.obj)
                0x0000000000002380                arch_irq_enable
 .text.arch_irq_disable
                0x000000000000239c       0x28 zephyr/arch/arch/arm/core/aarch32/libarch__arm__core__aarch32.a(irq_manage.c.obj)
                0x000000000000239c                arch_irq_disable
 .text.arch_irq_is_enabled
                0x00000000000023c4       0x1c zephyr/arch/arch/arm/core/aarch32/libarch__arm__core__aarch32.a(irq_manage.c.obj)
                0x00000000000023c4                arch_irq_is_enabled
 .text.z_arm_irq_priority_set
                0x00000000000023e0       0x30 zephyr/arch/arch/arm/core/aarch32/libarch__arm__core__aarch32.a(irq_manage.c.obj)
                0x00000000000023e0                z_arm_irq_priority_set
 .text.z_SysNmiOnReset
                0x0000000000002410        0x8 zephyr/arch/arch/arm/core/aarch32/libarch__arm__core__aarch32.a(nmi_on_reset.S.obj)
                0x0000000000002410                z_SysNmiOnReset
 .text.z_arm_prep_c
                0x0000000000002418       0x5c zephyr/arch/arch/arm/core/aarch32/libarch__arm__core__aarch32.a(prep_c.c.obj)
                0x0000000000002418                z_arm_prep_c
 .text.arch_swap
                0x0000000000002474       0x34 zephyr/arch/arch/arm/core/aarch32/libarch__arm__core__aarch32.a(swap.c.obj)
                0x0000000000002474                arch_swap
 .text.z_arm_pendsv
                0x00000000000024a8       0x90 zephyr/arch/arch/arm/core/aarch32/libarch__arm__core__aarch32.a(swap_helper.S.obj)
                0x00000000000024a8                z_arm_pendsv
 .text.z_arm_svc
                0x0000000000002538       0x20 zephyr/arch/arch/arm/core/aarch32/libarch__arm__core__aarch32.a(swap_helper.S.obj)
                0x0000000000002538                z_arm_svc
 .text.arch_new_thread
                0x0000000000002558       0x60 zephyr/arch/arch/arm/core/aarch32/libarch__arm__core__aarch32.a(thread.c.obj)
                0x0000000000002558                arch_new_thread
 .text.z_arm_mpu_stack_guard_and_fpu_adjust
                0x00000000000025b8       0x70 zephyr/arch/arch/arm/core/aarch32/libarch__arm__core__aarch32.a(thread.c.obj)
                0x00000000000025b8                z_arm_mpu_stack_guard_and_fpu_adjust
 .text.z_check_thread_stack_fail
                0x0000000000002628       0x38 zephyr/arch/arch/arm/core/aarch32/libarch__arm__core__aarch32.a(thread.c.obj)
                0x0000000000002628                z_check_thread_stack_fail
 .text.arch_switch_to_main_thread
                0x0000000000002660       0x48 zephyr/arch/arch/arm/core/aarch32/libarch__arm__core__aarch32.a(thread.c.obj)
                0x0000000000002660                arch_switch_to_main_thread
 .text._isr_wrapper
                0x00000000000026a8       0x40 zephyr/arch/arch/arm/core/aarch32/libarch__arm__core__aarch32.a(isr_wrapper.S.obj)
                0x00000000000026a8                _isr_wrapper
 .text._HandlerModeExit
                0x00000000000026e8       0x1c zephyr/arch/arch/arm/core/aarch32/cortex_m/libarch__arm__core__aarch32__cortex_m.a(exc_exit.S.obj)
                0x00000000000026e8                z_arm_int_exit
                0x00000000000026e8                z_arm_exc_exit
 .text.bus_fault.constprop.0
                0x0000000000002704      0x11c zephyr/arch/arch/arm/core/aarch32/cortex_m/libarch__arm__core__aarch32__cortex_m.a(fault.c.obj)
 .text.usage_fault.constprop.0
                0x0000000000002820       0xf8 zephyr/arch/arch/arm/core/aarch32/cortex_m/libarch__arm__core__aarch32__cortex_m.a(fault.c.obj)
 .text.mem_manage_fault
                0x0000000000002918      0x154 zephyr/arch/arch/arm/core/aarch32/cortex_m/libarch__arm__core__aarch32__cortex_m.a(fault.c.obj)
 .text.z_arm_fault
                0x0000000000002a6c      0x200 zephyr/arch/arch/arm/core/aarch32/cortex_m/libarch__arm__core__aarch32__cortex_m.a(fault.c.obj)
                0x0000000000002a6c                z_arm_fault
 .text.z_arm_fault_init
                0x0000000000002c6c       0x10 zephyr/arch/arch/arm/core/aarch32/cortex_m/libarch__arm__core__aarch32__cortex_m.a(fault.c.obj)
                0x0000000000002c6c                z_arm_fault_init
 .text.__fault  0x0000000000002c7c       0x14 zephyr/arch/arch/arm/core/aarch32/cortex_m/libarch__arm__core__aarch32__cortex_m.a(fault_s.S.obj)
                0x0000000000002c7c                z_arm_usage_fault
                0x0000000000002c7c                z_arm_mpu_fault
                0x0000000000002c7c                z_arm_exc_spurious
                0x0000000000002c7c                z_arm_debug_monitor
                0x0000000000002c7c                z_arm_hard_fault
                0x0000000000002c7c                z_arm_bus_fault
 .text.z_arm_interrupt_init
                0x0000000000002c90       0x18 zephyr/arch/arch/arm/core/aarch32/cortex_m/libarch__arm__core__aarch32__cortex_m.a(irq_init.c.obj)
                0x0000000000002c90                z_arm_interrupt_init
 .text._reset_section
                0x0000000000002ca8       0x54 zephyr/arch/arch/arm/core/aarch32/cortex_m/libarch__arm__core__aarch32__cortex_m.a(reset.S.obj)
                0x0000000000002ca8                __start
                0x0000000000002ca8                z_arm_reset
 .text.z_arm_clear_arm_mpu_config
                0x0000000000002cfc       0x24 zephyr/arch/arch/arm/core/aarch32/cortex_m/libarch__arm__core__aarch32__cortex_m.a(scb.c.obj)
                0x0000000000002cfc                z_arm_clear_arm_mpu_config
 .text.z_arm_init_arch_hw_at_boot
                0x0000000000002d20       0x64 zephyr/arch/arch/arm/core/aarch32/cortex_m/libarch__arm__core__aarch32__cortex_m.a(scb.c.obj)
                0x0000000000002d20                z_arm_init_arch_hw_at_boot
 .text.z_impl_k_thread_abort
                0x0000000000002d84       0x2c zephyr/arch/arch/arm/core/aarch32/cortex_m/libarch__arm__core__aarch32__cortex_m.a(thread_abort.c.obj)
                0x0000000000002d84                z_impl_k_thread_abort
 .text.z_arm_configure_static_mpu_regions
                0x0000000000002db0       0x18 zephyr/arch/arch/arm/core/aarch32/mpu/libarch__arm__core__aarch32__mpu.a(arm_core_mpu.c.obj)
                0x0000000000002db0                z_arm_configure_static_mpu_regions
 .text.z_arm_configure_dynamic_mpu_regions
                0x0000000000002dc8       0x2c zephyr/arch/arch/arm/core/aarch32/mpu/libarch__arm__core__aarch32__mpu.a(arm_core_mpu.c.obj)
                0x0000000000002dc8                z_arm_configure_dynamic_mpu_regions
 .text.mpu_configure_regions
                0x0000000000002df4       0xb4 zephyr/arch/arch/arm/core/aarch32/mpu/libarch__arm__core__aarch32__mpu.a(arm_mpu.c.obj)
 .text.arm_core_mpu_enable
                0x0000000000002ea8       0x18 zephyr/arch/arch/arm/core/aarch32/mpu/libarch__arm__core__aarch32__mpu.a(arm_mpu.c.obj)
                0x0000000000002ea8                arm_core_mpu_enable
 .text.arm_core_mpu_disable
                0x0000000000002ec0       0x14 zephyr/arch/arch/arm/core/aarch32/mpu/libarch__arm__core__aarch32__mpu.a(arm_mpu.c.obj)
                0x0000000000002ec0                arm_core_mpu_disable
 .text.arm_core_mpu_configure_static_mpu_regions
                0x0000000000002ed4       0x14 zephyr/arch/arch/arm/core/aarch32/mpu/libarch__arm__core__aarch32__mpu.a(arm_mpu.c.obj)
                0x0000000000002ed4                arm_core_mpu_configure_static_mpu_regions
 .text.arm_core_mpu_configure_dynamic_mpu_regions
                0x0000000000002ee8       0x30 zephyr/arch/arch/arm/core/aarch32/mpu/libarch__arm__core__aarch32__mpu.a(arm_mpu.c.obj)
                0x0000000000002ee8                arm_core_mpu_configure_dynamic_mpu_regions
 .text.z_arm_mpu_init
                0x0000000000002f18       0x60 zephyr/arch/arch/arm/core/aarch32/mpu/libarch__arm__core__aarch32__mpu.a(arm_mpu.c.obj)
                0x0000000000002f18                z_arm_mpu_init
 .text.__stdout_hook_install
                0x0000000000002f78        0xc zephyr/lib/libc/minimal/liblib__libc__minimal.a(stdout_console.c.obj)
                0x0000000000002f78                __stdout_hook_install
 .text.nordicsemi_nrf52_init
                0x0000000000002f84       0x30 zephyr/soc/arm/nordic_nrf/nrf52/libsoc__arm__nordic_nrf__nrf52.a(soc.c.obj)
 .text.sys_arch_reboot
                0x0000000000002fb4       0x2c zephyr/soc/arm/nordic_nrf/nrf52/libsoc__arm__nordic_nrf__nrf52.a(soc.c.obj)
                0x0000000000002fb4                sys_arch_reboot
 .text.arch_busy_wait
                0x0000000000002fe0       0x14 zephyr/soc/arm/nordic_nrf/nrf52/libsoc__arm__nordic_nrf__nrf52.a(soc.c.obj)
                0x0000000000002fe0                arch_busy_wait
 .text.onoff_stop
                0x0000000000002ff4       0x30 zephyr/drivers/clock_control/libdrivers__clock_control.a(clock_control_nrf.c.obj)
 .text.onoff_start
                0x0000000000003024       0x44 zephyr/drivers/clock_control/libdrivers__clock_control.a(clock_control_nrf.c.obj)
 .text.clk_init
                0x0000000000003068       0x58 zephyr/drivers/clock_control/libdrivers__clock_control.a(clock_control_nrf.c.obj)
 .text.clkstarted_handle.constprop.0
                0x00000000000030c0       0x34 zephyr/drivers/clock_control/libdrivers__clock_control.a(clock_control_nrf.c.obj)
 .text.clock_event_handler
                0x00000000000030f4       0x1c zephyr/drivers/clock_control/libdrivers__clock_control.a(clock_control_nrf.c.obj)
 .text.generic_hfclk_start
                0x0000000000003110       0x64 zephyr/drivers/clock_control/libdrivers__clock_control.a(clock_control_nrf.c.obj)
 .text.api_blocking_start
                0x0000000000003174       0x34 zephyr/drivers/clock_control/libdrivers__clock_control.a(clock_control_nrf.c.obj)
 .text.generic_hfclk_stop
                0x00000000000031a8       0x34 zephyr/drivers/clock_control/libdrivers__clock_control.a(clock_control_nrf.c.obj)
 .text.z_nrf_clock_control_lf_on
                0x00000000000031dc       0xfc zephyr/drivers/clock_control/libdrivers__clock_control.a(clock_control_nrf.c.obj)
                0x00000000000031dc                z_nrf_clock_control_lf_on
 .text.rtt_console_init
                0x00000000000032d8       0x18 zephyr/drivers/console/libdrivers__console.a(rtt_console.c.obj)
 .text.rtt_console_out
                0x00000000000032f0       0x54 zephyr/drivers/console/libdrivers__console.a(rtt_console.c.obj)
 .text.gpio_nrfx_pin_interrupt_configure
                0x0000000000003344       0xd4 zephyr/drivers/gpio/libdrivers__gpio.a(gpio_nrfx.c.obj)
 .text.gpio_nrfx_init
                0x0000000000003418       0x38 zephyr/drivers/gpio/libdrivers__gpio.a(gpio_nrfx.c.obj)
 .text.nrfx_gpio_handler
                0x0000000000003450       0x4c zephyr/drivers/gpio/libdrivers__gpio.a(gpio_nrfx.c.obj)
 .text.gpio_nrfx_pin_configure
                0x000000000000349c      0x128 zephyr/drivers/gpio/libdrivers__gpio.a(gpio_nrfx.c.obj)
 .text.spi_nrfx_init
                0x00000000000035c4       0xc4 zephyr/drivers/spi/libdrivers__spi.a(spi_nrfx_spi.c.obj)
 .text.transfer_next_chunk
                0x0000000000003688       0x80 zephyr/drivers/spi/libdrivers__spi.a(spi_nrfx_spi.c.obj)
 .text.event_handler
                0x0000000000003708       0xc0 zephyr/drivers/spi/libdrivers__spi.a(spi_nrfx_spi.c.obj)
 .text.spi_nrfx_transceive
                0x00000000000037c8      0x2dc zephyr/drivers/spi/libdrivers__spi.a(spi_nrfx_spi.c.obj)
 .text.z_impl_can_send
                0x0000000000003aa4       0x68 zephyr/drivers/can/libdrivers__can.a(can_common.c.obj)
                0x0000000000003aa4                z_impl_can_send
 .text.z_impl_can_calc_timing
                0x0000000000003b0c      0x164 zephyr/drivers/can/libdrivers__can.a(can_common.c.obj)
                0x0000000000003b0c                z_impl_can_calc_timing
 .text.mcp2515_set_mode
                0x0000000000003c70       0x50 zephyr/drivers/can/libdrivers__can.a(can_mcp2515.c.obj)
 .text.mcp2515_get_state
                0x0000000000003cc0       0xa0 zephyr/drivers/can/libdrivers__can.a(can_mcp2515.c.obj)
 .text.mcp2515_send
                0x0000000000003d60      0x194 zephyr/drivers/can/libdrivers__can.a(can_mcp2515.c.obj)
 .text.mcp2515_int_thread
                0x0000000000003ef4      0x180 zephyr/drivers/can/libdrivers__can.a(can_mcp2515.c.obj)
 .text.mcp2515_set_timing
                0x0000000000004074       0xf8 zephyr/drivers/can/libdrivers__can.a(can_mcp2515.c.obj)
 .text.mcp2515_init
                0x000000000000416c      0x254 zephyr/drivers/can/libdrivers__can.a(can_mcp2515.c.obj)
 .text.mcp2515_set_mode_int
                0x00000000000043c0       0x78 zephyr/drivers/can/libdrivers__can.a(can_mcp2515.c.obj)
                0x00000000000043c0                mcp2515_set_mode_int
 .text.mcp2515_stop
                0x0000000000004438       0xc0 zephyr/drivers/can/libdrivers__can.a(can_mcp2515.c.obj)
 .text.mcp2515_start
                0x00000000000044f8       0xa8 zephyr/drivers/can/libdrivers__can.a(can_mcp2515.c.obj)
 .text.compare_int_lock
                0x00000000000045a0       0x48 zephyr/drivers/timer/libdrivers__timer.a(nrf_rtc_timer.c.obj)
 .text.sys_clock_timeout_handler
                0x00000000000045e8       0x48 zephyr/drivers/timer/libdrivers__timer.a(nrf_rtc_timer.c.obj)
 .text.compare_int_unlock
                0x0000000000004630       0x5c zephyr/drivers/timer/libdrivers__timer.a(nrf_rtc_timer.c.obj)
 .text.z_nrf_rtc_timer_read
                0x000000000000468c       0x44 zephyr/drivers/timer/libdrivers__timer.a(nrf_rtc_timer.c.obj)
                0x000000000000468c                z_nrf_rtc_timer_read
 .text.compare_set
                0x00000000000046d0      0x11c zephyr/drivers/timer/libdrivers__timer.a(nrf_rtc_timer.c.obj)
 .text.sys_clock_driver_init
                0x00000000000047ec       0x80 zephyr/drivers/timer/libdrivers__timer.a(nrf_rtc_timer.c.obj)
 .text.rtc_nrf_isr
                0x000000000000486c       0xd4 zephyr/drivers/timer/libdrivers__timer.a(nrf_rtc_timer.c.obj)
                0x000000000000486c                rtc_nrf_isr
 .text.sys_clock_set_timeout
                0x0000000000004940       0x64 zephyr/drivers/timer/libdrivers__timer.a(nrf_rtc_timer.c.obj)
                0x0000000000004940                sys_clock_set_timeout
 .text.sys_clock_elapsed
                0x00000000000049a4       0x14 zephyr/drivers/timer/libdrivers__timer.a(nrf_rtc_timer.c.obj)
                0x00000000000049a4                sys_clock_elapsed
 .text.pinctrl_configure_pins
                0x00000000000049b8       0xc0 zephyr/drivers/pinctrl/libdrivers__pinctrl.a(pinctrl_nrf.c.obj)
                0x00000000000049b8                pinctrl_configure_pins
 .text.z_log_msg_runtime_create.constprop.0
                0x0000000000004a78       0x24 modules/nrf/lib/fatal_error/lib..__nrf__lib__fatal_error.a(fatal_error.c.obj)
 .text.k_sys_fatal_error_handler
                0x0000000000004a9c       0x2c modules/nrf/lib/fatal_error/lib..__nrf__lib__fatal_error.a(fatal_error.c.obj)
                0x0000000000004a9c                k_sys_fatal_error_handler
 .text.nvmc_wait
                0x0000000000004ac8       0x10 modules/hal_nordic/nrfx/libmodules__hal_nordic__nrfx.a(system_nrf52833.c.obj)
                0x0000000000004ac8                nvmc_wait
 .text.SystemInit
                0x0000000000004ad8      0x16c modules/hal_nordic/nrfx/libmodules__hal_nordic__nrfx.a(system_nrf52833.c.obj)
                0x0000000000004ad8                SystemInit
 .text.nrfx_flag32_alloc
                0x0000000000004c44       0x40 modules/hal_nordic/nrfx/libmodules__hal_nordic__nrfx.a(nrfx_flag32_allocator.c.obj)
                0x0000000000004c44                nrfx_flag32_alloc
 .text.nrfx_flag32_free
                0x0000000000004c84       0x40 modules/hal_nordic/nrfx/libmodules__hal_nordic__nrfx.a(nrfx_flag32_allocator.c.obj)
                0x0000000000004c84                nrfx_flag32_free
 .text.nrfx_clock_init
                0x0000000000004cc4       0x20 modules/hal_nordic/nrfx/libmodules__hal_nordic__nrfx.a(nrfx_clock.c.obj)
                0x0000000000004cc4                nrfx_clock_init
 .text.nrfx_power_clock_irq_handler
                0x0000000000004ce4       0x64 modules/hal_nordic/nrfx/libmodules__hal_nordic__nrfx.a(nrfx_clock.c.obj)
                0x0000000000004ce4                nrfx_power_clock_irq_handler
 .text.nrf_gpio_pin_port_decode
                0x0000000000004d48       0x1c modules/hal_nordic/nrfx/libmodules__hal_nordic__nrfx.a(nrfx_gpiote.c.obj)
 .text.pin_in_use_by_te
                0x0000000000004d64       0x14 modules/hal_nordic/nrfx/libmodules__hal_nordic__nrfx.a(nrfx_gpiote.c.obj)
 .text.call_handler
                0x0000000000004d78       0x3c modules/hal_nordic/nrfx/libmodules__hal_nordic__nrfx.a(nrfx_gpiote.c.obj)
 .text.release_handler
                0x0000000000004db4       0x58 modules/hal_nordic/nrfx/libmodules__hal_nordic__nrfx.a(nrfx_gpiote.c.obj)
 .text.pin_handler_trigger_uninit
                0x0000000000004e0c       0x38 modules/hal_nordic/nrfx/libmodules__hal_nordic__nrfx.a(nrfx_gpiote.c.obj)
 .text.nrfx_gpiote_input_configure
                0x0000000000004e44      0x15c modules/hal_nordic/nrfx/libmodules__hal_nordic__nrfx.a(nrfx_gpiote.c.obj)
                0x0000000000004e44                nrfx_gpiote_input_configure
 .text.nrfx_gpiote_output_configure
                0x0000000000004fa0       0xe4 modules/hal_nordic/nrfx/libmodules__hal_nordic__nrfx.a(nrfx_gpiote.c.obj)
                0x0000000000004fa0                nrfx_gpiote_output_configure
 .text.nrfx_gpiote_global_callback_set
                0x0000000000005084        0xc modules/hal_nordic/nrfx/libmodules__hal_nordic__nrfx.a(nrfx_gpiote.c.obj)
                0x0000000000005084                nrfx_gpiote_global_callback_set
 .text.nrfx_gpiote_channel_get
                0x0000000000005090       0x2c modules/hal_nordic/nrfx/libmodules__hal_nordic__nrfx.a(nrfx_gpiote.c.obj)
                0x0000000000005090                nrfx_gpiote_channel_get
 .text.nrfx_gpiote_init
                0x00000000000050bc       0x50 modules/hal_nordic/nrfx/libmodules__hal_nordic__nrfx.a(nrfx_gpiote.c.obj)
                0x00000000000050bc                nrfx_gpiote_init
 .text.nrfx_gpiote_is_init
                0x000000000000510c       0x14 modules/hal_nordic/nrfx/libmodules__hal_nordic__nrfx.a(nrfx_gpiote.c.obj)
                0x000000000000510c                nrfx_gpiote_is_init
 .text.nrfx_gpiote_channel_free
                0x0000000000005120        0xc modules/hal_nordic/nrfx/libmodules__hal_nordic__nrfx.a(nrfx_gpiote.c.obj)
                0x0000000000005120                nrfx_gpiote_channel_free
 .text.nrfx_gpiote_channel_alloc
                0x000000000000512c        0xc modules/hal_nordic/nrfx/libmodules__hal_nordic__nrfx.a(nrfx_gpiote.c.obj)
                0x000000000000512c                nrfx_gpiote_channel_alloc
 .text.nrfx_gpiote_trigger_enable
                0x0000000000005138       0x90 modules/hal_nordic/nrfx/libmodules__hal_nordic__nrfx.a(nrfx_gpiote.c.obj)
                0x0000000000005138                nrfx_gpiote_trigger_enable
 .text.nrfx_gpiote_trigger_disable
                0x00000000000051c8       0x50 modules/hal_nordic/nrfx/libmodules__hal_nordic__nrfx.a(nrfx_gpiote.c.obj)
                0x00000000000051c8                nrfx_gpiote_trigger_disable
 .text.nrfx_gpiote_pin_uninit
                0x0000000000005218       0x48 modules/hal_nordic/nrfx/libmodules__hal_nordic__nrfx.a(nrfx_gpiote.c.obj)
                0x0000000000005218                nrfx_gpiote_pin_uninit
 .text.nrfx_gpiote_irq_handler
                0x0000000000005260      0x1bc modules/hal_nordic/nrfx/libmodules__hal_nordic__nrfx.a(nrfx_gpiote.c.obj)
                0x0000000000005260                nrfx_gpiote_irq_handler
 .text.nrf_gpio_pin_port_decode
                0x000000000000541c       0x1c modules/hal_nordic/nrfx/libmodules__hal_nordic__nrfx.a(nrfx_spi.c.obj)
 .text.nrfx_spi_init
                0x0000000000005438      0x15c modules/hal_nordic/nrfx/libmodules__hal_nordic__nrfx.a(nrfx_spi.c.obj)
                0x0000000000005438                nrfx_spi_init
 .text.nrfx_spi_uninit
                0x0000000000005594       0x70 modules/hal_nordic/nrfx/libmodules__hal_nordic__nrfx.a(nrfx_spi.c.obj)
                0x0000000000005594                nrfx_spi_uninit
 .text.nrfx_spi_xfer
                0x0000000000005604       0xfc modules/hal_nordic/nrfx/libmodules__hal_nordic__nrfx.a(nrfx_spi.c.obj)
                0x0000000000005604                nrfx_spi_xfer
 .text.nrfx_spi_0_irq_handler
                0x0000000000005700       0x40 modules/hal_nordic/nrfx/libmodules__hal_nordic__nrfx.a(nrfx_spi.c.obj)
                0x0000000000005700                nrfx_spi_0_irq_handler
 .text._DoInit  0x0000000000005740       0x60 modules/segger/libmodules__segger.a(SEGGER_RTT.c.obj)
 .text.SEGGER_RTT_WriteSkipNoLock
                0x00000000000057a0       0x90 modules/segger/libmodules__segger.a(SEGGER_RTT.c.obj)
                0x00000000000057a0                SEGGER_RTT_WriteSkipNoLock
 .text.SEGGER_RTT_WriteNoLock
                0x0000000000005830       0x58 modules/segger/libmodules__segger.a(SEGGER_RTT.c.obj)
                0x0000000000005830                SEGGER_RTT_WriteNoLock
 .text.SEGGER_RTT_HasDataUp
                0x0000000000005888       0x14 modules/segger/libmodules__segger.a(SEGGER_RTT.c.obj)
                0x0000000000005888                SEGGER_RTT_HasDataUp
 .text.zephyr_rtt_mutex_lock
                0x000000000000589c       0x14 modules/segger/libmodules__segger.a(SEGGER_RTT_zephyr.c.obj)
                0x000000000000589c                zephyr_rtt_mutex_lock
 .text.zephyr_rtt_mutex_unlock
                0x00000000000058b0        0xc modules/segger/libmodules__segger.a(SEGGER_RTT_zephyr.c.obj)
                0x00000000000058b0                zephyr_rtt_mutex_unlock
 .text.z_fatal_error
                0x00000000000058bc       0xc8 zephyr/kernel/libkernel.a(fatal.c.obj)
                0x00000000000058bc                z_fatal_error
 .text.z_sys_init_run_level
                0x0000000000005984       0x44 zephyr/kernel/libkernel.a(init.c.obj)
 .text.bg_thread_main
                0x00000000000059c8       0x34 zephyr/kernel/libkernel.a(init.c.obj)
 .text.z_bss_zero
                0x00000000000059fc       0x18 zephyr/kernel/libkernel.a(init.c.obj)
                0x00000000000059fc                z_bss_zero
 .text.z_init_cpu
                0x0000000000005a14       0x70 zephyr/kernel/libkernel.a(init.c.obj)
                0x0000000000005a14                z_init_cpu
 .text.z_cstart
                0x0000000000005a84       0xe0 zephyr/kernel/libkernel.a(init.c.obj)
                0x0000000000005a84                z_cstart
 .text.z_setup_new_thread
                0x0000000000005b64       0x64 zephyr/kernel/libkernel.a(thread.c.obj)
                0x0000000000005b64                z_setup_new_thread
 .text.z_impl_k_thread_create
                0x0000000000005bc8       0x58 zephyr/kernel/libkernel.a(thread.c.obj)
                0x0000000000005bc8                z_impl_k_thread_create
 .text.z_init_static_threads
                0x0000000000005c20       0xb8 zephyr/kernel/libkernel.a(thread.c.obj)
                0x0000000000005c20                z_init_static_threads
 .text.idle     0x0000000000005cd8       0x38 zephyr/kernel/libkernel.a(idle.c.obj)
                0x0000000000005cd8                idle
 .text.z_impl_k_mutex_lock
                0x0000000000005d10       0xf4 zephyr/kernel/libkernel.a(mutex.c.obj)
                0x0000000000005d10                z_impl_k_mutex_lock
 .text.z_impl_k_mutex_unlock
                0x0000000000005e04       0x78 zephyr/kernel/libkernel.a(mutex.c.obj)
                0x0000000000005e04                z_impl_k_mutex_unlock
 .text.z_impl_k_sem_give
                0x0000000000005e7c       0x40 zephyr/kernel/libkernel.a(sem.c.obj)
                0x0000000000005e7c                z_impl_k_sem_give
 .text.z_impl_k_sem_take
                0x0000000000005ebc       0x50 zephyr/kernel/libkernel.a(sem.c.obj)
                0x0000000000005ebc                z_impl_k_sem_take
 .text.submit_to_queue_locked
                0x0000000000005f0c       0xb4 zephyr/kernel/libkernel.a(work.c.obj)
 .text.k_work_submit
                0x0000000000005fc0        0xc zephyr/kernel/libkernel.a(work.c.obj)
                0x0000000000005fc0                k_work_submit
 .text.k_work_queue_start
                0x0000000000005fcc       0x70 zephyr/kernel/libkernel.a(work.c.obj)
                0x0000000000005fcc                k_work_queue_start
 .text.z_reset_time_slice
                0x000000000000603c       0x28 zephyr/kernel/libkernel.a(sched.c.obj)
                0x000000000000603c                z_reset_time_slice
 .text.update_cache
                0x0000000000006064       0x3c zephyr/kernel/libkernel.a(sched.c.obj)
 .text.move_thread_to_end_of_prio_q
                0x00000000000060a0       0x74 zephyr/kernel/libkernel.a(sched.c.obj)
 .text.ready_thread
                0x0000000000006114       0x68 zephyr/kernel/libkernel.a(sched.c.obj)
 .text.unready_thread
                0x000000000000617c       0x30 zephyr/kernel/libkernel.a(sched.c.obj)
 .text.pend_locked
                0x00000000000061ac       0x30 zephyr/kernel/libkernel.a(sched.c.obj)
 .text.k_sched_time_slice_set
                0x00000000000061dc       0x64 zephyr/kernel/libkernel.a(sched.c.obj)
                0x00000000000061dc                k_sched_time_slice_set
 .text.z_time_slice
                0x0000000000006240       0x84 zephyr/kernel/libkernel.a(sched.c.obj)
                0x0000000000006240                z_time_slice
 .text.z_pend_curr
                0x00000000000062c4       0x3c zephyr/kernel/libkernel.a(sched.c.obj)
                0x00000000000062c4                z_pend_curr
 .text.z_set_prio
                0x0000000000006300       0x8c zephyr/kernel/libkernel.a(sched.c.obj)
                0x0000000000006300                z_set_prio
 .text.z_reschedule
                0x000000000000638c       0x24 zephyr/kernel/libkernel.a(sched.c.obj)
                0x000000000000638c                z_reschedule
 .text.z_sched_start
                0x00000000000063b0       0x3c zephyr/kernel/libkernel.a(sched.c.obj)
                0x00000000000063b0                z_sched_start
 .text.z_impl_k_thread_suspend
                0x00000000000063ec       0x64 zephyr/kernel/libkernel.a(sched.c.obj)
                0x00000000000063ec                z_impl_k_thread_suspend
 .text.k_sched_lock
                0x0000000000006450       0x28 zephyr/kernel/libkernel.a(sched.c.obj)
                0x0000000000006450                k_sched_lock
 .text.k_sched_unlock
                0x0000000000006478       0x38 zephyr/kernel/libkernel.a(sched.c.obj)
                0x0000000000006478                k_sched_unlock
 .text.z_sched_init
                0x00000000000064b0       0x18 zephyr/kernel/libkernel.a(sched.c.obj)
                0x00000000000064b0                z_sched_init
 .text.z_impl_k_yield
                0x00000000000064c8       0x7c zephyr/kernel/libkernel.a(sched.c.obj)
                0x00000000000064c8                z_impl_k_yield
 .text.z_tick_sleep
                0x0000000000006544       0x88 zephyr/kernel/libkernel.a(sched.c.obj)
 .text.z_impl_k_sleep
                0x00000000000065cc       0x34 zephyr/kernel/libkernel.a(sched.c.obj)
                0x00000000000065cc                z_impl_k_sleep
 .text.z_impl_k_usleep
                0x0000000000006600       0x34 zephyr/kernel/libkernel.a(sched.c.obj)
                0x0000000000006600                z_impl_k_usleep
 .text.z_impl_z_current_get
                0x0000000000006634        0xc zephyr/kernel/libkernel.a(sched.c.obj)
                0x0000000000006634                z_impl_z_current_get
 .text.z_thread_abort
                0x0000000000006640       0xc0 zephyr/kernel/libkernel.a(sched.c.obj)
                0x0000000000006640                z_thread_abort
 .text.z_sched_wait
                0x0000000000006700       0x24 zephyr/kernel/libkernel.a(sched.c.obj)
                0x0000000000006700                z_sched_wait
 .text.z_data_copy
                0x0000000000006724       0x34 zephyr/kernel/libkernel.a(xip.c.obj)
                0x0000000000006724                z_data_copy
 .text.elapsed  0x0000000000006758       0x14 zephyr/kernel/libkernel.a(timeout.c.obj)
 .text.next_timeout
                0x000000000000676c       0x50 zephyr/kernel/libkernel.a(timeout.c.obj)
 .text.remove_timeout
                0x00000000000067bc       0x38 zephyr/kernel/libkernel.a(timeout.c.obj)
 .text.z_add_timeout
                0x00000000000067f4       0xfc zephyr/kernel/libkernel.a(timeout.c.obj)
                0x00000000000067f4                z_add_timeout
 .text.sys_clock_announce
                0x00000000000068f0       0xb4 zephyr/kernel/libkernel.a(timeout.c.obj)
                0x00000000000068f0                sys_clock_announce
 .text.sys_clock_tick_get
                0x00000000000069a4       0x34 zephyr/kernel/libkernel.a(timeout.c.obj)
                0x00000000000069a4                sys_clock_tick_get
 .text.z_timer_expiration_handler
                0x00000000000069d8       0xd4 zephyr/kernel/libkernel.a(timer.c.obj)
                0x00000000000069d8                z_timer_expiration_handler
 .text.z_impl_k_timer_start
                0x0000000000006aac       0x98 zephyr/kernel/libkernel.a(timer.c.obj)
                0x0000000000006aac                z_impl_k_timer_start
 .text.boot_banner
                0x0000000000006b44        0xc zephyr/kernel/libkernel.a(banner.c.obj)
                0x0000000000006b44                boot_banner
 .text.statics_init
                0x0000000000006b50       0x24 zephyr/kernel/libkernel.a(kheap.c.obj)
 .text.k_sys_work_q_init
                0x0000000000006b74       0x34 zephyr/kernel/libkernel.a(system_work_q.c.obj)
 .text.z_log_msg_runtime_create.constprop.0
                0x0000000000006ba8       0x1e app/libapp.a(main.c.obj)
 .text.cbpprintf_external
                0x0000000000006bc6       0x62 zephyr/libzephyr.a(cbprintf_packaged.c.obj)
                0x0000000000006bc6                cbpprintf_external
 .text.arch_printk_char_out
                0x0000000000006c28        0x4 zephyr/libzephyr.a(printk.c.obj)
                0x0000000000006c28                arch_printk_char_out
 .text.printk   0x0000000000006c2c       0x1a zephyr/libzephyr.a(printk.c.obj)
                0x0000000000006c2c                printk
 .text.z_thread_entry
                0x0000000000006c46       0x14 zephyr/libzephyr.a(thread_entry.c.obj)
                0x0000000000006c46                z_thread_entry
 .text.chunk_size
                0x0000000000006c5a        0xa zephyr/libzephyr.a(heap.c.obj)
 .text.free_list_add
                0x0000000000006c64       0x4e zephyr/libzephyr.a(heap.c.obj)
 .text.sys_heap_init
                0x0000000000006cb2       0x70 zephyr/libzephyr.a(heap.c.obj)
                0x0000000000006cb2                sys_heap_init
 .text.process_recheck
                0x0000000000006d22       0x38 zephyr/libzephyr.a(onoff.c.obj)
 .text.validate_args
                0x0000000000006d5a       0x20 zephyr/libzephyr.a(onoff.c.obj)
 .text.notify_one
                0x0000000000006d7a       0x2c zephyr/libzephyr.a(onoff.c.obj)
 .text.transition_complete
                0x0000000000006da6       0x1e zephyr/libzephyr.a(onoff.c.obj)
 .text.onoff_manager_init
                0x0000000000006dc4       0x26 zephyr/libzephyr.a(onoff.c.obj)
                0x0000000000006dc4                onoff_manager_init
 .text.onoff_request
                0x0000000000006dea       0xb0 zephyr/libzephyr.a(onoff.c.obj)
                0x0000000000006dea                onoff_request
 .text.sys_notify_validate
                0x0000000000006e9a       0x22 zephyr/libzephyr.a(notify.c.obj)
                0x0000000000006e9a                sys_notify_validate
 .text.sys_notify_finalize
                0x0000000000006ebc       0x1a zephyr/libzephyr.a(notify.c.obj)
                0x0000000000006ebc                sys_notify_finalize
 .text._ldiv5   0x0000000000006ed6       0x30 zephyr/libzephyr.a(cbprintf_complete.c.obj)
 .text._get_digit
                0x0000000000006f06       0x2e zephyr/libzephyr.a(cbprintf_complete.c.obj)
 .text.encode_uint
                0x0000000000006f34       0x8c zephyr/libzephyr.a(cbprintf_complete.c.obj)
 .text.outs     0x0000000000006fc0       0x2e zephyr/libzephyr.a(cbprintf_complete.c.obj)
 .text._ConfigAbsSyms
                0x0000000000006fee        0x2 zephyr/libzephyr.a(configs.c.obj)
                0x0000000000006fee                _ConfigAbsSyms
 .text.dummy_timestamp
                0x0000000000006ff0        0x4 zephyr/libzephyr.a(log_core.c.obj)
 .text.default_get_timestamp
                0x0000000000006ff4        0x4 zephyr/libzephyr.a(log_core.c.obj)
 .text.atomic_inc
                0x0000000000006ff8       0x1a zephyr/libzephyr.a(log_core.c.obj)
 .text.enable_logger
                0x0000000000007012        0xe zephyr/libzephyr.a(log_core.c.obj)
 .text.z_log_vprintk
                0x0000000000007020       0x1c zephyr/libzephyr.a(log_core.c.obj)
                0x0000000000007020                z_log_vprintk
 .text.z_log_notify_backend_enabled
                0x000000000000703c        0x2 zephyr/libzephyr.a(log_core.c.obj)
                0x000000000000703c                z_log_notify_backend_enabled
 .text.z_log_get_tag
                0x000000000000703e        0x4 zephyr/libzephyr.a(log_core.c.obj)
                0x000000000000703e                z_log_get_tag
 .text.z_log_msg_finalize
                0x0000000000007042       0x34 zephyr/libzephyr.a(log_msg.c.obj)
                0x0000000000007042                z_log_msg_finalize
 .text.out_func
                0x0000000000007076       0x1c zephyr/libzephyr.a(log_output.c.obj)
 .text.cr_out_func
                0x0000000000007092       0x1c zephyr/libzephyr.a(log_output.c.obj)
 .text.buffer_write
                0x00000000000070ae       0x1a zephyr/libzephyr.a(log_output.c.obj)
 .text.cbvprintf
                0x00000000000070c8        0xe zephyr/libzephyr.a(log_output.c.obj)
 .text.log_output_flush
                0x00000000000070d6       0x1a zephyr/libzephyr.a(log_output.c.obj)
                0x00000000000070d6                log_output_flush
 .text.z_log_msg_runtime_create.constprop.0
                0x00000000000070f0       0x20 zephyr/arch/arch/arm/core/aarch32/libarch__arm__core__aarch32.a(fatal.c.obj)
 .text.z_do_kernel_oops
                0x0000000000007110        0x8 zephyr/arch/arch/arm/core/aarch32/libarch__arm__core__aarch32.a(fatal.c.obj)
                0x0000000000007110                z_do_kernel_oops
 .text.z_irq_spurious
                0x0000000000007118        0x8 zephyr/arch/arch/arm/core/aarch32/libarch__arm__core__aarch32.a(irq_manage.c.obj)
                0x0000000000007118                z_irq_spurious
 .text.z_arm_nmi
                0x0000000000007120        0xe zephyr/arch/arch/arm/core/aarch32/libarch__arm__core__aarch32.a(nmi.c.obj)
                0x0000000000007120                z_arm_nmi
 .text.z_log_msg_runtime_create.constprop.0
                0x000000000000712e       0x20 zephyr/arch/arch/arm/core/aarch32/cortex_m/libarch__arm__core__aarch32__cortex_m.a(fault.c.obj)
 .text.z_log_msg_runtime_create.constprop.0
                0x000000000000714e       0x20 zephyr/arch/arch/arm/core/aarch32/mpu/libarch__arm__core__aarch32__mpu.a(arm_mpu.c.obj)
 .text.strcpy   0x000000000000716e       0x14 zephyr/lib/libc/minimal/liblib__libc__minimal.a(string.c.obj)
                0x000000000000716e                strcpy
 .text.strlen   0x0000000000007182        0xe zephyr/lib/libc/minimal/liblib__libc__minimal.a(string.c.obj)
                0x0000000000007182                strlen
 .text.strnlen  0x0000000000007190       0x12 zephyr/lib/libc/minimal/liblib__libc__minimal.a(string.c.obj)
                0x0000000000007190                strnlen
 .text.memcpy   0x00000000000071a2       0x16 zephyr/lib/libc/minimal/liblib__libc__minimal.a(string.c.obj)
                0x00000000000071a2                memcpy
 .text.memset   0x00000000000071b8       0x12 zephyr/lib/libc/minimal/liblib__libc__minimal.a(string.c.obj)
                0x00000000000071b8                memset
 .text._stdout_hook_default
                0x00000000000071ca        0x6 zephyr/lib/libc/minimal/liblib__libc__minimal.a(stdout_console.c.obj)
 .text.pm_state_set
                0x00000000000071d0       0x18 zephyr/soc/arm/nordic_nrf/nrf52/libsoc__arm__nordic_nrf__nrf52.a(power.c.obj)
                0x00000000000071d0                pm_state_set
 .text.pm_state_exit_post_ops
                0x00000000000071e8        0xc zephyr/soc/arm/nordic_nrf/nrf52/libsoc__arm__nordic_nrf__nrf52.a(power.c.obj)
                0x00000000000071e8                pm_state_exit_post_ops
 .text.get_status
                0x00000000000071f4       0x12 zephyr/drivers/clock_control/libdrivers__clock_control.a(clock_control_nrf.c.obj)
 .text.set_on_state
                0x0000000000007206       0x26 zephyr/drivers/clock_control/libdrivers__clock_control.a(clock_control_nrf.c.obj)
 .text.stop     0x000000000000722c       0x52 zephyr/drivers/clock_control/libdrivers__clock_control.a(clock_control_nrf.c.obj)
 .text.api_stop
                0x000000000000727e        0x6 zephyr/drivers/clock_control/libdrivers__clock_control.a(clock_control_nrf.c.obj)
 .text.async_start
                0x0000000000007284       0x5c zephyr/drivers/clock_control/libdrivers__clock_control.a(clock_control_nrf.c.obj)
 .text.api_start
                0x00000000000072e0        0xe zephyr/drivers/clock_control/libdrivers__clock_control.a(clock_control_nrf.c.obj)
 .text.onoff_started_callback
                0x00000000000072ee       0x14 zephyr/drivers/clock_control/libdrivers__clock_control.a(clock_control_nrf.c.obj)
 .text.lfclk_start
                0x0000000000007302        0x6 zephyr/drivers/clock_control/libdrivers__clock_control.a(clock_control_nrf.c.obj)
 .text.lfclk_stop
                0x0000000000007308        0x6 zephyr/drivers/clock_control/libdrivers__clock_control.a(clock_control_nrf.c.obj)
 .text.blocking_start_callback
                0x000000000000730e        0x6 zephyr/drivers/clock_control/libdrivers__clock_control.a(clock_control_nrf.c.obj)
 .text.gpio_nrfx_port_get_raw
                0x0000000000007314        0xe zephyr/drivers/gpio/libdrivers__gpio.a(gpio_nrfx.c.obj)
 .text.gpio_nrfx_port_set_masked_raw
                0x0000000000007322       0x18 zephyr/drivers/gpio/libdrivers__gpio.a(gpio_nrfx.c.obj)
 .text.gpio_nrfx_port_set_bits_raw
                0x000000000000733a        0xc zephyr/drivers/gpio/libdrivers__gpio.a(gpio_nrfx.c.obj)
 .text.gpio_nrfx_port_clear_bits_raw
                0x0000000000007346        0xc zephyr/drivers/gpio/libdrivers__gpio.a(gpio_nrfx.c.obj)
 .text.gpio_nrfx_port_toggle_bits
                0x0000000000007352       0x1a zephyr/drivers/gpio/libdrivers__gpio.a(gpio_nrfx.c.obj)
 .text.gpio_nrfx_manage_callback
                0x000000000000736c       0x52 zephyr/drivers/gpio/libdrivers__gpio.a(gpio_nrfx.c.obj)
 .text.irq_connect0
                0x00000000000073be        0xa zephyr/drivers/spi/libdrivers__spi.a(spi_nrfx_spi.c.obj)
 .text.spi_context_get_next_buf.constprop.0
                0x00000000000073c8       0x26 zephyr/drivers/spi/libdrivers__spi.a(spi_nrfx_spi.c.obj)
 .text.z_log_msg_runtime_create.constprop.0
                0x00000000000073ee       0x20 zephyr/drivers/spi/libdrivers__spi.a(spi_nrfx_spi.c.obj)
 .text.gpio_pin_set_dt.isra.0
                0x000000000000740e       0x28 zephyr/drivers/spi/libdrivers__spi.a(spi_nrfx_spi.c.obj)
 .text._spi_context_cs_control
                0x0000000000007436       0x44 zephyr/drivers/spi/libdrivers__spi.a(spi_nrfx_spi.c.obj)
 .text.spi_context_unlock_unconditionally
                0x000000000000747a       0x20 zephyr/drivers/spi/libdrivers__spi.a(spi_nrfx_spi.c.obj)
 .text.spi_nrfx_release
                0x000000000000749a       0x24 zephyr/drivers/spi/libdrivers__spi.a(spi_nrfx_spi.c.obj)
 .text.can_tx_default_cb
                0x00000000000074be        0x8 zephyr/drivers/can/libdrivers__can.a(can_common.c.obj)
 .text.can_calc_prescaler
                0x00000000000074c6       0x40 zephyr/drivers/can/libdrivers__can.a(can_common.c.obj)
                0x00000000000074c6                can_calc_prescaler
 .text.mcp2515_get_core_clock
                0x0000000000007506        0xc zephyr/drivers/can/libdrivers__can.a(can_mcp2515.c.obj)
 .text.mcp2515_get_max_filters
                0x0000000000007512        0x4 zephyr/drivers/can/libdrivers__can.a(can_mcp2515.c.obj)
 .text.mcp2515_get_max_bitrate
                0x0000000000007516        0xa zephyr/drivers/can/libdrivers__can.a(can_mcp2515.c.obj)
 .text.mcp2515_get_capabilities
                0x0000000000007520        0x8 zephyr/drivers/can/libdrivers__can.a(can_mcp2515.c.obj)
 .text.mcp2515_set_state_change_callback
                0x0000000000007528        0x8 zephyr/drivers/can/libdrivers__can.a(can_mcp2515.c.obj)
 .text.z_log_msg_runtime_create.constprop.0
                0x0000000000007530       0x1e zephyr/drivers/can/libdrivers__can.a(can_mcp2515.c.obj)
 .text.k_mutex_lock.constprop.0.isra.0
                0x000000000000754e        0x4 zephyr/drivers/can/libdrivers__can.a(can_mcp2515.c.obj)
 .text.k_mutex_unlock.isra.0
                0x0000000000007552        0x4 zephyr/drivers/can/libdrivers__can.a(can_mcp2515.c.obj)
 .text.mcp2515_tx_done
                0x0000000000007556       0x54 zephyr/drivers/can/libdrivers__can.a(can_mcp2515.c.obj)
 .text.mcp2515_rx
                0x00000000000075aa      0x15e zephyr/drivers/can/libdrivers__can.a(can_mcp2515.c.obj)
 .text.mcp2515_add_rx_filter
                0x0000000000007708       0x70 zephyr/drivers/can/libdrivers__can.a(can_mcp2515.c.obj)
 .text.mcp2515_remove_rx_filter
                0x0000000000007778       0x34 zephyr/drivers/can/libdrivers__can.a(can_mcp2515.c.obj)
 .text.mcp2515_int_gpio_callback
                0x00000000000077ac        0x8 zephyr/drivers/can/libdrivers__can.a(can_mcp2515.c.obj)
 .text.mcp2515_cmd_read_reg.isra.0
                0x00000000000077b4       0x44 zephyr/drivers/can/libdrivers__can.a(can_mcp2515.c.obj)
 .text.spi_write_dt
                0x00000000000077f8       0x18 zephyr/drivers/can/libdrivers__can.a(can_mcp2515.c.obj)
 .text.mcp2515_cmd_bit_modify.isra.0
                0x0000000000007810       0x30 zephyr/drivers/can/libdrivers__can.a(can_mcp2515.c.obj)
 .text.sys_clock_idle_exit
                0x0000000000007840        0x2 zephyr/drivers/timer/libdrivers__timer.a(sys_clock_init.c.obj)
                0x0000000000007840                sys_clock_idle_exit
 .text.event_clear
                0x0000000000007842       0x18 zephyr/drivers/timer/libdrivers__timer.a(nrf_rtc_timer.c.obj)
 .text.sys_clock_cycle_get_32
                0x000000000000785a        0x8 zephyr/drivers/timer/libdrivers__timer.a(nrf_rtc_timer.c.obj)
                0x000000000000785a                sys_clock_cycle_get_32
 .text.pinctrl_lookup_state
                0x0000000000007862       0x26 zephyr/drivers/pinctrl/libdrivers__pinctrl.a(common.c.obj)
                0x0000000000007862                pinctrl_lookup_state
 .text.nrfx_isr
                0x0000000000007888        0x2 modules/hal_nordic/nrfx/libmodules__hal_nordic__nrfx.a(nrfx_glue.c.obj)
                0x0000000000007888                nrfx_isr
 .text.nrfx_busy_wait
                0x000000000000788a        0x4 modules/hal_nordic/nrfx/libmodules__hal_nordic__nrfx.a(nrfx_glue.c.obj)
                0x000000000000788a                nrfx_busy_wait
 .text.clock_stop
                0x000000000000788e       0xb4 modules/hal_nordic/nrfx/libmodules__hal_nordic__nrfx.a(nrfx_clock.c.obj)
 .text.nrfx_clock_enable
                0x0000000000007942       0x1a modules/hal_nordic/nrfx/libmodules__hal_nordic__nrfx.a(nrfx_clock.c.obj)
                0x0000000000007942                nrfx_clock_enable
 .text.nrfx_clock_start
                0x000000000000795c       0x78 modules/hal_nordic/nrfx/libmodules__hal_nordic__nrfx.a(nrfx_clock.c.obj)
                0x000000000000795c                nrfx_clock_start
 .text.nrfx_clock_stop
                0x00000000000079d4        0x4 modules/hal_nordic/nrfx/libmodules__hal_nordic__nrfx.a(nrfx_clock.c.obj)
                0x00000000000079d4                nrfx_clock_stop
 .text.nrf_gpio_reconfigure
                0x00000000000079d8       0x92 modules/hal_nordic/nrfx/libmodules__hal_nordic__nrfx.a(nrfx_gpiote.c.obj)
 .text.nrf_gpio_cfg_sense_set
                0x0000000000007a6a       0x1e modules/hal_nordic/nrfx/libmodules__hal_nordic__nrfx.a(nrfx_gpiote.c.obj)
 .text.nrf_gpio_cfg_default
                0x0000000000007a88       0x1c modules/hal_nordic/nrfx/libmodules__hal_nordic__nrfx.a(nrfx_spi.c.obj)
 .text.nrf_gpio_pin_set
                0x0000000000007aa4       0x1a modules/hal_nordic/nrfx/libmodules__hal_nordic__nrfx.a(nrfx_spi.c.obj)
 .text.nrf_gpio_pin_clear
                0x0000000000007abe       0x1a modules/hal_nordic/nrfx/libmodules__hal_nordic__nrfx.a(nrfx_spi.c.obj)
 .text.transfer_byte
                0x0000000000007ad8       0x66 modules/hal_nordic/nrfx/libmodules__hal_nordic__nrfx.a(nrfx_spi.c.obj)
 .text._GetAvailWriteSpace
                0x0000000000007b3e       0x12 modules/segger/libmodules__segger.a(SEGGER_RTT.c.obj)
 .text._WriteNoCheck
                0x0000000000007b50       0x36 modules/segger/libmodules__segger.a(SEGGER_RTT.c.obj)
 .text._WriteBlocking
                0x0000000000007b86       0x54 modules/segger/libmodules__segger.a(SEGGER_RTT.c.obj)
 .text.SEGGER_RTT_Init
                0x0000000000007bda        0x4 modules/segger/libmodules__segger.a(SEGGER_RTT.c.obj)
                0x0000000000007bda                SEGGER_RTT_Init
 .text.rtt_init
                0x0000000000007bde        0xa modules/segger/libmodules__segger.a(SEGGER_RTT_zephyr.c.obj)
 .text.z_device_state_init
                0x0000000000007be8        0x2 zephyr/kernel/libkernel.a(device.c.obj)
                0x0000000000007be8                z_device_state_init
 .text.z_device_is_ready
                0x0000000000007bea       0x16 zephyr/kernel/libkernel.a(device.c.obj)
                0x0000000000007bea                z_device_is_ready
 .text.z_log_msg_runtime_create.constprop.0
                0x0000000000007c00       0x20 zephyr/kernel/libkernel.a(fatal.c.obj)
 .text.z_early_memset
                0x0000000000007c20        0x4 zephyr/kernel/libkernel.a(init.c.obj)
                0x0000000000007c20                z_early_memset
 .text.z_early_memcpy
                0x0000000000007c24        0x4 zephyr/kernel/libkernel.a(init.c.obj)
                0x0000000000007c24                z_early_memcpy
 .text.k_is_in_isr
                0x0000000000007c28        0xc zephyr/kernel/libkernel.a(thread.c.obj)
                0x0000000000007c28                k_is_in_isr
 .text.z_impl_k_thread_name_set
                0x0000000000007c34        0x6 zephyr/kernel/libkernel.a(thread.c.obj)
                0x0000000000007c34                z_impl_k_thread_name_set
 .text.k_thread_name_get
                0x0000000000007c3a        0x4 zephyr/kernel/libkernel.a(thread.c.obj)
                0x0000000000007c3a                k_thread_name_get
 .text.z_impl_k_thread_start
                0x0000000000007c3e        0x4 zephyr/kernel/libkernel.a(thread.c.obj)
                0x0000000000007c3e                z_impl_k_thread_start
 .text.z_pm_save_idle_exit
                0x0000000000007c42        0xe zephyr/kernel/libkernel.a(idle.c.obj)
                0x0000000000007c42                z_pm_save_idle_exit
 .text.adjust_owner_prio.isra.0
                0x0000000000007c50       0x10 zephyr/kernel/libkernel.a(mutex.c.obj)
 .text.z_impl_k_mutex_init
                0x0000000000007c60        0xe zephyr/kernel/libkernel.a(mutex.c.obj)
                0x0000000000007c60                z_impl_k_mutex_init
 .text.z_impl_k_sem_init
                0x0000000000007c6e       0x18 zephyr/kernel/libkernel.a(sem.c.obj)
                0x0000000000007c6e                z_impl_k_sem_init
 .text.flag_test_and_clear
                0x0000000000007c86       0x16 zephyr/kernel/libkernel.a(work.c.obj)
 .text.notify_queue_locked.isra.0
                0x0000000000007c9c        0xe zephyr/kernel/libkernel.a(work.c.obj)
 .text.z_work_submit_to_queue
                0x0000000000007caa       0x28 zephyr/kernel/libkernel.a(work.c.obj)
                0x0000000000007caa                z_work_submit_to_queue
 .text.k_work_submit_to_queue
                0x0000000000007cd2       0x22 zephyr/kernel/libkernel.a(work.c.obj)
                0x0000000000007cd2                k_work_submit_to_queue
 .text.sys_dlist_remove
                0x0000000000007cf4       0x10 zephyr/kernel/libkernel.a(sched.c.obj)
 .text.unpend_thread_no_timeout
                0x0000000000007d04       0x14 zephyr/kernel/libkernel.a(sched.c.obj)
 .text.z_thread_timeout
                0x0000000000007d18       0x44 zephyr/kernel/libkernel.a(sched.c.obj)
                0x0000000000007d18                z_thread_timeout
 .text.add_to_waitq_locked
                0x0000000000007d5c       0x50 zephyr/kernel/libkernel.a(sched.c.obj)
 .text.z_ready_thread
                0x0000000000007dac       0x20 zephyr/kernel/libkernel.a(sched.c.obj)
                0x0000000000007dac                z_ready_thread
 .text.z_unpend_thread_no_timeout
                0x0000000000007dcc       0x20 zephyr/kernel/libkernel.a(sched.c.obj)
                0x0000000000007dcc                z_unpend_thread_no_timeout
 .text.z_unpend_first_thread
                0x0000000000007dec       0x38 zephyr/kernel/libkernel.a(sched.c.obj)
                0x0000000000007dec                z_unpend_first_thread
 .text.z_reschedule_irqlock
                0x0000000000007e24       0x18 zephyr/kernel/libkernel.a(sched.c.obj)
                0x0000000000007e24                z_reschedule_irqlock
 .text.z_reschedule_unlocked
                0x0000000000007e3c       0x14 zephyr/kernel/libkernel.a(sched.c.obj)
 .text.z_sched_wake
                0x0000000000007e50       0x46 zephyr/kernel/libkernel.a(sched.c.obj)
                0x0000000000007e50                z_sched_wake
 .text.z_abort_timeout
                0x0000000000007e96       0x2c zephyr/kernel/libkernel.a(timeout.c.obj)
                0x0000000000007e96                z_abort_timeout
 .text.z_get_next_timeout_expiry
                0x0000000000007ec2       0x20 zephyr/kernel/libkernel.a(timeout.c.obj)
                0x0000000000007ec2                z_get_next_timeout_expiry
 .text.z_set_timeout_expiry
                0x0000000000007ee2       0x38 zephyr/kernel/libkernel.a(timeout.c.obj)
                0x0000000000007ee2                z_set_timeout_expiry
 .text.sys_clock_tick_get_32
                0x0000000000007f1a        0x8 zephyr/kernel/libkernel.a(timeout.c.obj)
                0x0000000000007f1a                sys_clock_tick_get_32
 .text.z_impl_k_uptime_ticks
                0x0000000000007f22        0x4 zephyr/kernel/libkernel.a(timeout.c.obj)
                0x0000000000007f22                z_impl_k_uptime_ticks
 .text.z_impl_k_busy_wait
                0x0000000000007f26        0x8 zephyr/kernel/libkernel.a(timeout.c.obj)
                0x0000000000007f26                z_impl_k_busy_wait
 .text.k_heap_init
                0x0000000000007f2e       0x12 zephyr/kernel/libkernel.a(kheap.c.obj)
                0x0000000000007f2e                k_heap_init
 .text._OffsetAbsSyms
                0x0000000000007f40        0x2 zephyr/CMakeFiles/offsets.dir/./arch/arm/core/offsets/offsets.c.obj
                0x0000000000007f40                _OffsetAbsSyms
 *(SORT_BY_ALIGNMENT(.TEXT.*))
 *(SORT_BY_ALIGNMENT(.gnu.linkonce.t.*))
 *(SORT_BY_ALIGNMENT(.glue_7t))
 .glue_7t       0x0000000000007f42        0x0 linker stubs
 *(SORT_BY_ALIGNMENT(.glue_7))
 .glue_7        0x0000000000007f42        0x0 linker stubs
 *(SORT_BY_ALIGNMENT(.vfp11_veneer))
 .vfp11_veneer  0x0000000000007f42        0x0 linker stubs
 *(SORT_BY_ALIGNMENT(.v4_bx))
 .v4_bx         0x0000000000007f42        0x0 linker stubs
                0x0000000000007f44                . = ALIGN (0x4)
 *fill*         0x0000000000007f42        0x2 
                0x0000000000007f44                __text_region_end = .

.ARM.exidx      0x0000000000007f44        0x8
                0x0000000000007f44                __exidx_start = .
 *(SORT_BY_ALIGNMENT(.ARM.exidx*) SORT_BY_ALIGNMENT(gnu.linkonce.armexidx.*))
 .ARM.exidx     0x0000000000007f44        0x8 c:/ncs/toolchains/v2.3.0/opt/zephyr-sdk/arm-zephyr-eabi/bin/../lib/gcc/arm-zephyr-eabi/12.1.0/thumb/v7e-m+fp/hard\libgcc.a(_udivmoddi4.o)
                0x0000000000007f4c                __exidx_end = .
                0x0000000000007f4c                __rodata_region_start = .

initlevel       0x0000000000007f4c       0x60
                0x0000000000007f4c                __init_start = .
                0x0000000000007f4c                __init_EARLY_start = .
 *(SORT_BY_NAME(SORT_BY_ALIGNMENT(.z_init_EARLY[0-9]_*)))
 *(SORT_BY_NAME(SORT_BY_ALIGNMENT(.z_init_EARLY[1-9][0-9]_*)))
                0x0000000000007f4c                __init_PRE_KERNEL_1_start = .
 *(SORT_BY_NAME(SORT_BY_ALIGNMENT(.z_init_PRE_KERNEL_1[0-9]_*)))
 .z_init_PRE_KERNEL_10_
                0x0000000000007f4c        0x8 zephyr/soc/arm/nordic_nrf/nrf52/libsoc__arm__nordic_nrf__nrf52.a(soc.c.obj)
 *(SORT_BY_NAME(SORT_BY_ALIGNMENT(.z_init_PRE_KERNEL_1[1-9][0-9]_*)))
 .z_init_PRE_KERNEL_130_
                0x0000000000007f54        0x8 zephyr/drivers/clock_control/libdrivers__clock_control.a(clock_control_nrf.c.obj)
 .z_init_PRE_KERNEL_130_
                0x0000000000007f5c        0x8 modules/segger/libmodules__segger.a(SEGGER_RTT_zephyr.c.obj)
 .z_init_PRE_KERNEL_130_
                0x0000000000007f64        0x8 zephyr/kernel/libkernel.a(kheap.c.obj)
 .z_init_PRE_KERNEL_140_
                0x0000000000007f6c        0x8 zephyr/drivers/console/libdrivers__console.a(rtt_console.c.obj)
 .z_init_PRE_KERNEL_140_
                0x0000000000007f74       0x10 zephyr/drivers/gpio/libdrivers__gpio.a(gpio_nrfx.c.obj)
                0x0000000000007f84                __init_PRE_KERNEL_2_start = .
 *(SORT_BY_NAME(SORT_BY_ALIGNMENT(.z_init_PRE_KERNEL_2[0-9]_*)))
 .z_init_PRE_KERNEL_20_
                0x0000000000007f84        0x8 zephyr/drivers/timer/libdrivers__timer.a(nrf_rtc_timer.c.obj)
 *(SORT_BY_NAME(SORT_BY_ALIGNMENT(.z_init_PRE_KERNEL_2[1-9][0-9]_*)))
                0x0000000000007f8c                __init_POST_KERNEL_start = .
 *(SORT_BY_NAME(SORT_BY_ALIGNMENT(.z_init_POST_KERNEL[0-9]_*)))
 .z_init_POST_KERNEL0_
                0x0000000000007f8c        0x8 zephyr/libzephyr.a(log_core.c.obj)
 *(SORT_BY_NAME(SORT_BY_ALIGNMENT(.z_init_POST_KERNEL[1-9][0-9]_*)))
 .z_init_POST_KERNEL40_
                0x0000000000007f94        0x8 zephyr/kernel/libkernel.a(system_work_q.c.obj)
 .z_init_POST_KERNEL70_
                0x0000000000007f9c        0x8 zephyr/drivers/spi/libdrivers__spi.a(spi_nrfx_spi.c.obj)
 .z_init_POST_KERNEL80_
                0x0000000000007fa4        0x8 zephyr/drivers/can/libdrivers__can.a(can_mcp2515.c.obj)
                0x0000000000007fac                __init_APPLICATION_start = .
 *(SORT_BY_NAME(SORT_BY_ALIGNMENT(.z_init_APPLICATION[0-9]_*)))
 *(SORT_BY_NAME(SORT_BY_ALIGNMENT(.z_init_APPLICATION[1-9][0-9]_*)))
                0x0000000000007fac                __init_SMP_start = .
 *(SORT_BY_NAME(SORT_BY_ALIGNMENT(.z_init_SMP[0-9]_*)))
 *(SORT_BY_NAME(SORT_BY_ALIGNMENT(.z_init_SMP[1-9][0-9]_*)))
                0x0000000000007fac                __init_end = .

devices         0x0000000000007fac       0x78
                0x0000000000007fac                __device_start = .
                0x0000000000007fac                __device_EARLY_start = .
 *(SORT_BY_NAME(SORT_BY_ALIGNMENT(.z_device_EARLY[0-9]_*)))
 *(SORT_BY_NAME(SORT_BY_ALIGNMENT(.z_device_EARLY[1-9][0-9]_*)))
                0x0000000000007fac                __device_PRE_KERNEL_1_start = .
 *(SORT_BY_NAME(SORT_BY_ALIGNMENT(.z_device_PRE_KERNEL_1[0-9]_*)))
 *(SORT_BY_NAME(SORT_BY_ALIGNMENT(.z_device_PRE_KERNEL_1[1-9][0-9]_*)))
 .z_device_PRE_KERNEL_130_
                0x0000000000007fac       0x18 zephyr/drivers/clock_control/libdrivers__clock_control.a(clock_control_nrf.c.obj)
                0x0000000000007fac                __device_dts_ord_64
 .z_device_PRE_KERNEL_140_
                0x0000000000007fc4       0x30 zephyr/drivers/gpio/libdrivers__gpio.a(gpio_nrfx.c.obj)
                0x0000000000007fc4                __device_dts_ord_116
                0x0000000000007fdc                __device_dts_ord_10
                0x0000000000007ff4                __device_PRE_KERNEL_2_start = .
 *(SORT_BY_NAME(SORT_BY_ALIGNMENT(.z_device_PRE_KERNEL_2[0-9]_*)))
 *(SORT_BY_NAME(SORT_BY_ALIGNMENT(.z_device_PRE_KERNEL_2[1-9][0-9]_*)))
                0x0000000000007ff4                __device_POST_KERNEL_start = .
 *(SORT_BY_NAME(SORT_BY_ALIGNMENT(.z_device_POST_KERNEL[0-9]_*)))
 *(SORT_BY_NAME(SORT_BY_ALIGNMENT(.z_device_POST_KERNEL[1-9][0-9]_*)))
 .z_device_POST_KERNEL70_
                0x0000000000007ff4       0x18 zephyr/drivers/spi/libdrivers__spi.a(spi_nrfx_spi.c.obj)
                0x0000000000007ff4                __device_dts_ord_117
 .z_device_POST_KERNEL80_
                0x000000000000800c       0x18 zephyr/drivers/can/libdrivers__can.a(can_mcp2515.c.obj)
                0x000000000000800c                __device_dts_ord_118
                0x0000000000008024                __device_APPLICATION_start = .
 *(SORT_BY_NAME(SORT_BY_ALIGNMENT(.z_device_APPLICATION[0-9]_*)))
 *(SORT_BY_NAME(SORT_BY_ALIGNMENT(.z_device_APPLICATION[1-9][0-9]_*)))
                0x0000000000008024                __device_SMP_start = .
 *(SORT_BY_NAME(SORT_BY_ALIGNMENT(.z_device_SMP[0-9]_*)))
 *(SORT_BY_NAME(SORT_BY_ALIGNMENT(.z_device_SMP[1-9][0-9]_*)))
                0x0000000000008024                __device_end = .

sw_isr_table    0x0000000000008024      0x180
                0x0000000000008024                . = ALIGN (0x4)
 *(SORT_BY_ALIGNMENT(.gnu.linkonce.sw_isr_table*))
 .gnu.linkonce.sw_isr_table
                0x0000000000008024      0x180 zephyr/arch/common/libisr_tables.a(isr_tables.c.obj)
                0x0000000000008024                _sw_isr_table

initlevel_error
                0x0000000000007f4c        0x0
 *(SORT_BY_NAME(SORT_BY_ALIGNMENT(.z_init_[_A-Z0-9]*)))
                0x0000000000000001                ASSERT ((SIZEOF (initlevel_error) == 0x0), Undefined initialization levels used.)

app_shmem_regions
                0x00000000000081a4        0x0
                0x00000000000081a4                __app_shmem_regions_start = .
 *(SORT_BY_NAME(SORT_BY_ALIGNMENT(.app_regions.*)))
                0x00000000000081a4                __app_shmem_regions_end = .

k_p4wq_initparam_area
                0x00000000000081a4        0x0
                0x00000000000081a4                _k_p4wq_initparam_list_start = .
 *(SORT_BY_NAME(SORT_BY_ALIGNMENT(._k_p4wq_initparam.static.*)))
                0x00000000000081a4                _k_p4wq_initparam_list_end = .

_static_thread_data_area
                0x00000000000081a4        0x0
                0x00000000000081a4                __static_thread_data_list_start = .
 *(SORT_BY_NAME(SORT_BY_ALIGNMENT(.__static_thread_data.static.*)))
                0x00000000000081a4                __static_thread_data_list_end = .

device_handles  0x00000000000081a4       0x2a
                0x00000000000081a4                __device_handles_start = .
 *(SORT_BY_NAME(SORT_BY_ALIGNMENT(.__device_handles_pass2*)))
 .__device_handles_pass2
                0x00000000000081a4       0x2a zephyr/CMakeFiles/zephyr_pre1.dir/dev_handles.c.obj
                0x00000000000081a4                __devicehdl_dts_ord_118
                0x00000000000081ae                __devicehdl_dts_ord_117
                0x00000000000081b8                __devicehdl_dts_ord_10
                0x00000000000081c0                __devicehdl_dts_ord_116
                0x00000000000081c8                __devicehdl_dts_ord_64
                0x00000000000081ce                __device_handles_end = .

ztest           0x00000000000081ce        0x0
                0x00000000000081ce                _ztest_expected_result_entry_list_start = .
 *(SORT_BY_NAME(SORT_BY_ALIGNMENT(._ztest_expected_result_entry.static.*)))
                0x00000000000081ce                _ztest_expected_result_entry_list_end = .
                0x00000000000081ce                _ztest_suite_node_list_start = .
 *(SORT_BY_NAME(SORT_BY_ALIGNMENT(._ztest_suite_node.static.*)))
                0x00000000000081ce                _ztest_suite_node_list_end = .
                0x00000000000081ce                _ztest_unit_test_list_start = .
 *(SORT_BY_NAME(SORT_BY_ALIGNMENT(._ztest_unit_test.static.*)))
                0x00000000000081ce                _ztest_unit_test_list_end = .
                0x00000000000081ce                _ztest_test_rule_list_start = .
 *(SORT_BY_NAME(SORT_BY_ALIGNMENT(._ztest_test_rule.static.*)))
                0x00000000000081ce                _ztest_test_rule_list_end = .

bt_l2cap_fixed_chan_area
                0x00000000000081ce        0x0
                0x00000000000081ce                _bt_l2cap_fixed_chan_list_start = .
 *(SORT_BY_NAME(SORT_BY_ALIGNMENT(._bt_l2cap_fixed_chan.static.*)))
                0x00000000000081ce                _bt_l2cap_fixed_chan_list_end = .

bt_gatt_service_static_area
                0x00000000000081ce        0x0
                0x00000000000081ce                _bt_gatt_service_static_list_start = .
 *(SORT_BY_NAME(SORT_BY_ALIGNMENT(._bt_gatt_service_static.static.*)))
                0x00000000000081ce                _bt_gatt_service_static_list_end = .

log_strings_sections
                0x00000000000081ce        0x0
                0x00000000000081ce                __log_strings_start = .
 *(SORT_BY_NAME(SORT_BY_ALIGNMENT(.log_strings*)))
                0x00000000000081ce                __log_strings_end = .

log_const_sections
                0x00000000000081d0       0x80
                0x00000000000081d0                __log_const_start = .
 *(SORT_BY_NAME(SORT_BY_ALIGNMENT(.log_const_*)))
 .log_const_NRFX_CLOCK
                0x00000000000081d0        0x8 modules/hal_nordic/nrfx/libmodules__hal_nordic__nrfx.a(nrfx_clock.c.obj)
                0x00000000000081d0                log_const_NRFX_CLOCK
 .log_const_NRFX_GPIOTE
                0x00000000000081d8        0x8 modules/hal_nordic/nrfx/libmodules__hal_nordic__nrfx.a(nrfx_gpiote.c.obj)
                0x00000000000081d8                log_const_NRFX_GPIOTE
 .log_const_NRFX_SPI
                0x00000000000081e0        0x8 modules/hal_nordic/nrfx/libmodules__hal_nordic__nrfx.a(nrfx_spi.c.obj)
                0x00000000000081e0                log_const_NRFX_SPI
 .log_const_can_common
                0x00000000000081e8        0x8 zephyr/drivers/can/libdrivers__can.a(can_common.c.obj)
                0x00000000000081e8                log_const_can_common
 .log_const_can_mcp2515
                0x00000000000081f0        0x8 zephyr/drivers/can/libdrivers__can.a(can_mcp2515.c.obj)
                0x00000000000081f0                log_const_can_mcp2515
 .log_const_cbprintf_package
                0x00000000000081f8        0x8 zephyr/libzephyr.a(cbprintf_packaged.c.obj)
                0x00000000000081f8                log_const_cbprintf_package
 .log_const_clock_control
                0x0000000000008200        0x8 zephyr/drivers/clock_control/libdrivers__clock_control.a(clock_control_nrf.c.obj)
                0x0000000000008200                log_const_clock_control
 .log_const_fatal_error
                0x0000000000008208        0x8 modules/nrf/lib/fatal_error/lib..__nrf__lib__fatal_error.a(fatal_error.c.obj)
                0x0000000000008208                log_const_fatal_error
 .log_const_log
                0x0000000000008210        0x8 zephyr/libzephyr.a(log_core.c.obj)
                0x0000000000008210                log_const_log
 .log_const_log_mgmt
                0x0000000000008218        0x8 zephyr/libzephyr.a(log_mgmt.c.obj)
                0x0000000000008218                log_const_log_mgmt
 .log_const_mpu
                0x0000000000008220        0x8 zephyr/arch/arch/arm/core/aarch32/mpu/libarch__arm__core__aarch32__mpu.a(arm_core_mpu.c.obj)
                0x0000000000008220                log_const_mpu
 .log_const_os  0x0000000000008228        0x8 zephyr/kernel/libkernel.a(init.c.obj)
                0x0000000000008228                log_const_os
 .log_const_pm  0x0000000000008230        0x8 zephyr/libzephyr.a(pm.c.obj)
                0x0000000000008230                log_const_pm
 .log_const_soc
                0x0000000000008238        0x8 zephyr/soc/arm/nordic_nrf/nrf52/libsoc__arm__nordic_nrf__nrf52.a(soc.c.obj)
                0x0000000000008238                log_const_soc
 .log_const_spi_nrfx_spi
                0x0000000000008240        0x8 zephyr/drivers/spi/libdrivers__spi.a(spi_nrfx_spi.c.obj)
                0x0000000000008240                log_const_spi_nrfx_spi
 .log_const_ttpms
                0x0000000000008248        0x8 app/libapp.a(main.c.obj)
                0x0000000000008248                log_const_ttpms
                0x0000000000008250                __log_const_end = .

log_backend_area
                0x0000000000008250       0x10
                0x0000000000008250                _log_backend_list_start = .
 *(SORT_BY_NAME(SORT_BY_ALIGNMENT(._log_backend.static.*)))
 ._log_backend.static.log_backend_rtt
                0x0000000000008250       0x10 zephyr/libzephyr.a(log_backend_rtt.c.obj)
                0x0000000000008260                _log_backend_list_end = .

log_link_area   0x0000000000008260        0x0
                0x0000000000008260                _log_link_list_start = .
 *(SORT_BY_NAME(SORT_BY_ALIGNMENT(._log_link.static.*)))
                0x0000000000008260                _log_link_list_end = .

tracing_backend_area
                0x0000000000008260        0x0
                0x0000000000008260                _tracing_backend_list_start = .
 *(SORT_BY_NAME(SORT_BY_ALIGNMENT(._tracing_backend.static.*)))
                0x0000000000008260                _tracing_backend_list_end = .

zephyr_dbg_info
 *(SORT_BY_ALIGNMENT(.dbg_thread_info))

symbol_to_keep  0x0000000000008260        0x0
                0x0000000000008260                __symbol_to_keep_start = .
 *(SORT_BY_NAME(SORT_BY_ALIGNMENT(.symbol_to_keep*)))
                0x0000000000008260                __symbol_to_keep_end = .

shell_area      0x0000000000008260        0x0
                0x0000000000008260                _shell_list_start = .
 *(SORT_BY_NAME(SORT_BY_ALIGNMENT(._shell.static.*)))
                0x0000000000008260                _shell_list_end = .

shell_root_cmds_sections
                0x0000000000008260        0x0
                0x0000000000008260                __shell_root_cmds_start = .
 *(SORT_BY_NAME(SORT_BY_ALIGNMENT(.shell_root_cmd_*)))
                0x0000000000008260                __shell_root_cmds_end = .

shell_subcmds_sections
                0x0000000000008260        0x0
                0x0000000000008260                __shell_subcmds_start = .
 *(SORT_BY_NAME(SORT_BY_ALIGNMENT(.shell_subcmd_*)))
                0x0000000000008260                __shell_subcmds_end = .

shell_dynamic_subcmds_sections
                0x0000000000008260        0x0
                0x0000000000008260                __shell_dynamic_subcmds_start = .
 *(SORT_BY_NAME(SORT_BY_ALIGNMENT(.shell_dynamic_subcmd_*)))
                0x0000000000008260                __shell_dynamic_subcmds_end = .

font_entry_sections
                0x0000000000008260        0x0
                0x0000000000008260                __font_entry_start = .
 *(SORT_BY_NAME(SORT_BY_ALIGNMENT(._cfb_font.*)))
                0x0000000000008260                __font_entry_end = .

rodata          0x0000000000008260      0xdf0
 *(SORT_BY_ALIGNMENT(.rodata))
 *(SORT_BY_ALIGNMENT(.rodata.*))
 .rodata.delay_machine_code.0
                0x0000000000008260        0x6 zephyr/soc/arm/nordic_nrf/nrf52/libsoc__arm__nordic_nrf__nrf52.a(soc.c.obj)
 *fill*         0x0000000000008266        0x2 
 .rodata.format_table
                0x0000000000008268       0x10 zephyr/libzephyr.a(log_core.c.obj)
 .rodata.colors
                0x0000000000008278       0x14 zephyr/libzephyr.a(log_output.c.obj)
 .rodata.severity
                0x000000000000828c       0x14 zephyr/libzephyr.a(log_output.c.obj)
 .rodata.log_backend_rtt_api
                0x00000000000082a0       0x1c zephyr/libzephyr.a(log_backend_rtt.c.obj)
                0x00000000000082a0                log_backend_rtt_api
 .rodata.log_output_rtt
                0x00000000000082bc       0x10 zephyr/libzephyr.a(log_backend_rtt.c.obj)
 .rodata.pmstates_DT_N_S_cpus_S_cpu_0
                0x00000000000082cc        0x0 zephyr/libzephyr.a(state.c.obj)
 .rodata.static_regions
                0x00000000000082cc        0xc zephyr/arch/arch/arm/core/aarch32/mpu/libarch__arm__core__aarch32__mpu.a(arm_core_mpu.c.obj)
 .rodata.mpu_config
                0x00000000000082d8        0x8 zephyr/soc/arm/common/cortex_m/libsoc__arm__common__cortex_m.a(arm_mpu_regions.c.obj)
                0x00000000000082d8                mpu_config
 .rodata.mpu_regions
                0x00000000000082e0       0x18 zephyr/soc/arm/common/cortex_m/libsoc__arm__common__cortex_m.a(arm_mpu_regions.c.obj)
 .rodata.transitions.0
                0x00000000000082f8        0xc zephyr/drivers/clock_control/libdrivers__clock_control.a(clock_control_nrf.c.obj)
 .rodata.config
                0x0000000000008304       0x18 zephyr/drivers/clock_control/libdrivers__clock_control.a(clock_control_nrf.c.obj)
 .rodata.clock_control_api
                0x000000000000831c       0x1c zephyr/drivers/clock_control/libdrivers__clock_control.a(clock_control_nrf.c.obj)
 .rodata.gpio_nrfx_p1_cfg
                0x0000000000008338       0x10 zephyr/drivers/gpio/libdrivers__gpio.a(gpio_nrfx.c.obj)
 .rodata.gpio_nrfx_p0_cfg
                0x0000000000008348       0x10 zephyr/drivers/gpio/libdrivers__gpio.a(gpio_nrfx.c.obj)
 .rodata.gpio_nrfx_drv_api_funcs
                0x0000000000008358       0x24 zephyr/drivers/gpio/libdrivers__gpio.a(gpio_nrfx.c.obj)
 .rodata.spi_0z_config
                0x000000000000837c       0x24 zephyr/drivers/spi/libdrivers__spi.a(spi_nrfx_spi.c.obj)
 .rodata.__pinctrl_dev_config__device_dts_ord_117
                0x00000000000083a0        0xc zephyr/drivers/spi/libdrivers__spi.a(spi_nrfx_spi.c.obj)
 .rodata.__pinctrl_states__device_dts_ord_117
                0x00000000000083ac        0x8 zephyr/drivers/spi/libdrivers__spi.a(spi_nrfx_spi.c.obj)
 .rodata.__pinctrl_state_pins_0__device_dts_ord_117
                0x00000000000083b4        0xc zephyr/drivers/spi/libdrivers__spi.a(spi_nrfx_spi.c.obj)
 .rodata.__compound_literal.0
                0x00000000000083c0       0x10 zephyr/drivers/spi/libdrivers__spi.a(spi_nrfx_spi.c.obj)
 .rodata.spi_nrfx_driver_api
                0x00000000000083d0        0x8 zephyr/drivers/spi/libdrivers__spi.a(spi_nrfx_spi.c.obj)
 .rodata.mcp2515_config_0
                0x00000000000083d8       0x38 zephyr/drivers/can/libdrivers__can.a(can_mcp2515.c.obj)
 .rodata.can_api_funcs
                0x0000000000008410       0x48 zephyr/drivers/can/libdrivers__can.a(can_mcp2515.c.obj)
 .rodata._k_neg_eagain
                0x0000000000008458        0x4 zephyr/kernel/libkernel.a(errno.c.obj)
                0x0000000000008458                _k_neg_eagain
 .rodata.CSWTCH.10
                0x000000000000845c       0x14 zephyr/kernel/libkernel.a(fatal.c.obj)
 .rodata.levels.0
                0x0000000000008470       0x18 zephyr/kernel/libkernel.a(init.c.obj)
 .rodata.tx_irq_callback.str1.1
                0x0000000000008488       0x25 app/libapp.a(main.c.obj)
 .rodata.my_work_handler.str1.1
                0x00000000000084ad        0xd app/libapp.a(main.c.obj)
 .rodata.main.str1.1
                0x00000000000084ba       0x56 app/libapp.a(main.c.obj)
 .rodata.str1.1
                0x0000000000008510        0x6 app/libapp.a(main.c.obj)
 .rodata.str1.1
                0x0000000000008516       0x11 zephyr/libzephyr.a(cbprintf_packaged.c.obj)
 .rodata.z_cbvprintf_impl.str1.1
                0x0000000000008527        0x6 zephyr/libzephyr.a(cbprintf_complete.c.obj)
 .rodata.str1.1
                0x000000000000852d        0x4 zephyr/libzephyr.a(log_core.c.obj)
 .rodata.str1.1
                0x0000000000008531        0x9 zephyr/libzephyr.a(log_mgmt.c.obj)
 .rodata.newline_print.str1.1
                0x000000000000853a        0x3 zephyr/libzephyr.a(log_output.c.obj)
                                          0x5 (size before relaxing)
 .rodata.log_output_process.str1.1
                0x000000000000853d       0x4c zephyr/libzephyr.a(log_output.c.obj)
                                         0x51 (size before relaxing)
 .rodata.str1.1
                0x0000000000008589       0x20 zephyr/libzephyr.a(log_output.c.obj)
 .rodata.str1.1
                0x00000000000085a9       0x10 zephyr/libzephyr.a(log_backend_rtt.c.obj)
 .rodata.str1.1
                0x00000000000085b9        0x3 zephyr/libzephyr.a(pm.c.obj)
 .rodata.z_arm_fatal_error.str1.1
                0x00000000000085bc       0xed zephyr/arch/arch/arm/core/aarch32/libarch__arm__core__aarch32.a(fatal.c.obj)
 .rodata.bus_fault.constprop.0.str1.1
                0x00000000000086a9       0xca zephyr/arch/arch/arm/core/aarch32/cortex_m/libarch__arm__core__aarch32__cortex_m.a(fault.c.obj)
 .rodata.usage_fault.constprop.0.str1.1
                0x0000000000008773       0xcd zephyr/arch/arch/arm/core/aarch32/cortex_m/libarch__arm__core__aarch32__cortex_m.a(fault.c.obj)
 .rodata.mem_manage_fault.str1.1
                0x0000000000008840       0x96 zephyr/arch/arch/arm/core/aarch32/cortex_m/libarch__arm__core__aarch32__cortex_m.a(fault.c.obj)
 .rodata.z_arm_fault.str1.1
                0x00000000000088d6      0x111 zephyr/arch/arch/arm/core/aarch32/cortex_m/libarch__arm__core__aarch32__cortex_m.a(fault.c.obj)
 .rodata.str1.1
                0x00000000000089e7        0x4 zephyr/arch/arch/arm/core/aarch32/mpu/libarch__arm__core__aarch32__mpu.a(arm_core_mpu.c.obj)
 .rodata.mpu_configure_regions.str1.1
                0x00000000000089eb       0x49 zephyr/arch/arch/arm/core/aarch32/mpu/libarch__arm__core__aarch32__mpu.a(arm_mpu.c.obj)
 .rodata.str1.1
                0x0000000000008a34        0xf zephyr/soc/arm/common/cortex_m/libsoc__arm__common__cortex_m.a(arm_mpu_regions.c.obj)
 .rodata.str1.1
                0x0000000000008a43        0x4 zephyr/soc/arm/nordic_nrf/nrf52/libsoc__arm__nordic_nrf__nrf52.a(soc.c.obj)
 .rodata.str1.1
                0x0000000000008a47       0x29 zephyr/drivers/clock_control/libdrivers__clock_control.a(clock_control_nrf.c.obj)
 .rodata.str1.1
                0x0000000000008a70       0x1c zephyr/drivers/gpio/libdrivers__gpio.a(gpio_nrfx.c.obj)
 .rodata.spi_nrfx_init.str1.1
                0x0000000000008a8c       0x24 zephyr/drivers/spi/libdrivers__spi.a(spi_nrfx_spi.c.obj)
 .rodata.event_handler.str1.1
                0x0000000000008ab0       0x1e zephyr/drivers/spi/libdrivers__spi.a(spi_nrfx_spi.c.obj)
 .rodata.spi_nrfx_transceive.str1.1
                0x0000000000008ace      0x108 zephyr/drivers/spi/libdrivers__spi.a(spi_nrfx_spi.c.obj)
 .rodata.str1.1
                0x0000000000008bd6       0x1a zephyr/drivers/spi/libdrivers__spi.a(spi_nrfx_spi.c.obj)
 .rodata.str1.1
                0x0000000000008bf0        0xb zephyr/drivers/can/libdrivers__can.a(can_common.c.obj)
 .rodata.mcp2515_set_mode.str1.1
                0x0000000000008bfb       0x18 zephyr/drivers/can/libdrivers__can.a(can_mcp2515.c.obj)
 .rodata.mcp2515_get_state.str1.1
                0x0000000000008c13       0x46 zephyr/drivers/can/libdrivers__can.a(can_mcp2515.c.obj)
 .rodata.mcp2515_send.str1.1
                0x0000000000008c59       0x5c zephyr/drivers/can/libdrivers__can.a(can_mcp2515.c.obj)
 .rodata.mcp2515_int_thread.str1.1
                0x0000000000008cb5       0x5d zephyr/drivers/can/libdrivers__can.a(can_mcp2515.c.obj)
 .rodata.mcp2515_set_timing.str1.1
                0x0000000000008d12       0x63 zephyr/drivers/can/libdrivers__can.a(can_mcp2515.c.obj)
 .rodata.mcp2515_init.str1.1
                0x0000000000008d75       0xb6 zephyr/drivers/can/libdrivers__can.a(can_mcp2515.c.obj)
 .rodata.mcp2515_set_mode_int.str1.1
                0x0000000000008e2b       0x2d zephyr/drivers/can/libdrivers__can.a(can_mcp2515.c.obj)
 .rodata.mcp2515_stop.str1.1
                0x0000000000008e58       0x4f zephyr/drivers/can/libdrivers__can.a(can_mcp2515.c.obj)
 .rodata.mcp2515_start.str1.1
                0x0000000000008ea7       0x42 zephyr/drivers/can/libdrivers__can.a(can_mcp2515.c.obj)
 .rodata.str1.1
                0x0000000000008ee9       0x13 zephyr/drivers/can/libdrivers__can.a(can_mcp2515.c.obj)
 .rodata.z_log_msg_runtime_create.constprop.0.str1.1
                0x0000000000008efc       0x11 modules/nrf/lib/fatal_error/lib..__nrf__lib__fatal_error.a(fatal_error.c.obj)
 .rodata.str1.1
                0x0000000000008f0d        0xc modules/nrf/lib/fatal_error/lib..__nrf__lib__fatal_error.a(fatal_error.c.obj)
 .rodata.str1.1
                0x0000000000008f19        0xb modules/hal_nordic/nrfx/libmodules__hal_nordic__nrfx.a(nrfx_clock.c.obj)
 .rodata.str1.1
                0x0000000000008f24        0xc modules/hal_nordic/nrfx/libmodules__hal_nordic__nrfx.a(nrfx_gpiote.c.obj)
 .rodata.str1.1
                0x0000000000008f30        0x9 modules/hal_nordic/nrfx/libmodules__hal_nordic__nrfx.a(nrfx_spi.c.obj)
 .rodata._DoInit.str1.1
                0x0000000000008f39       0x14 modules/segger/libmodules__segger.a(SEGGER_RTT.c.obj)
 .rodata.z_fatal_error.str1.1
                0x0000000000008f4d       0x77 zephyr/kernel/libkernel.a(fatal.c.obj)
 .rodata.str1.1
                0x0000000000008fc4       0x4a zephyr/kernel/libkernel.a(fatal.c.obj)
 .rodata.z_cstart.str1.1
                0x000000000000900e        0x5 zephyr/kernel/libkernel.a(init.c.obj)
 .rodata.str1.1
                0x0000000000009013        0x3 zephyr/kernel/libkernel.a(init.c.obj)
 .rodata.boot_banner.str1.1
                0x0000000000009016       0x2e zephyr/kernel/libkernel.a(banner.c.obj)
 .rodata.k_sys_work_q_init.str1.1
                0x0000000000009044        0x9 zephyr/kernel/libkernel.a(system_work_q.c.obj)
 *(SORT_BY_ALIGNMENT(.gnu.linkonce.r.*))
                0x0000000000009050                . = ALIGN (0x4)
 *fill*         0x000000000000904d        0x3 
                0x0000000000009050                __rodata_region_end = .
                0x0000000000009060                . = ALIGN (_region_min_align)
                0x0000000000010000                . = ALIGN ((0x1 << ((__rodata_region_end - ADDR (rom_start)) <= 0x4)?0x2:((__rodata_region_end - ADDR (rom_start)) <= 0x8)?0x3:((__rodata_region_end - ADDR (rom_start)) <= 0x10)?0x4:((__rodata_region_end - ADDR (rom_start)) <= 0x20)?0x5:((__rodata_region_end - ADDR (rom_start)) <= 0x40)?0x6:((__rodata_region_end - ADDR (rom_start)) <= 0x80)?0x7:((__rodata_region_end - ADDR (rom_start)) <= 0x100)?0x8:((__rodata_region_end - ADDR (rom_start)) <= 0x200)?0x9:((__rodata_region_end - ADDR (rom_start)) <= 0x400)?0xa:((__rodata_region_end - ADDR (rom_start)) <= 0x800)?0xb:((__rodata_region_end - ADDR (rom_start)) <= 0x1000)?0xc:((__rodata_region_end - ADDR (rom_start)) <= 0x2000)?0xd:((__rodata_region_end - ADDR (rom_start)) <= 0x4000)?0xe:((__rodata_region_end - ADDR (rom_start)) <= 0x8000)?0xf:((__rodata_region_end - ADDR (rom_start)) <= 0x10000)?0x10:((__rodata_region_end - ADDR (rom_start)) <= 0x20000)?0x11:((__rodata_region_end - ADDR (rom_start)) <= 0x40000)?0x12:((__rodata_region_end - ADDR (rom_start)) <= 0x80000)?0x13:((__rodata_region_end - ADDR (rom_start)) <= 0x100000)?0x14:((__rodata_region_end - ADDR (rom_start)) <= 0x200000)?0x15:((__rodata_region_end - ADDR (rom_start)) <= 0x400000)?0x16:((__rodata_region_end - ADDR (rom_start)) <= 0x800000)?0x17:((__rodata_region_end - ADDR (rom_start)) <= 0x1000000)?0x18:((__rodata_region_end - ADDR (rom_start)) <= 0x2000000)?0x19:((__rodata_region_end - ADDR (rom_start)) <= 0x4000000)?0x1a:((__rodata_region_end - ADDR (rom_start)) <= 0x8000000)?0x1b:((__rodata_region_end - ADDR (rom_start)) <= 0x10000000)?0x1c:((__rodata_region_end - ADDR (rom_start)) <= 0x20000000)?0x1d:((__rodata_region_end - ADDR (rom_start)) <= 0x40000000)?0x1e:((__rodata_region_end - ADDR (rom_start)) <= 0x80000000)?0x1f:0x20))
                0x0000000000010000                __rom_region_end = ((__rom_region_start + .) - ADDR (rom_start))

/DISCARD/
 *(SORT_BY_ALIGNMENT(.got.plt))
 *(SORT_BY_ALIGNMENT(.igot.plt))
 *(SORT_BY_ALIGNMENT(.got))
 *(SORT_BY_ALIGNMENT(.igot))
                0x0000000020000000                . = 0x20000000
                0x0000000020000000                . = ALIGN (_region_min_align)
                0x0000000020000000                _image_ram_start = .

.ramfunc        0x0000000020000000        0x0 load address 0x0000000000009050
                0x0000000020000000                . = ALIGN (_region_min_align)
                0x0000000020000000                . = ALIGN ((0x1 << (__ramfunc_size <= 0x4)?0x2:(__ramfunc_size <= 0x8)?0x3:(__ramfunc_size <= 0x10)?0x4:(__ramfunc_size <= 0x20)?0x5:(__ramfunc_size <= 0x40)?0x6:(__ramfunc_size <= 0x80)?0x7:(__ramfunc_size <= 0x100)?0x8:(__ramfunc_size <= 0x200)?0x9:(__ramfunc_size <= 0x400)?0xa:(__ramfunc_size <= 0x800)?0xb:(__ramfunc_size <= 0x1000)?0xc:(__ramfunc_size <= 0x2000)?0xd:(__ramfunc_size <= 0x4000)?0xe:(__ramfunc_size <= 0x8000)?0xf:(__ramfunc_size <= 0x10000)?0x10:(__ramfunc_size <= 0x20000)?0x11:(__ramfunc_size <= 0x40000)?0x12:(__ramfunc_size <= 0x80000)?0x13:(__ramfunc_size <= 0x100000)?0x14:(__ramfunc_size <= 0x200000)?0x15:(__ramfunc_size <= 0x400000)?0x16:(__ramfunc_size <= 0x800000)?0x17:(__ramfunc_size <= 0x1000000)?0x18:(__ramfunc_size <= 0x2000000)?0x19:(__ramfunc_size <= 0x4000000)?0x1a:(__ramfunc_size <= 0x8000000)?0x1b:(__ramfunc_size <= 0x10000000)?0x1c:(__ramfunc_size <= 0x20000000)?0x1d:(__ramfunc_size <= 0x40000000)?0x1e:(__ramfunc_size <= 0x80000000)?0x1f:0x20))
                0x0000000020000000                __ramfunc_start = .
 *(SORT_BY_ALIGNMENT(.ramfunc))
 *(SORT_BY_ALIGNMENT(.ramfunc.*))
                0x0000000020000000                . = ALIGN (_region_min_align)
                0x0000000020000000                . = ALIGN ((0x1 << (__ramfunc_size <= 0x4)?0x2:(__ramfunc_size <= 0x8)?0x3:(__ramfunc_size <= 0x10)?0x4:(__ramfunc_size <= 0x20)?0x5:(__ramfunc_size <= 0x40)?0x6:(__ramfunc_size <= 0x80)?0x7:(__ramfunc_size <= 0x100)?0x8:(__ramfunc_size <= 0x200)?0x9:(__ramfunc_size <= 0x400)?0xa:(__ramfunc_size <= 0x800)?0xb:(__ramfunc_size <= 0x1000)?0xc:(__ramfunc_size <= 0x2000)?0xd:(__ramfunc_size <= 0x4000)?0xe:(__ramfunc_size <= 0x8000)?0xf:(__ramfunc_size <= 0x10000)?0x10:(__ramfunc_size <= 0x20000)?0x11:(__ramfunc_size <= 0x40000)?0x12:(__ramfunc_size <= 0x80000)?0x13:(__ramfunc_size <= 0x100000)?0x14:(__ramfunc_size <= 0x200000)?0x15:(__ramfunc_size <= 0x400000)?0x16:(__ramfunc_size <= 0x800000)?0x17:(__ramfunc_size <= 0x1000000)?0x18:(__ramfunc_size <= 0x2000000)?0x19:(__ramfunc_size <= 0x4000000)?0x1a:(__ramfunc_size <= 0x8000000)?0x1b:(__ramfunc_size <= 0x10000000)?0x1c:(__ramfunc_size <= 0x20000000)?0x1d:(__ramfunc_size <= 0x40000000)?0x1e:(__ramfunc_size <= 0x80000000)?0x1f:0x20))
                0x0000000020000000                __ramfunc_end = .
                0x0000000000000000                __ramfunc_size = (__ramfunc_end - __ramfunc_start)
                0x0000000000009050                __ramfunc_load_start = LOADADDR (.ramfunc)

datas           0x0000000020000000      0x294 load address 0x0000000000009050
                0x0000000020000000                __data_region_start = .
                0x0000000020000000                __data_start = .
 *(SORT_BY_ALIGNMENT(.data))
 *(SORT_BY_ALIGNMENT(.data.*))
 .data.mcp2515_data_0
                0x0000000020000000      0x178 zephyr/drivers/can/libdrivers__can.a(can_mcp2515.c.obj)
 .data.my_work  0x0000000020000178       0x10 app/libapp.a(main.c.obj)