Archive member included to satisfy reference by file (symbol)

app/libapp.a(main.c.obj)      (--whole-archive)
zephyr/libzephyr.a(cbprintf_packaged.c.obj)
                              (--whole-archive)
zephyr/libzephyr.a(dec.c.obj)
                              (--whole-archive)
zephyr/libzephyr.a(fdtable.c.obj)
                              (--whole-archive)
zephyr/libzephyr.a(hex.c.obj)
                              (--whole-archive)
zephyr/libzephyr.a(printk.c.obj)
                              (--whole-archive)
zephyr/libzephyr.a(rb.c.obj)  (--whole-archive)
zephyr/libzephyr.a(sem.c.obj)
                              (--whole-archive)
zephyr/libzephyr.a(thread_entry.c.obj)
                              (--whole-archive)
zephyr/libzephyr.a(timeutil.c.obj)
                              (--whole-archive)
zephyr/libzephyr.a(heap.c.obj)
                              (--whole-archive)
zephyr/libzephyr.a(heap-validate.c.obj)
                              (--whole-archive)
zephyr/libzephyr.a(bitarray.c.obj)
                              (--whole-archive)
zephyr/libzephyr.a(multi_heap.c.obj)
                              (--whole-archive)
zephyr/libzephyr.a(onoff.c.obj)
                              (--whole-archive)
zephyr/libzephyr.a(notify.c.obj)
                              (--whole-archive)
zephyr/libzephyr.a(crc32c_sw.c.obj)
                              (--whole-archive)
zephyr/libzephyr.a(crc32_sw.c.obj)
                              (--whole-archive)
zephyr/libzephyr.a(crc16_sw.c.obj)
                              (--whole-archive)
zephyr/libzephyr.a(crc8_sw.c.obj)
                              (--whole-archive)
zephyr/libzephyr.a(crc7_sw.c.obj)
                              (--whole-archive)
zephyr/libzephyr.a(cbprintf_complete.c.obj)
                              (--whole-archive)
zephyr/libzephyr.a(cbprintf.c.obj)
                              (--whole-archive)
zephyr/libzephyr.a(assert.c.obj)
                              (--whole-archive)
zephyr/libzephyr.a(reboot.c.obj)
                              (--whole-archive)
zephyr/libzephyr.a(configs.c.obj)
                              (--whole-archive)
zephyr/libzephyr.a(soc_nrf_common.S.obj)
                              (--whole-archive)
zephyr/libzephyr.a(validate_base_addresses.c.obj)
                              (--whole-archive)
zephyr/libzephyr.a(validate_enabled_instances.c.obj)
                              (--whole-archive)
zephyr/libzephyr.a(log_core.c.obj)
                              (--whole-archive)
zephyr/libzephyr.a(log_mgmt.c.obj)
                              (--whole-archive)
zephyr/libzephyr.a(log_cache.c.obj)
                              (--whole-archive)
zephyr/libzephyr.a(log_msg.c.obj)
                              (--whole-archive)
zephyr/libzephyr.a(log_output.c.obj)
                              (--whole-archive)
zephyr/libzephyr.a(log_backend_rtt.c.obj)
                              (--whole-archive)
zephyr/libzephyr.a(pm.c.obj)  (--whole-archive)
zephyr/libzephyr.a(policy.c.obj)
                              (--whole-archive)
zephyr/libzephyr.a(state.c.obj)
                              (--whole-archive)
zephyr/libzephyr.a(tracing_none.c.obj)
                              (--whole-archive)
zephyr/arch/common/libarch__common.a(sw_isr_common.c.obj)
                              (--whole-archive)
zephyr/arch/arch/arm/core/aarch32/libarch__arm__core__aarch32.a(cpu_idle.S.obj)
                              (--whole-archive)
zephyr/arch/arch/arm/core/aarch32/libarch__arm__core__aarch32.a(fatal.c.obj)
                              (--whole-archive)
zephyr/arch/arch/arm/core/aarch32/libarch__arm__core__aarch32.a(irq_manage.c.obj)
                              (--whole-archive)
zephyr/arch/arch/arm/core/aarch32/libarch__arm__core__aarch32.a(nmi.c.obj)
                              (--whole-archive)
zephyr/arch/arch/arm/core/aarch32/libarch__arm__core__aarch32.a(nmi_on_reset.S.obj)
                              (--whole-archive)
zephyr/arch/arch/arm/core/aarch32/libarch__arm__core__aarch32.a(prep_c.c.obj)
                              (--whole-archive)
zephyr/arch/arch/arm/core/aarch32/libarch__arm__core__aarch32.a(swap.c.obj)
                              (--whole-archive)
zephyr/arch/arch/arm/core/aarch32/libarch__arm__core__aarch32.a(swap_helper.S.obj)
                              (--whole-archive)
zephyr/arch/arch/arm/core/aarch32/libarch__arm__core__aarch32.a(thread.c.obj)
                              (--whole-archive)
zephyr/arch/arch/arm/core/aarch32/libarch__arm__core__aarch32.a(isr_wrapper.S.obj)
                              (--whole-archive)
zephyr/arch/arch/arm/core/aarch32/cortex_m/libarch__arm__core__aarch32__cortex_m.a(exc_exit.S.obj)
                              (--whole-archive)
zephyr/arch/arch/arm/core/aarch32/cortex_m/libarch__arm__core__aarch32__cortex_m.a(fault.c.obj)
                              (--whole-archive)
[...]
Memory Configuration

Name             Origin             Length             Attributes
FLASH            0x0000000000000000 0x0000000000080000 xr
RAM              0x0000000020000000 0x0000000000020000 xw
IDT_LIST         0x00000000fffff7ff 0x0000000000000800 xw
*default*        0x0000000000000000 0xffffffffffffffff

Linker script and memory map

LOAD zephyr/CMakeFiles/zephyr_final.dir/misc/empty_file.c.obj
LOAD zephyr/CMakeFiles/zephyr_final.dir/dev_handles.c.obj
LOAD zephyr/CMakeFiles/zephyr_final.dir/isr_tables.c.obj
                0x0000000000000020                _region_min_align = 0x20

.rel.plt        0x0000000000000000        0x0
 *(SORT_BY_ALIGNMENT(.rel.plt))
                [!provide]                        PROVIDE (__rel_iplt_start = .)
 *(SORT_BY_ALIGNMENT(.rel.iplt))
 .rel.iplt      0x0000000000000000        0x0 zephyr/CMakeFiles/zephyr_final.dir/isr_tables.c.obj
                [!provide]                        PROVIDE (__rel_iplt_end = .)

.rela.plt       0x0000000000000000        0x0
 *(SORT_BY_ALIGNMENT(.rela.plt))
                [!provide]                        PROVIDE (__rela_iplt_start = .)
 *(SORT_BY_ALIGNMENT(.rela.iplt))
                [!provide]                        PROVIDE (__rela_iplt_end = .)

.rel.dyn
 *(SORT_BY_ALIGNMENT(.rel.*))

.rela.dyn
 *(SORT_BY_ALIGNMENT(.rela.*))

/DISCARD/
 *(SORT_BY_ALIGNMENT(.plt))

/DISCARD/
 *(SORT_BY_ALIGNMENT(.iplt))
                0x0000000000000000                __rom_region_start = 0x0

rom_start       0x0000000000000000      0x100
                0x0000000000000000                . = 0x0
                0x0000000000000000                . = ALIGN (0x4)
                0x0000000000000000                . = ALIGN (0x80)
                0x0000000000000000                . = ALIGN (0x100)
                0x0000000000000000                _vector_start = .
 *(SORT_BY_ALIGNMENT(.exc_vector_table))
 *(SORT_BY_ALIGNMENT(.exc_vector_table.*))
 .exc_vector_table._vector_table_section
                0x0000000000000000       0x40 zephyr/arch/arch/arm/core/aarch32/cortex_m/libarch__arm__core__aarch32__cortex_m.a(vector_table.S.obj)
                0x0000000000000000                _vector_table
 *(SORT_BY_ALIGNMENT(.vectors))
                0x0000000000000100                _vector_end = .
                0x0000000000000040                . = ALIGN (0x4)
 *(SORT_BY_ALIGNMENT(.gnu.linkonce.irq_vector_table*))
 .gnu.linkonce.irq_vector_table
                0x0000000000000040       0xc0 zephyr/CMakeFiles/zephyr_final.dir/isr_tables.c.obj
                0x0000000000000040                _irq_vector_table
                0x0000000000000100                _vector_end = .

text            0x0000000000000100     0x78fc
                0x0000000000000100                __text_region_start = .
 *(SORT_BY_ALIGNMENT(.text))
 .text          0x0000000000000100       0x30 c:/ncs/toolchains/v2.3.0/opt/zephyr-sdk/arm-zephyr-eabi/bin/../lib/gcc/arm-zephyr-eabi/12.1.0/thumb/v7e-m+fp/hard\libgcc.a(_aeabi_uldivmod.o)
                0x0000000000000100                __aeabi_uldivmod
 .text          0x0000000000000130        0x4 c:/ncs/toolchains/v2.3.0/opt/zephyr-sdk/arm-zephyr-eabi/bin/../lib/gcc/arm-zephyr-eabi/12.1.0/thumb/v7e-m+fp/hard\libgcc.a(_dvmd_tls.o)
                0x0000000000000130                __aeabi_idiv0
                0x0000000000000130                __aeabi_ldiv0
 .text          0x0000000000000134      0x2a0 c:/ncs/toolchains/v2.3.0/opt/zephyr-sdk/arm-zephyr-eabi/bin/../lib/gcc/arm-zephyr-eabi/12.1.0/thumb/v7e-m+fp/hard\libgcc.a(_udivmoddi4.o)
                0x0000000000000134                __udivmoddi4
 *(SORT_BY_ALIGNMENT(.text.*))
 *fill*         0x00000000000003d4        0x4 
 .text.z_cbvprintf_impl
                0x00000000000003d8      0xcd8 zephyr/libzephyr.a(cbprintf_complete.c.obj)
                0x00000000000003d8                z_cbvprintf_impl
 .text.tx_irq_callback
                0x00000000000010b0       0x2c app/libapp.a(main.c.obj)
                0x00000000000010b0                tx_irq_callback
 .text.main     0x00000000000010dc       0xb0 app/libapp.a(main.c.obj)
                0x00000000000010dc                main
 .text.cbvprintf_package
                0x000000000000118c      0x3ac zephyr/libzephyr.a(cbprintf_packaged.c.obj)
                0x000000000000118c                cbvprintf_package
 .text.__printk_hook_install
                0x0000000000001538        0xc zephyr/libzephyr.a(printk.c.obj)
                0x0000000000001538                __printk_hook_install
 .text.process_event
                0x0000000000001544      0x21c zephyr/libzephyr.a(onoff.c.obj)
 .text.z_arm_platform_init
                0x0000000000001760        0x4 zephyr/libzephyr.a(soc_nrf_common.S.obj)
                0x0000000000001760                z_arm_platform_init
 .text.z_log_init.isra.0
                0x0000000000001764       0xd0 zephyr/libzephyr.a(log_core.c.obj)
 .text.log_format_func_t_get
                0x0000000000001834        0xc zephyr/libzephyr.a(log_core.c.obj)
                0x0000000000001834                log_format_func_t_get
 .text.log_set_timestamp_func
                0x0000000000001840       0x20 zephyr/libzephyr.a(log_core.c.obj)
                0x0000000000001840                log_set_timestamp_func
 .text.log_core_init
                0x0000000000001860       0x20 zephyr/libzephyr.a(log_core.c.obj)
                0x0000000000001860                log_core_init
 .text.z_impl_log_panic
                0x0000000000001880       0x3c zephyr/libzephyr.a(log_core.c.obj)
                0x0000000000001880                z_impl_log_panic
 .text.z_log_dropped
                0x00000000000018bc       0x30 zephyr/libzephyr.a(log_core.c.obj)
                0x00000000000018bc                z_log_dropped
 .text.z_log_msg_commit
                0x00000000000018ec       0x38 zephyr/libzephyr.a(log_core.c.obj)
                0x00000000000018ec                z_log_msg_commit
 .text.log_source_name_get
                0x0000000000001924       0x1c zephyr/libzephyr.a(log_mgmt.c.obj)
                0x0000000000001924                log_source_name_get
 .text.log_backend_enable
                0x0000000000001940       0x28 zephyr/libzephyr.a(log_mgmt.c.obj)
                0x0000000000001940                log_backend_enable
 .text.z_impl_z_log_msg_runtime_vcreate
                0x0000000000001968       0x94 zephyr/libzephyr.a(log_msg.c.obj)
                0x0000000000001968                z_impl_z_log_msg_runtime_vcreate
 .text.print_formatted
                0x00000000000019fc       0x24 zephyr/libzephyr.a(log_output.c.obj)
 .text.newline_print
                0x0000000000001a20       0x1c zephyr/libzephyr.a(log_output.c.obj)
 .text.log_output_process
                0x0000000000001a3c      0x2a4 zephyr/libzephyr.a(log_output.c.obj)
                0x0000000000001a3c                log_output_process
 .text.log_output_msg_process
                0x0000000000001ce0       0x6c zephyr/libzephyr.a(log_output.c.obj)
                0x0000000000001ce0                log_output_msg_process
 .text.log_output_timestamp_freq_set
                0x0000000000001d4c       0x2c zephyr/libzephyr.a(log_output.c.obj)
                0x0000000000001d4c                log_output_timestamp_freq_set
 .text.log_backend_rtt_init
                0x0000000000001d78        0xc zephyr/libzephyr.a(log_backend_rtt.c.obj)
 .text.format_set
                0x0000000000001d84        0xc zephyr/libzephyr.a(log_backend_rtt.c.obj)
 .text.panic    0x0000000000001d90       0x14 zephyr/libzephyr.a(log_backend_rtt.c.obj)
 .text.process  0x0000000000001da4       0x24 zephyr/libzephyr.a(log_backend_rtt.c.obj)
 .text.data_out_block_mode
                0x0000000000001dc8       0x70 zephyr/libzephyr.a(log_backend_rtt.c.obj)
 .text.pm_state_notify
                0x0000000000001e38       0x5c zephyr/libzephyr.a(pm.c.obj)
 .text.pm_system_resume
                0x0000000000001e94       0x78 zephyr/libzephyr.a(pm.c.obj)
                0x0000000000001e94                pm_system_resume
 .text.pm_system_suspend
                0x0000000000001f0c       0xf8 zephyr/libzephyr.a(pm.c.obj)
                0x0000000000001f0c                pm_system_suspend
 .text.pm_policy_next_state
                0x0000000000002004       0x94 zephyr/libzephyr.a(policy.c.obj)
                0x0000000000002004                pm_policy_next_state
 .text.pm_state_cpu_get_all
                0x0000000000002098       0x10 zephyr/libzephyr.a(state.c.obj)
                0x0000000000002098                pm_state_cpu_get_all
 .text.z_arm_cpu_idle_init
                0x00000000000020a8        0xc zephyr/arch/arch/arm/core/aarch32/libarch__arm__core__aarch32.a(cpu_idle.S.obj)
                0x00000000000020a8                z_arm_cpu_idle_init
 .text.arch_cpu_idle
                0x00000000000020b4       0x1c zephyr/arch/arch/arm/core/aarch32/libarch__arm__core__aarch32.a(cpu_idle.S.obj)
                0x00000000000020b4                arch_cpu_idle
 .text.arch_cpu_atomic_idle
                0x00000000000020d0       0x18 zephyr/arch/arch/arm/core/aarch32/libarch__arm__core__aarch32.a(cpu_idle.S.obj)
                0x00000000000020d0                arch_cpu_atomic_idle
 .text.z_arm_fatal_error
                0x00000000000020e8      0x128 zephyr/arch/arch/arm/core/aarch32/libarch__arm__core__aarch32.a(fatal.c.obj)
                0x00000000000020e8                z_arm_fatal_error
 .text.arch_irq_enable
                0x0000000000002210       0x1c zephyr/arch/arch/arm/core/aarch32/libarch__arm__core__aarch32.a(irq_manage.c.obj)
                0x0000000000002210                arch_irq_enable
 .text.arch_irq_disable
                0x000000000000222c       0x28 zephyr/arch/arch/arm/core/aarch32/libarch__arm__core__aarch32.a(irq_manage.c.obj)
                0x000000000000222c                arch_irq_disable
 .text.arch_irq_is_enabled
                0x0000000000002254       0x1c zephyr/arch/arch/arm/core/aarch32/libarch__arm__core__aarch32.a(irq_manage.c.obj)
                0x0000000000002254                arch_irq_is_enabled
 .text.z_arm_irq_priority_set
                0x0000000000002270       0x30 zephyr/arch/arch/arm/core/aarch32/libarch__arm__core__aarch32.a(irq_manage.c.obj)
                0x0000000000002270                z_arm_irq_priority_set
 .text.z_SysNmiOnReset
                0x00000000000022a0        0x8 zephyr/arch/arch/arm/core/aarch32/libarch__arm__core__aarch32.a(nmi_on_reset.S.obj)
                0x00000000000022a0                z_SysNmiOnReset
 .text.z_arm_prep_c
                0x00000000000022a8       0x5c zephyr/arch/arch/arm/core/aarch32/libarch__arm__core__aarch32.a(prep_c.c.obj)
                0x00000000000022a8                z_arm_prep_c
 .text.arch_swap
                0x0000000000002304       0x34 zephyr/arch/arch/arm/core/aarch32/libarch__arm__core__aarch32.a(swap.c.obj)
                0x0000000000002304                arch_swap
 .text.z_arm_pendsv
                0x0000000000002338       0x90 zephyr/arch/arch/arm/core/aarch32/libarch__arm__core__aarch32.a(swap_helper.S.obj)
                0x0000000000002338                z_arm_pendsv
 .text.z_arm_svc
                0x00000000000023c8       0x20 zephyr/arch/arch/arm/core/aarch32/libarch__arm__core__aarch32.a(swap_helper.S.obj)
                0x00000000000023c8                z_arm_svc
 .text.arch_new_thread
                0x00000000000023e8       0x60 zephyr/arch/arch/arm/core/aarch32/libarch__arm__core__aarch32.a(thread.c.obj)
                0x00000000000023e8                arch_new_thread
 .text.z_arm_mpu_stack_guard_and_fpu_adjust
                0x0000000000002448       0x70 zephyr/arch/arch/arm/core/aarch32/libarch__arm__core__aarch32.a(thread.c.obj)
                0x0000000000002448                z_arm_mpu_stack_guard_and_fpu_adjust
 .text.z_check_thread_stack_fail
                0x00000000000024b8       0x38 zephyr/arch/arch/arm/core/aarch32/libarch__arm__core__aarch32.a(thread.c.obj)
                0x00000000000024b8                z_check_thread_stack_fail
 .text.arch_switch_to_main_thread
                0x00000000000024f0       0x48 zephyr/arch/arch/arm/core/aarch32/libarch__arm__core__aarch32.a(thread.c.obj)
                0x00000000000024f0                arch_switch_to_main_thread
 .text._isr_wrapper
                0x0000000000002538       0x40 zephyr/arch/arch/arm/core/aarch32/libarch__arm__core__aarch32.a(isr_wrapper.S.obj)
                0x0000000000002538                _isr_wrapper
 .text._HandlerModeExit
                0x0000000000002578       0x1c zephyr/arch/arch/arm/core/aarch32/cortex_m/libarch__arm__core__aarch32__cortex_m.a(exc_exit.S.obj)
                0x0000000000002578                z_arm_int_exit
                0x0000000000002578                z_arm_exc_exit
 .text.bus_fault.constprop.0
                0x0000000000002594      0x11c zephyr/arch/arch/arm/core/aarch32/cortex_m/libarch__arm__core__aarch32__cortex_m.a(fault.c.obj)
 .text.usage_fault.constprop.0
                0x00000000000026b0       0xf8 zephyr/arch/arch/arm/core/aarch32/cortex_m/libarch__arm__core__aarch32__cortex_m.a(fault.c.obj)
 .text.mem_manage_fault
                0x00000000000027a8      0x154 zephyr/arch/arch/arm/core/aarch32/cortex_m/libarch__arm__core__aarch32__cortex_m.a(fault.c.obj)
 .text.z_arm_fault
                0x00000000000028fc      0x200 zephyr/arch/arch/arm/core/aarch32/cortex_m/libarch__arm__core__aarch32__cortex_m.a(fault.c.obj)
                0x00000000000028fc                z_arm_fault
 .text.z_arm_fault_init
                0x0000000000002afc       0x10 zephyr/arch/arch/arm/core/aarch32/cortex_m/libarch__arm__core__aarch32__cortex_m.a(fault.c.obj)
                0x0000000000002afc                z_arm_fault_init
 .text.__fault  0x0000000000002b0c       0x14 zephyr/arch/arch/arm/core/aarch32/cortex_m/libarch__arm__core__aarch32__cortex_m.a(fault_s.S.obj)
                0x0000000000002b0c                z_arm_usage_fault
                0x0000000000002b0c                z_arm_mpu_fault
                0x0000000000002b0c                z_arm_exc_spurious
                0x0000000000002b0c                z_arm_debug_monitor
                0x0000000000002b0c                z_arm_hard_fault
                0x0000000000002b0c                z_arm_bus_fault
 .text.z_arm_interrupt_init
                0x0000000000002b20       0x18 zephyr/arch/arch/arm/core/aarch32/cortex_m/libarch__arm__core__aarch32__cortex_m.a(irq_init.c.obj)
                0x0000000000002b20                z_arm_interrupt_init
 .text._reset_section
                0x0000000000002b38       0x54 zephyr/arch/arch/arm/core/aarch32/cortex_m/libarch__arm__core__aarch32__cortex_m.a(reset.S.obj)
                0x0000000000002b38                __start
                0x0000000000002b38                z_arm_reset
 .text.z_arm_clear_arm_mpu_config
                0x0000000000002b8c       0x24 zephyr/arch/arch/arm/core/aarch32/cortex_m/libarch__arm__core__aarch32__cortex_m.a(scb.c.obj)
                0x0000000000002b8c                z_arm_clear_arm_mpu_config
 .text.z_arm_init_arch_hw_at_boot
                0x0000000000002bb0       0x64 zephyr/arch/arch/arm/core/aarch32/cortex_m/libarch__arm__core__aarch32__cortex_m.a(scb.c.obj)
                0x0000000000002bb0                z_arm_init_arch_hw_at_boot
 .text.z_impl_k_thread_abort
                0x0000000000002c14       0x2c zephyr/arch/arch/arm/core/aarch32/cortex_m/libarch__arm__core__aarch32__cortex_m.a(thread_abort.c.obj)
                0x0000000000002c14                z_impl_k_thread_abort
 .text.z_arm_configure_static_mpu_regions
                0x0000000000002c40       0x18 zephyr/arch/arch/arm/core/aarch32/mpu/libarch__arm__core__aarch32__mpu.a(arm_core_mpu.c.obj)
                0x0000000000002c40                z_arm_configure_static_mpu_regions
 .text.z_arm_configure_dynamic_mpu_regions
                0x0000000000002c58       0x2c zephyr/arch/arch/arm/core/aarch32/mpu/libarch__arm__core__aarch32__mpu.a(arm_core_mpu.c.obj)
                0x0000000000002c58                z_arm_configure_dynamic_mpu_regions
 .text.mpu_configure_regions
                0x0000000000002c84       0xb4 zephyr/arch/arch/arm/core/aarch32/mpu/libarch__arm__core__aarch32__mpu.a(arm_mpu.c.obj)
 .text.arm_core_mpu_enable
                0x0000000000002d38       0x18 zephyr/arch/arch/arm/core/aarch32/mpu/libarch__arm__core__aarch32__mpu.a(arm_mpu.c.obj)
                0x0000000000002d38                arm_core_mpu_enable
 .text.arm_core_mpu_disable
                0x0000000000002d50       0x14 zephyr/arch/arch/arm/core/aarch32/mpu/libarch__arm__core__aarch32__mpu.a(arm_mpu.c.obj)
                0x0000000000002d50                arm_core_mpu_disable
 .text.arm_core_mpu_configure_static_mpu_regions
                0x0000000000002d64       0x14 zephyr/arch/arch/arm/core/aarch32/mpu/libarch__arm__core__aarch32__mpu.a(arm_mpu.c.obj)
                0x0000000000002d64                arm_core_mpu_configure_static_mpu_regions
 .text.arm_core_mpu_configure_dynamic_mpu_regions
                0x0000000000002d78       0x30 zephyr/arch/arch/arm/core/aarch32/mpu/libarch__arm__core__aarch32__mpu.a(arm_mpu.c.obj)
                0x0000000000002d78                arm_core_mpu_configure_dynamic_mpu_regions
 .text.z_arm_mpu_init
                0x0000000000002da8       0x60 zephyr/arch/arch/arm/core/aarch32/mpu/libarch__arm__core__aarch32__mpu.a(arm_mpu.c.obj)
                0x0000000000002da8                z_arm_mpu_init
 .text.__stdout_hook_install
                0x0000000000002e08        0xc zephyr/lib/libc/minimal/liblib__libc__minimal.a(stdout_console.c.obj)
                0x0000000000002e08                __stdout_hook_install
 .text.nordicsemi_nrf52_init
                0x0000000000002e14       0x30 zephyr/soc/arm/nordic_nrf/nrf52/libsoc__arm__nordic_nrf__nrf52.a(soc.c.obj)
 .text.sys_arch_reboot
                0x0000000000002e44       0x2c zephyr/soc/arm/nordic_nrf/nrf52/libsoc__arm__nordic_nrf__nrf52.a(soc.c.obj)
                0x0000000000002e44                sys_arch_reboot
 .text.arch_busy_wait
                0x0000000000002e70       0x14 zephyr/soc/arm/nordic_nrf/nrf52/libsoc__arm__nordic_nrf__nrf52.a(soc.c.obj)
                0x0000000000002e70                arch_busy_wait
 .text.onoff_stop
                0x0000000000002e84       0x30 zephyr/drivers/clock_control/libdrivers__clock_control.a(clock_control_nrf.c.obj)
 .text.onoff_start
                0x0000000000002eb4       0x44 zephyr/drivers/clock_control/libdrivers__clock_control.a(clock_control_nrf.c.obj)
 .text.clk_init
                0x0000000000002ef8       0x58 zephyr/drivers/clock_control/libdrivers__clock_control.a(clock_control_nrf.c.obj)
 .text.clkstarted_handle.constprop.0
                0x0000000000002f50       0x34 zephyr/drivers/clock_control/libdrivers__clock_control.a(clock_control_nrf.c.obj)
 .text.clock_event_handler
                0x0000000000002f84       0x1c zephyr/drivers/clock_control/libdrivers__clock_control.a(clock_control_nrf.c.obj)
 .text.generic_hfclk_start
                0x0000000000002fa0       0x64 zephyr/drivers/clock_control/libdrivers__clock_control.a(clock_control_nrf.c.obj)
 .text.api_blocking_start
                0x0000000000003004       0x34 zephyr/drivers/clock_control/libdrivers__clock_control.a(clock_control_nrf.c.obj)
 .text.generic_hfclk_stop
                0x0000000000003038       0x34 zephyr/drivers/clock_control/libdrivers__clock_control.a(clock_control_nrf.c.obj)
 .text.z_nrf_clock_control_lf_on
                0x000000000000306c       0xfc zephyr/drivers/clock_control/libdrivers__clock_control.a(clock_control_nrf.c.obj)
                0x000000000000306c                z_nrf_clock_control_lf_on
 .text.rtt_console_init
                0x0000000000003168       0x18 zephyr/drivers/console/libdrivers__console.a(rtt_console.c.obj)
 .text.rtt_console_out
                0x0000000000003180       0x54 zephyr/drivers/console/libdrivers__console.a(rtt_console.c.obj)
 .text.gpio_nrfx_pin_interrupt_configure
                0x00000000000031d4       0xd4 zephyr/drivers/gpio/libdrivers__gpio.a(gpio_nrfx.c.obj)
 .text.gpio_nrfx_init
                0x00000000000032a8       0x38 zephyr/drivers/gpio/libdrivers__gpio.a(gpio_nrfx.c.obj)
 .text.nrfx_gpio_handler
                0x00000000000032e0       0x4c zephyr/drivers/gpio/libdrivers__gpio.a(gpio_nrfx.c.obj)
 .text.gpio_nrfx_pin_configure
                0x000000000000332c      0x128 zephyr/drivers/gpio/libdrivers__gpio.a(gpio_nrfx.c.obj)
 .text.spi_nrfx_init
                0x0000000000003454       0xc4 zephyr/drivers/spi/libdrivers__spi.a(spi_nrfx_spi.c.obj)
 .text.transfer_next_chunk
                0x0000000000003518       0x80 zephyr/drivers/spi/libdrivers__spi.a(spi_nrfx_spi.c.obj)
 .text.event_handler
                0x0000000000003598       0xc0 zephyr/drivers/spi/libdrivers__spi.a(spi_nrfx_spi.c.obj)
 .text.spi_nrfx_transceive
                0x0000000000003658      0x2dc zephyr/drivers/spi/libdrivers__spi.a(spi_nrfx_spi.c.obj)
 .text.z_impl_can_send
                0x0000000000003934       0x68 zephyr/drivers/can/libdrivers__can.a(can_common.c.obj)
                0x0000000000003934                z_impl_can_send
 .text.z_impl_can_calc_timing
                0x000000000000399c      0x164 zephyr/drivers/can/libdrivers__can.a(can_common.c.obj)
                0x000000000000399c                z_impl_can_calc_timing
 .text.mcp2515_set_mode
                0x0000000000003b00       0x50 zephyr/drivers/can/libdrivers__can.a(can_mcp2515.c.obj)
 .text.mcp2515_get_state
                0x0000000000003b50       0xa0 zephyr/drivers/can/libdrivers__can.a(can_mcp2515.c.obj)
 .text.mcp2515_send
                0x0000000000003bf0      0x194 zephyr/drivers/can/libdrivers__can.a(can_mcp2515.c.obj)
 .text.mcp2515_int_thread
                0x0000000000003d84      0x180 zephyr/drivers/can/libdrivers__can.a(can_mcp2515.c.obj)
 .text.mcp2515_set_timing
                0x0000000000003f04       0xf8 zephyr/drivers/can/libdrivers__can.a(can_mcp2515.c.obj)
 .text.mcp2515_init
                0x0000000000003ffc      0x254 zephyr/drivers/can/libdrivers__can.a(can_mcp2515.c.obj)
 .text.mcp2515_set_mode_int
                0x0000000000004250       0x78 zephyr/drivers/can/libdrivers__can.a(can_mcp2515.c.obj)
                0x0000000000004250                mcp2515_set_mode_int
 .text.mcp2515_stop
                0x00000000000042c8       0xc0 zephyr/drivers/can/libdrivers__can.a(can_mcp2515.c.obj)
 .text.mcp2515_start
                0x0000000000004388       0xa8 zephyr/drivers/can/libdrivers__can.a(can_mcp2515.c.obj)
 .text.compare_int_lock
                0x0000000000004430       0x48 zephyr/drivers/timer/libdrivers__timer.a(nrf_rtc_timer.c.obj)
 .text.sys_clock_timeout_handler
                0x0000000000004478       0x48 zephyr/drivers/timer/libdrivers__timer.a(nrf_rtc_timer.c.obj)
 .text.compare_int_unlock
                0x00000000000044c0       0x5c zephyr/drivers/timer/libdrivers__timer.a(nrf_rtc_timer.c.obj)
 .text.z_nrf_rtc_timer_read
                0x000000000000451c       0x44 zephyr/drivers/timer/libdrivers__timer.a(nrf_rtc_timer.c.obj)
                0x000000000000451c                z_nrf_rtc_timer_read
 .text.compare_set
                0x0000000000004560      0x11c zephyr/drivers/timer/libdrivers__timer.a(nrf_rtc_timer.c.obj)
 .text.sys_clock_driver_init
                0x000000000000467c       0x80 zephyr/drivers/timer/libdrivers__timer.a(nrf_rtc_timer.c.obj)
 .text.rtc_nrf_isr
                0x00000000000046fc       0xd4 zephyr/drivers/timer/libdrivers__timer.a(nrf_rtc_timer.c.obj)
                0x00000000000046fc                rtc_nrf_isr
 .text.sys_clock_set_timeout
                0x00000000000047d0       0x64 zephyr/drivers/timer/libdrivers__timer.a(nrf_rtc_timer.c.obj)
                0x00000000000047d0                sys_clock_set_timeout
 .text.sys_clock_elapsed
                0x0000000000004834       0x14 zephyr/drivers/timer/libdrivers__timer.a(nrf_rtc_timer.c.obj)
                0x0000000000004834                sys_clock_elapsed
 .text.pinctrl_configure_pins
                0x0000000000004848       0xc0 zephyr/drivers/pinctrl/libdrivers__pinctrl.a(pinctrl_nrf.c.obj)
                0x0000000000004848                pinctrl_configure_pins
 .text.z_log_msg_runtime_create.constprop.0
                0x0000000000004908       0x24 modules/nrf/lib/fatal_error/lib..__nrf__lib__fatal_error.a(fatal_error.c.obj)
 .text.k_sys_fatal_error_handler
                0x000000000000492c       0x2c modules/nrf/lib/fatal_error/lib..__nrf__lib__fatal_error.a(fatal_error.c.obj)
                0x000000000000492c                k_sys_fatal_error_handler
 .text.nvmc_wait
                0x0000000000004958       0x10 modules/hal_nordic/nrfx/libmodules__hal_nordic__nrfx.a(system_nrf52833.c.obj)
                0x0000000000004958                nvmc_wait
 .text.SystemInit
                0x0000000000004968      0x16c modules/hal_nordic/nrfx/libmodules__hal_nordic__nrfx.a(system_nrf52833.c.obj)
                0x0000000000004968                SystemInit
 .text.nrfx_flag32_alloc
                0x0000000000004ad4       0x40 modules/hal_nordic/nrfx/libmodules__hal_nordic__nrfx.a(nrfx_flag32_allocator.c.obj)
                0x0000000000004ad4                nrfx_flag32_alloc
 .text.nrfx_flag32_free
                0x0000000000004b14       0x40 modules/hal_nordic/nrfx/libmodules__hal_nordic__nrfx.a(nrfx_flag32_allocator.c.obj)
                0x0000000000004b14                nrfx_flag32_free
 .text.nrfx_clock_init
                0x0000000000004b54       0x20 modules/hal_nordic/nrfx/libmodules__hal_nordic__nrfx.a(nrfx_clock.c.obj)
                0x0000000000004b54                nrfx_clock_init
 .text.nrfx_power_clock_irq_handler
                0x0000000000004b74       0x64 modules/hal_nordic/nrfx/libmodules__hal_nordic__nrfx.a(nrfx_clock.c.obj)
                0x0000000000004b74                nrfx_power_clock_irq_handler
 .text.nrf_gpio_pin_port_decode
                0x0000000000004bd8       0x1c modules/hal_nordic/nrfx/libmodules__hal_nordic__nrfx.a(nrfx_gpiote.c.obj)
 .text.pin_in_use_by_te
                0x0000000000004bf4       0x14 modules/hal_nordic/nrfx/libmodules__hal_nordic__nrfx.a(nrfx_gpiote.c.obj)
 .text.call_handler
                0x0000000000004c08       0x3c modules/hal_nordic/nrfx/libmodules__hal_nordic__nrfx.a(nrfx_gpiote.c.obj)
 .text.release_handler
                0x0000000000004c44       0x58 modules/hal_nordic/nrfx/libmodules__hal_nordic__nrfx.a(nrfx_gpiote.c.obj)
 .text.pin_handler_trigger_uninit
                0x0000000000004c9c       0x38 modules/hal_nordic/nrfx/libmodules__hal_nordic__nrfx.a(nrfx_gpiote.c.obj)
 .text.nrfx_gpiote_input_configure
                0x0000000000004cd4      0x15c modules/hal_nordic/nrfx/libmodules__hal_nordic__nrfx.a(nrfx_gpiote.c.obj)
                0x0000000000004cd4                nrfx_gpiote_input_configure
 .text.nrfx_gpiote_output_configure
                0x0000000000004e30       0xe4 modules/hal_nordic/nrfx/libmodules__hal_nordic__nrfx.a(nrfx_gpiote.c.obj)
                0x0000000000004e30                nrfx_gpiote_output_configure
 .text.nrfx_gpiote_global_callback_set
                0x0000000000004f14        0xc modules/hal_nordic/nrfx/libmodules__hal_nordic__nrfx.a(nrfx_gpiote.c.obj)
                0x0000000000004f14                nrfx_gpiote_global_callback_set
 .text.nrfx_gpiote_channel_get
                0x0000000000004f20       0x2c modules/hal_nordic/nrfx/libmodules__hal_nordic__nrfx.a(nrfx_gpiote.c.obj)
                0x0000000000004f20                nrfx_gpiote_channel_get
 .text.nrfx_gpiote_init
                0x0000000000004f4c       0x50 modules/hal_nordic/nrfx/libmodules__hal_nordic__nrfx.a(nrfx_gpiote.c.obj)
                0x0000000000004f4c                nrfx_gpiote_init
 .text.nrfx_gpiote_is_init
                0x0000000000004f9c       0x14 modules/hal_nordic/nrfx/libmodules__hal_nordic__nrfx.a(nrfx_gpiote.c.obj)
                0x0000000000004f9c                nrfx_gpiote_is_init
 .text.nrfx_gpiote_channel_free
                0x0000000000004fb0        0xc modules/hal_nordic/nrfx/libmodules__hal_nordic__nrfx.a(nrfx_gpiote.c.obj)
                0x0000000000004fb0                nrfx_gpiote_channel_free
 .text.nrfx_gpiote_channel_alloc
                0x0000000000004fbc        0xc modules/hal_nordic/nrfx/libmodules__hal_nordic__nrfx.a(nrfx_gpiote.c.obj)
                0x0000000000004fbc                nrfx_gpiote_channel_alloc
 .text.nrfx_gpiote_trigger_enable
                0x0000000000004fc8       0x90 modules/hal_nordic/nrfx/libmodules__hal_nordic__nrfx.a(nrfx_gpiote.c.obj)
                0x0000000000004fc8                nrfx_gpiote_trigger_enable
 .text.nrfx_gpiote_trigger_disable
                0x0000000000005058       0x50 modules/hal_nordic/nrfx/libmodules__hal_nordic__nrfx.a(nrfx_gpiote.c.obj)
                0x0000000000005058                nrfx_gpiote_trigger_disable
 .text.nrfx_gpiote_pin_uninit
                0x00000000000050a8       0x48 modules/hal_nordic/nrfx/libmodules__hal_nordic__nrfx.a(nrfx_gpiote.c.obj)
                0x00000000000050a8                nrfx_gpiote_pin_uninit
 .text.nrfx_gpiote_irq_handler
                0x00000000000050f0      0x1bc modules/hal_nordic/nrfx/libmodules__hal_nordic__nrfx.a(nrfx_gpiote.c.obj)
                0x00000000000050f0                nrfx_gpiote_irq_handler
 .text.nrf_gpio_pin_port_decode
                0x00000000000052ac       0x1c modules/hal_nordic/nrfx/libmodules__hal_nordic__nrfx.a(nrfx_spi.c.obj)
 .text.nrfx_spi_init
                0x00000000000052c8      0x15c modules/hal_nordic/nrfx/libmodules__hal_nordic__nrfx.a(nrfx_spi.c.obj)
                0x00000000000052c8                nrfx_spi_init
 .text.nrfx_spi_uninit
                0x0000000000005424       0x70 modules/hal_nordic/nrfx/libmodules__hal_nordic__nrfx.a(nrfx_spi.c.obj)
                0x0000000000005424                nrfx_spi_uninit
 .text.nrfx_spi_xfer
                0x0000000000005494       0xfc modules/hal_nordic/nrfx/libmodules__hal_nordic__nrfx.a(nrfx_spi.c.obj)
                0x0000000000005494                nrfx_spi_xfer
 .text.nrfx_spi_0_irq_handler
                0x0000000000005590       0x40 modules/hal_nordic/nrfx/libmodules__hal_nordic__nrfx.a(nrfx_spi.c.obj)
                0x0000000000005590                nrfx_spi_0_irq_handler
 .text._DoInit  0x00000000000055d0       0x60 modules/segger/libmodules__segger.a(SEGGER_RTT.c.obj)
 .text.SEGGER_RTT_WriteSkipNoLock
                0x0000000000005630       0x90 modules/segger/libmodules__segger.a(SEGGER_RTT.c.obj)
                0x0000000000005630                SEGGER_RTT_WriteSkipNoLock
 .text.SEGGER_RTT_WriteNoLock
                0x00000000000056c0       0x58 modules/segger/libmodules__segger.a(SEGGER_RTT.c.obj)
                0x00000000000056c0                SEGGER_RTT_WriteNoLock
 .text.SEGGER_RTT_HasDataUp
                0x0000000000005718       0x14 modules/segger/libmodules__segger.a(SEGGER_RTT.c.obj)
                0x0000000000005718                SEGGER_RTT_HasDataUp
 .text.zephyr_rtt_mutex_lock
                0x000000000000572c       0x14 modules/segger/libmodules__segger.a(SEGGER_RTT_zephyr.c.obj)
                0x000000000000572c                zephyr_rtt_mutex_lock
 .text.zephyr_rtt_mutex_unlock
                0x0000000000005740        0xc modules/segger/libmodules__segger.a(SEGGER_RTT_zephyr.c.obj)
                0x0000000000005740                zephyr_rtt_mutex_unlock
 .text.z_fatal_error
                0x000000000000574c       0xc8 zephyr/kernel/libkernel.a(fatal.c.obj)
                0x000000000000574c                z_fatal_error
 .text.z_sys_init_run_level
                0x0000000000005814       0x44 zephyr/kernel/libkernel.a(init.c.obj)
 .text.bg_thread_main
                0x0000000000005858       0x34 zephyr/kernel/libkernel.a(init.c.obj)
 .text.z_bss_zero
                0x000000000000588c       0x18 zephyr/kernel/libkernel.a(init.c.obj)
                0x000000000000588c                z_bss_zero
 .text.z_init_cpu
                0x00000000000058a4       0x70 zephyr/kernel/libkernel.a(init.c.obj)
                0x00000000000058a4                z_init_cpu
 .text.z_cstart
                0x0000000000005914       0xe0 zephyr/kernel/libkernel.a(init.c.obj)
                0x0000000000005914                z_cstart
 .text.z_setup_new_thread
                0x00000000000059f4       0x64 zephyr/kernel/libkernel.a(thread.c.obj)
                0x00000000000059f4                z_setup_new_thread
 .text.z_impl_k_thread_create
                0x0000000000005a58       0x58 zephyr/kernel/libkernel.a(thread.c.obj)
                0x0000000000005a58                z_impl_k_thread_create
 .text.z_init_static_threads
                0x0000000000005ab0       0xb8 zephyr/kernel/libkernel.a(thread.c.obj)
                0x0000000000005ab0                z_init_static_threads
 .text.idle     0x0000000000005b68       0x38 zephyr/kernel/libkernel.a(idle.c.obj)
                0x0000000000005b68                idle
 .text.z_impl_k_mutex_lock
                0x0000000000005ba0       0xf4 zephyr/kernel/libkernel.a(mutex.c.obj)
                0x0000000000005ba0                z_impl_k_mutex_lock
 .text.z_impl_k_mutex_unlock
                0x0000000000005c94       0x78 zephyr/kernel/libkernel.a(mutex.c.obj)
                0x0000000000005c94                z_impl_k_mutex_unlock
 .text.z_impl_k_sem_give
                0x0000000000005d0c       0x40 zephyr/kernel/libkernel.a(sem.c.obj)
                0x0000000000005d0c                z_impl_k_sem_give
 .text.z_impl_k_sem_take
                0x0000000000005d4c       0x50 zephyr/kernel/libkernel.a(sem.c.obj)
                0x0000000000005d4c                z_impl_k_sem_take
 .text.z_reset_time_slice
                0x0000000000005d9c       0x28 zephyr/kernel/libkernel.a(sched.c.obj)
                0x0000000000005d9c                z_reset_time_slice
 .text.update_cache
                0x0000000000005dc4       0x3c zephyr/kernel/libkernel.a(sched.c.obj)
 .text.move_thread_to_end_of_prio_q
                0x0000000000005e00       0x74 zephyr/kernel/libkernel.a(sched.c.obj)
 .text.ready_thread
                0x0000000000005e74       0x68 zephyr/kernel/libkernel.a(sched.c.obj)
 .text.unready_thread
                0x0000000000005edc       0x30 zephyr/kernel/libkernel.a(sched.c.obj)
 .text.pend_locked
                0x0000000000005f0c       0x30 zephyr/kernel/libkernel.a(sched.c.obj)
 .text.k_sched_time_slice_set
                0x0000000000005f3c       0x64 zephyr/kernel/libkernel.a(sched.c.obj)
                0x0000000000005f3c                k_sched_time_slice_set
 .text.z_time_slice
                0x0000000000005fa0       0x84 zephyr/kernel/libkernel.a(sched.c.obj)
                0x0000000000005fa0                z_time_slice
 .text.z_pend_curr
                0x0000000000006024       0x3c zephyr/kernel/libkernel.a(sched.c.obj)
                0x0000000000006024                z_pend_curr
 .text.z_set_prio
                0x0000000000006060       0x8c zephyr/kernel/libkernel.a(sched.c.obj)
                0x0000000000006060                z_set_prio
 .text.z_reschedule
                0x00000000000060ec       0x24 zephyr/kernel/libkernel.a(sched.c.obj)
                0x00000000000060ec                z_reschedule
 .text.z_sched_start
                0x0000000000006110       0x3c zephyr/kernel/libkernel.a(sched.c.obj)
                0x0000000000006110                z_sched_start
 .text.z_impl_k_thread_suspend
                0x000000000000614c       0x64 zephyr/kernel/libkernel.a(sched.c.obj)
                0x000000000000614c                z_impl_k_thread_suspend
 .text.k_sched_lock
                0x00000000000061b0       0x28 zephyr/kernel/libkernel.a(sched.c.obj)
                0x00000000000061b0                k_sched_lock
 .text.k_sched_unlock
                0x00000000000061d8       0x38 zephyr/kernel/libkernel.a(sched.c.obj)
                0x00000000000061d8                k_sched_unlock
 .text.z_sched_init
                0x0000000000006210       0x18 zephyr/kernel/libkernel.a(sched.c.obj)
                0x0000000000006210                z_sched_init
 .text.z_impl_k_yield
                0x0000000000006228       0x7c zephyr/kernel/libkernel.a(sched.c.obj)
                0x0000000000006228                z_impl_k_yield
 .text.z_tick_sleep
                0x00000000000062a4       0x88 zephyr/kernel/libkernel.a(sched.c.obj)
 .text.z_impl_k_sleep
                0x000000000000632c       0x34 zephyr/kernel/libkernel.a(sched.c.obj)
                0x000000000000632c                z_impl_k_sleep
 .text.z_impl_k_usleep
                0x0000000000006360       0x34 zephyr/kernel/libkernel.a(sched.c.obj)
                0x0000000000006360                z_impl_k_usleep
 .text.z_impl_z_current_get
                0x0000000000006394        0xc zephyr/kernel/libkernel.a(sched.c.obj)
                0x0000000000006394                z_impl_z_current_get
 .text.z_thread_abort
                0x00000000000063a0       0xc0 zephyr/kernel/libkernel.a(sched.c.obj)
                0x00000000000063a0                z_thread_abort
 .text.z_data_copy
                0x0000000000006460       0x34 zephyr/kernel/libkernel.a(xip.c.obj)
                0x0000000000006460                z_data_copy
 .text.elapsed  0x0000000000006494       0x14 zephyr/kernel/libkernel.a(timeout.c.obj)
 .text.next_timeout
                0x00000000000064a8       0x50 zephyr/kernel/libkernel.a(timeout.c.obj)
 .text.remove_timeout
                0x00000000000064f8       0x38 zephyr/kernel/libkernel.a(timeout.c.obj)
 .text.z_add_timeout
                0x0000000000006530       0xfc zephyr/kernel/libkernel.a(timeout.c.obj)
                0x0000000000006530                z_add_timeout
 .text.sys_clock_announce
                0x000000000000662c       0xb4 zephyr/kernel/libkernel.a(timeout.c.obj)
                0x000000000000662c                sys_clock_announce
 .text.sys_clock_tick_get
                0x00000000000066e0       0x34 zephyr/kernel/libkernel.a(timeout.c.obj)
                0x00000000000066e0                sys_clock_tick_get
 .text.boot_banner
                0x0000000000006714        0xc zephyr/kernel/libkernel.a(banner.c.obj)
                0x0000000000006714                boot_banner
 .text.statics_init
                0x0000000000006720       0x24 zephyr/kernel/libkernel.a(kheap.c.obj)
 .text.z_log_msg_runtime_create.constprop.0
                0x0000000000006744       0x1e app/libapp.a(main.c.obj)
 .text.cbpprintf_external
                0x0000000000006762       0x62 zephyr/libzephyr.a(cbprintf_packaged.c.obj)
                0x0000000000006762                cbpprintf_external
 .text.arch_printk_char_out
                0x00000000000067c4        0x4 zephyr/libzephyr.a(printk.c.obj)
                0x00000000000067c4                arch_printk_char_out
 .text.printk   0x00000000000067c8       0x1a zephyr/libzephyr.a(printk.c.obj)
                0x00000000000067c8                printk
 .text.z_thread_entry
                0x00000000000067e2       0x14 zephyr/libzephyr.a(thread_entry.c.obj)
                0x00000000000067e2                z_thread_entry
 .text.chunk_size
                0x00000000000067f6        0xa zephyr/libzephyr.a(heap.c.obj)
 .text.free_list_add
                0x0000000000006800       0x4e zephyr/libzephyr.a(heap.c.obj)
 .text.sys_heap_init
                0x000000000000684e       0x70 zephyr/libzephyr.a(heap.c.obj)
                0x000000000000684e                sys_heap_init
 .text.process_recheck
                0x00000000000068be       0x38 zephyr/libzephyr.a(onoff.c.obj)
 .text.validate_args
                0x00000000000068f6       0x20 zephyr/libzephyr.a(onoff.c.obj)
 .text.notify_one
                0x0000000000006916       0x2c zephyr/libzephyr.a(onoff.c.obj)
 .text.transition_complete
                0x0000000000006942       0x1e zephyr/libzephyr.a(onoff.c.obj)
 .text.onoff_manager_init
                0x0000000000006960       0x26 zephyr/libzephyr.a(onoff.c.obj)
                0x0000000000006960                onoff_manager_init
 .text.onoff_request
                0x0000000000006986       0xb0 zephyr/libzephyr.a(onoff.c.obj)
                0x0000000000006986                onoff_request
 .text.sys_notify_validate
                0x0000000000006a36       0x22 zephyr/libzephyr.a(notify.c.obj)
                0x0000000000006a36                sys_notify_validate
 .text.sys_notify_finalize
                0x0000000000006a58       0x1a zephyr/libzephyr.a(notify.c.obj)
                0x0000000000006a58                sys_notify_finalize
 .text._ldiv5   0x0000000000006a72       0x30 zephyr/libzephyr.a(cbprintf_complete.c.obj)
 .text._get_digit
                0x0000000000006aa2       0x2e zephyr/libzephyr.a(cbprintf_complete.c.obj)
 .text.encode_uint
                0x0000000000006ad0       0x8c zephyr/libzephyr.a(cbprintf_complete.c.obj)
 .text.outs     0x0000000000006b5c       0x2e zephyr/libzephyr.a(cbprintf_complete.c.obj)
 .text._ConfigAbsSyms
                0x0000000000006b8a        0x2 zephyr/libzephyr.a(configs.c.obj)
                0x0000000000006b8a                _ConfigAbsSyms
 .text.dummy_timestamp
                0x0000000000006b8c        0x4 zephyr/libzephyr.a(log_core.c.obj)
 .text.default_get_timestamp
                0x0000000000006b90        0x4 zephyr/libzephyr.a(log_core.c.obj)
 .text.atomic_inc
                0x0000000000006b94       0x1a zephyr/libzephyr.a(log_core.c.obj)
 .text.enable_logger
                0x0000000000006bae        0xe zephyr/libzephyr.a(log_core.c.obj)
 .text.z_log_vprintk
                0x0000000000006bbc       0x1c zephyr/libzephyr.a(log_core.c.obj)
                0x0000000000006bbc                z_log_vprintk
 .text.z_log_notify_backend_enabled
                0x0000000000006bd8        0x2 zephyr/libzephyr.a(log_core.c.obj)
                0x0000000000006bd8                z_log_notify_backend_enabled
 .text.z_log_get_tag
                0x0000000000006bda        0x4 zephyr/libzephyr.a(log_core.c.obj)
                0x0000000000006bda                z_log_get_tag
 .text.z_log_msg_finalize
                0x0000000000006bde       0x34 zephyr/libzephyr.a(log_msg.c.obj)
                0x0000000000006bde                z_log_msg_finalize
 .text.out_func
                0x0000000000006c12       0x1c zephyr/libzephyr.a(log_output.c.obj)
 .text.cr_out_func
                0x0000000000006c2e       0x1c zephyr/libzephyr.a(log_output.c.obj)
 .text.buffer_write
                0x0000000000006c4a       0x1a zephyr/libzephyr.a(log_output.c.obj)
 .text.cbvprintf
                0x0000000000006c64        0xe zephyr/libzephyr.a(log_output.c.obj)
 .text.log_output_flush
                0x0000000000006c72       0x1a zephyr/libzephyr.a(log_output.c.obj)
                0x0000000000006c72                log_output_flush
 .text.z_log_msg_runtime_create.constprop.0
                0x0000000000006c8c       0x20 zephyr/arch/arch/arm/core/aarch32/libarch__arm__core__aarch32.a(fatal.c.obj)
 .text.z_do_kernel_oops
                0x0000000000006cac        0x8 zephyr/arch/arch/arm/core/aarch32/libarch__arm__core__aarch32.a(fatal.c.obj)
                0x0000000000006cac                z_do_kernel_oops
 .text.z_irq_spurious
                0x0000000000006cb4        0x8 zephyr/arch/arch/arm/core/aarch32/libarch__arm__core__aarch32.a(irq_manage.c.obj)
                0x0000000000006cb4                z_irq_spurious
 .text.z_arm_nmi
                0x0000000000006cbc        0xe zephyr/arch/arch/arm/core/aarch32/libarch__arm__core__aarch32.a(nmi.c.obj)
                0x0000000000006cbc                z_arm_nmi
 .text.z_log_msg_runtime_create.constprop.0
                0x0000000000006cca       0x20 zephyr/arch/arch/arm/core/aarch32/cortex_m/libarch__arm__core__aarch32__cortex_m.a(fault.c.obj)
 .text.z_log_msg_runtime_create.constprop.0
                0x0000000000006cea       0x20 zephyr/arch/arch/arm/core/aarch32/mpu/libarch__arm__core__aarch32__mpu.a(arm_mpu.c.obj)
 .text.strcpy   0x0000000000006d0a       0x14 zephyr/lib/libc/minimal/liblib__libc__minimal.a(string.c.obj)
                0x0000000000006d0a                strcpy
 .text.strlen   0x0000000000006d1e        0xe zephyr/lib/libc/minimal/liblib__libc__minimal.a(string.c.obj)
                0x0000000000006d1e                strlen
 .text.strnlen  0x0000000000006d2c       0x12 zephyr/lib/libc/minimal/liblib__libc__minimal.a(string.c.obj)
                0x0000000000006d2c                strnlen
 .text.memcpy   0x0000000000006d3e       0x16 zephyr/lib/libc/minimal/liblib__libc__minimal.a(string.c.obj)
                0x0000000000006d3e                memcpy
 .text.memset   0x0000000000006d54       0x12 zephyr/lib/libc/minimal/liblib__libc__minimal.a(string.c.obj)
                0x0000000000006d54                memset
 .text._stdout_hook_default
                0x0000000000006d66        0x6 zephyr/lib/libc/minimal/liblib__libc__minimal.a(stdout_console.c.obj)
 .text.pm_state_set
                0x0000000000006d6c       0x18 zephyr/soc/arm/nordic_nrf/nrf52/libsoc__arm__nordic_nrf__nrf52.a(power.c.obj)
                0x0000000000006d6c                pm_state_set
 .text.pm_state_exit_post_ops
                0x0000000000006d84        0xc zephyr/soc/arm/nordic_nrf/nrf52/libsoc__arm__nordic_nrf__nrf52.a(power.c.obj)
                0x0000000000006d84                pm_state_exit_post_ops
 .text.get_status
                0x0000000000006d90       0x12 zephyr/drivers/clock_control/libdrivers__clock_control.a(clock_control_nrf.c.obj)
 .text.set_on_state
                0x0000000000006da2       0x26 zephyr/drivers/clock_control/libdrivers__clock_control.a(clock_control_nrf.c.obj)
 .text.stop     0x0000000000006dc8       0x52 zephyr/drivers/clock_control/libdrivers__clock_control.a(clock_control_nrf.c.obj)
 .text.api_stop
                0x0000000000006e1a        0x6 zephyr/drivers/clock_control/libdrivers__clock_control.a(clock_control_nrf.c.obj)
 .text.async_start
                0x0000000000006e20       0x5c zephyr/drivers/clock_control/libdrivers__clock_control.a(clock_control_nrf.c.obj)
 .text.api_start
                0x0000000000006e7c        0xe zephyr/drivers/clock_control/libdrivers__clock_control.a(clock_control_nrf.c.obj)
 .text.onoff_started_callback
                0x0000000000006e8a       0x14 zephyr/drivers/clock_control/libdrivers__clock_control.a(clock_control_nrf.c.obj)
 .text.lfclk_start
                0x0000000000006e9e        0x6 zephyr/drivers/clock_control/libdrivers__clock_control.a(clock_control_nrf.c.obj)
 .text.lfclk_stop
                0x0000000000006ea4        0x6 zephyr/drivers/clock_control/libdrivers__clock_control.a(clock_control_nrf.c.obj)
 .text.blocking_start_callback
                0x0000000000006eaa        0x6 zephyr/drivers/clock_control/libdrivers__clock_control.a(clock_control_nrf.c.obj)
 .text.gpio_nrfx_port_get_raw
                0x0000000000006eb0        0xe zephyr/drivers/gpio/libdrivers__gpio.a(gpio_nrfx.c.obj)
 .text.gpio_nrfx_port_set_masked_raw
                0x0000000000006ebe       0x18 zephyr/drivers/gpio/libdrivers__gpio.a(gpio_nrfx.c.obj)
 .text.gpio_nrfx_port_set_bits_raw
                0x0000000000006ed6        0xc zephyr/drivers/gpio/libdrivers__gpio.a(gpio_nrfx.c.obj)
 .text.gpio_nrfx_port_clear_bits_raw
                0x0000000000006ee2        0xc zephyr/drivers/gpio/libdrivers__gpio.a(gpio_nrfx.c.obj)
 .text.gpio_nrfx_port_toggle_bits
                0x0000000000006eee       0x1a zephyr/drivers/gpio/libdrivers__gpio.a(gpio_nrfx.c.obj)
 .text.gpio_nrfx_manage_callback
                0x0000000000006f08       0x52 zephyr/drivers/gpio/libdrivers__gpio.a(gpio_nrfx.c.obj)
 .text.irq_connect0
                0x0000000000006f5a        0xa zephyr/drivers/spi/libdrivers__spi.a(spi_nrfx_spi.c.obj)
 .text.spi_context_get_next_buf.constprop.0
                0x0000000000006f64       0x26 zephyr/drivers/spi/libdrivers__spi.a(spi_nrfx_spi.c.obj)
 .text.z_log_msg_runtime_create.constprop.0
                0x0000000000006f8a       0x20 zephyr/drivers/spi/libdrivers__spi.a(spi_nrfx_spi.c.obj)
 .text.gpio_pin_set_dt.isra.0
                0x0000000000006faa       0x28 zephyr/drivers/spi/libdrivers__spi.a(spi_nrfx_spi.c.obj)
 .text._spi_context_cs_control
                0x0000000000006fd2       0x44 zephyr/drivers/spi/libdrivers__spi.a(spi_nrfx_spi.c.obj)
 .text.spi_context_unlock_unconditionally
                0x0000000000007016       0x20 zephyr/drivers/spi/libdrivers__spi.a(spi_nrfx_spi.c.obj)
 .text.spi_nrfx_release
                0x0000000000007036       0x24 zephyr/drivers/spi/libdrivers__spi.a(spi_nrfx_spi.c.obj)
 .text.can_tx_default_cb
                0x000000000000705a        0x8 zephyr/drivers/can/libdrivers__can.a(can_common.c.obj)
 .text.can_calc_prescaler
                0x0000000000007062       0x40 zephyr/drivers/can/libdrivers__can.a(can_common.c.obj)
                0x0000000000007062                can_calc_prescaler
 .text.mcp2515_get_core_clock
                0x00000000000070a2        0xc zephyr/drivers/can/libdrivers__can.a(can_mcp2515.c.obj)
 .text.mcp2515_get_max_filters
                0x00000000000070ae        0x4 zephyr/drivers/can/libdrivers__can.a(can_mcp2515.c.obj)
 .text.mcp2515_get_max_bitrate
                0x00000000000070b2        0xa zephyr/drivers/can/libdrivers__can.a(can_mcp2515.c.obj)
 .text.mcp2515_get_capabilities
                0x00000000000070bc        0x8 zephyr/drivers/can/libdrivers__can.a(can_mcp2515.c.obj)
 .text.mcp2515_set_state_change_callback
                0x00000000000070c4        0x8 zephyr/drivers/can/libdrivers__can.a(can_mcp2515.c.obj)
 .text.z_log_msg_runtime_create.constprop.0
                0x00000000000070cc       0x1e zephyr/drivers/can/libdrivers__can.a(can_mcp2515.c.obj)
 .text.k_mutex_lock.constprop.0.isra.0
                0x00000000000070ea        0x4 zephyr/drivers/can/libdrivers__can.a(can_mcp2515.c.obj)
 .text.k_mutex_unlock.isra.0
                0x00000000000070ee        0x4 zephyr/drivers/can/libdrivers__can.a(can_mcp2515.c.obj)
 .text.mcp2515_tx_done
                0x00000000000070f2       0x54 zephyr/drivers/can/libdrivers__can.a(can_mcp2515.c.obj)
 .text.mcp2515_rx
                0x0000000000007146      0x15e zephyr/drivers/can/libdrivers__can.a(can_mcp2515.c.obj)
 .text.mcp2515_add_rx_filter
                0x00000000000072a4       0x70 zephyr/drivers/can/libdrivers__can.a(can_mcp2515.c.obj)
 .text.mcp2515_remove_rx_filter
                0x0000000000007314       0x34 zephyr/drivers/can/libdrivers__can.a(can_mcp2515.c.obj)
 .text.mcp2515_int_gpio_callback
                0x0000000000007348        0x8 zephyr/drivers/can/libdrivers__can.a(can_mcp2515.c.obj)
 .text.mcp2515_cmd_read_reg.isra.0
                0x0000000000007350       0x44 zephyr/drivers/can/libdrivers__can.a(can_mcp2515.c.obj)
 .text.spi_write_dt
                0x0000000000007394       0x18 zephyr/drivers/can/libdrivers__can.a(can_mcp2515.c.obj)
 .text.mcp2515_cmd_bit_modify.isra.0
                0x00000000000073ac       0x30 zephyr/drivers/can/libdrivers__can.a(can_mcp2515.c.obj)
 .text.sys_clock_idle_exit
                0x00000000000073dc        0x2 zephyr/drivers/timer/libdrivers__timer.a(sys_clock_init.c.obj)
                0x00000000000073dc                sys_clock_idle_exit
 .text.event_clear
                0x00000000000073de       0x18 zephyr/drivers/timer/libdrivers__timer.a(nrf_rtc_timer.c.obj)
 .text.sys_clock_cycle_get_32
                0x00000000000073f6        0x8 zephyr/drivers/timer/libdrivers__timer.a(nrf_rtc_timer.c.obj)
                0x00000000000073f6                sys_clock_cycle_get_32
 .text.pinctrl_lookup_state
                0x00000000000073fe       0x26 zephyr/drivers/pinctrl/libdrivers__pinctrl.a(common.c.obj)
                0x00000000000073fe                pinctrl_lookup_state
 .text.nrfx_isr
                0x0000000000007424        0x2 modules/hal_nordic/nrfx/libmodules__hal_nordic__nrfx.a(nrfx_glue.c.obj)
                0x0000000000007424                nrfx_isr
 .text.nrfx_busy_wait
                0x0000000000007426        0x4 modules/hal_nordic/nrfx/libmodules__hal_nordic__nrfx.a(nrfx_glue.c.obj)
                0x0000000000007426                nrfx_busy_wait
 .text.clock_stop
                0x000000000000742a       0xb4 modules/hal_nordic/nrfx/libmodules__hal_nordic__nrfx.a(nrfx_clock.c.obj)
 .text.nrfx_clock_enable
                0x00000000000074de       0x1a modules/hal_nordic/nrfx/libmodules__hal_nordic__nrfx.a(nrfx_clock.c.obj)
                0x00000000000074de                nrfx_clock_enable
 .text.nrfx_clock_start
                0x00000000000074f8       0x78 modules/hal_nordic/nrfx/libmodules__hal_nordic__nrfx.a(nrfx_clock.c.obj)
                0x00000000000074f8                nrfx_clock_start
 .text.nrfx_clock_stop
                0x0000000000007570        0x4 modules/hal_nordic/nrfx/libmodules__hal_nordic__nrfx.a(nrfx_clock.c.obj)
                0x0000000000007570                nrfx_clock_stop
 .text.nrf_gpio_reconfigure
                0x0000000000007574       0x92 modules/hal_nordic/nrfx/libmodules__hal_nordic__nrfx.a(nrfx_gpiote.c.obj)
 .text.nrf_gpio_cfg_sense_set
                0x0000000000007606       0x1e modules/hal_nordic/nrfx/libmodules__hal_nordic__nrfx.a(nrfx_gpiote.c.obj)
 .text.nrf_gpio_cfg_default
                0x0000000000007624       0x1c modules/hal_nordic/nrfx/libmodules__hal_nordic__nrfx.a(nrfx_spi.c.obj)
 .text.nrf_gpio_pin_set
                0x0000000000007640       0x1a modules/hal_nordic/nrfx/libmodules__hal_nordic__nrfx.a(nrfx_spi.c.obj)
 .text.nrf_gpio_pin_clear
                0x000000000000765a       0x1a modules/hal_nordic/nrfx/libmodules__hal_nordic__nrfx.a(nrfx_spi.c.obj)
 .text.transfer_byte
                0x0000000000007674       0x66 modules/hal_nordic/nrfx/libmodules__hal_nordic__nrfx.a(nrfx_spi.c.obj)
 .text._GetAvailWriteSpace
                0x00000000000076da       0x12 modules/segger/libmodules__segger.a(SEGGER_RTT.c.obj)
 .text._WriteNoCheck
                0x00000000000076ec       0x36 modules/segger/libmodules__segger.a(SEGGER_RTT.c.obj)
 .text._WriteBlocking
                0x0000000000007722       0x54 modules/segger/libmodules__segger.a(SEGGER_RTT.c.obj)
 .text.SEGGER_RTT_Init
                0x0000000000007776        0x4 modules/segger/libmodules__segger.a(SEGGER_RTT.c.obj)
                0x0000000000007776                SEGGER_RTT_Init
 .text.rtt_init
                0x000000000000777a        0xa modules/segger/libmodules__segger.a(SEGGER_RTT_zephyr.c.obj)
 .text.z_device_state_init
                0x0000000000007784        0x2 zephyr/kernel/libkernel.a(device.c.obj)
                0x0000000000007784                z_device_state_init
 .text.z_device_is_ready
                0x0000000000007786       0x16 zephyr/kernel/libkernel.a(device.c.obj)
                0x0000000000007786                z_device_is_ready
 .text.z_log_msg_runtime_create.constprop.0
                0x000000000000779c       0x20 zephyr/kernel/libkernel.a(fatal.c.obj)
 .text.z_early_memset
                0x00000000000077bc        0x4 zephyr/kernel/libkernel.a(init.c.obj)
                0x00000000000077bc                z_early_memset
 .text.z_early_memcpy
                0x00000000000077c0        0x4 zephyr/kernel/libkernel.a(init.c.obj)
                0x00000000000077c0                z_early_memcpy
 .text.k_is_in_isr
                0x00000000000077c4        0xc zephyr/kernel/libkernel.a(thread.c.obj)
                0x00000000000077c4                k_is_in_isr
 .text.k_thread_name_get
                0x00000000000077d0        0x4 zephyr/kernel/libkernel.a(thread.c.obj)
                0x00000000000077d0                k_thread_name_get
 .text.z_pm_save_idle_exit
                0x00000000000077d4        0xe zephyr/kernel/libkernel.a(idle.c.obj)
                0x00000000000077d4                z_pm_save_idle_exit
 .text.adjust_owner_prio.isra.0
                0x00000000000077e2       0x10 zephyr/kernel/libkernel.a(mutex.c.obj)
 .text.z_impl_k_mutex_init
                0x00000000000077f2        0xe zephyr/kernel/libkernel.a(mutex.c.obj)
                0x00000000000077f2                z_impl_k_mutex_init
 .text.z_impl_k_sem_init
                0x0000000000007800       0x18 zephyr/kernel/libkernel.a(sem.c.obj)
                0x0000000000007800                z_impl_k_sem_init
 .text.sys_dlist_remove
                0x0000000000007818       0x10 zephyr/kernel/libkernel.a(sched.c.obj)
 .text.unpend_thread_no_timeout
                0x0000000000007828       0x14 zephyr/kernel/libkernel.a(sched.c.obj)
 .text.z_thread_timeout
                0x000000000000783c       0x44 zephyr/kernel/libkernel.a(sched.c.obj)
                0x000000000000783c                z_thread_timeout
 .text.add_to_waitq_locked
                0x0000000000007880       0x50 zephyr/kernel/libkernel.a(sched.c.obj)
 .text.z_ready_thread
                0x00000000000078d0       0x20 zephyr/kernel/libkernel.a(sched.c.obj)
                0x00000000000078d0                z_ready_thread
 .text.z_unpend_first_thread
                0x00000000000078f0       0x38 zephyr/kernel/libkernel.a(sched.c.obj)
                0x00000000000078f0                z_unpend_first_thread
 .text.z_reschedule_irqlock
                0x0000000000007928       0x18 zephyr/kernel/libkernel.a(sched.c.obj)
                0x0000000000007928                z_reschedule_irqlock
 .text.z_reschedule_unlocked
                0x0000000000007940       0x14 zephyr/kernel/libkernel.a(sched.c.obj)
 .text.z_abort_timeout
                0x0000000000007954       0x2c zephyr/kernel/libkernel.a(timeout.c.obj)
                0x0000000000007954                z_abort_timeout
 .text.z_get_next_timeout_expiry
                0x0000000000007980       0x20 zephyr/kernel/libkernel.a(timeout.c.obj)
                0x0000000000007980                z_get_next_timeout_expiry
 .text.z_set_timeout_expiry
                0x00000000000079a0       0x38 zephyr/kernel/libkernel.a(timeout.c.obj)
                0x00000000000079a0                z_set_timeout_expiry
 .text.sys_clock_tick_get_32
                0x00000000000079d8        0x8 zephyr/kernel/libkernel.a(timeout.c.obj)
                0x00000000000079d8                sys_clock_tick_get_32
 .text.z_impl_k_busy_wait
                0x00000000000079e0        0x8 zephyr/kernel/libkernel.a(timeout.c.obj)
                0x00000000000079e0                z_impl_k_busy_wait
 .text.k_heap_init
                0x00000000000079e8       0x12 zephyr/kernel/libkernel.a(kheap.c.obj)
                0x00000000000079e8                k_heap_init
 .text._OffsetAbsSyms
                0x00000000000079fa        0x2 zephyr/CMakeFiles/offsets.dir/./arch/arm/core/offsets/offsets.c.obj
                0x00000000000079fa                _OffsetAbsSyms
 *(SORT_BY_ALIGNMENT(.TEXT.*))
 *(SORT_BY_ALIGNMENT(.gnu.linkonce.t.*))
 *(SORT_BY_ALIGNMENT(.glue_7t))
 .glue_7t       0x00000000000079fc        0x0 linker stubs
 *(SORT_BY_ALIGNMENT(.glue_7))
 .glue_7        0x00000000000079fc        0x0 linker stubs
 *(SORT_BY_ALIGNMENT(.vfp11_veneer))
 .vfp11_veneer  0x00000000000079fc        0x0 linker stubs
 *(SORT_BY_ALIGNMENT(.v4_bx))
 .v4_bx         0x00000000000079fc        0x0 linker stubs
                0x00000000000079fc                . = ALIGN (0x4)
                0x00000000000079fc                __text_region_end = .

.ARM.exidx      0x00000000000079fc        0x8
                0x00000000000079fc                __exidx_start = .
 *(SORT_BY_ALIGNMENT(.ARM.exidx*) SORT_BY_ALIGNMENT(gnu.linkonce.armexidx.*))
 .ARM.exidx     0x00000000000079fc        0x8 c:/ncs/toolchains/v2.3.0/opt/zephyr-sdk/arm-zephyr-eabi/bin/../lib/gcc/arm-zephyr-eabi/12.1.0/thumb/v7e-m+fp/hard\libgcc.a(_udivmoddi4.o)
                0x0000000000007a04                __exidx_end = .
                0x0000000000007a04                __rodata_region_start = .

initlevel       0x0000000000007a04       0x58
                0x0000000000007a04                __init_start = .
                0x0000000000007a04                __init_EARLY_start = .
 *(SORT_BY_NAME(SORT_BY_ALIGNMENT(.z_init_EARLY[0-9]_*)))
 *(SORT_BY_NAME(SORT_BY_ALIGNMENT(.z_init_EARLY[1-9][0-9]_*)))
                0x0000000000007a04                __init_PRE_KERNEL_1_start = .
 *(SORT_BY_NAME(SORT_BY_ALIGNMENT(.z_init_PRE_KERNEL_1[0-9]_*)))
 .z_init_PRE_KERNEL_10_
                0x0000000000007a04        0x8 zephyr/soc/arm/nordic_nrf/nrf52/libsoc__arm__nordic_nrf__nrf52.a(soc.c.obj)
 *(SORT_BY_NAME(SORT_BY_ALIGNMENT(.z_init_PRE_KERNEL_1[1-9][0-9]_*)))
 .z_init_PRE_KERNEL_130_
                0x0000000000007a0c        0x8 zephyr/drivers/clock_control/libdrivers__clock_control.a(clock_control_nrf.c.obj)
 .z_init_PRE_KERNEL_130_
                0x0000000000007a14        0x8 modules/segger/libmodules__segger.a(SEGGER_RTT_zephyr.c.obj)
 .z_init_PRE_KERNEL_130_
                0x0000000000007a1c        0x8 zephyr/kernel/libkernel.a(kheap.c.obj)
 .z_init_PRE_KERNEL_140_
                0x0000000000007a24        0x8 zephyr/drivers/console/libdrivers__console.a(rtt_console.c.obj)
 .z_init_PRE_KERNEL_140_
                0x0000000000007a2c       0x10 zephyr/drivers/gpio/libdrivers__gpio.a(gpio_nrfx.c.obj)
                0x0000000000007a3c                __init_PRE_KERNEL_2_start = .
 *(SORT_BY_NAME(SORT_BY_ALIGNMENT(.z_init_PRE_KERNEL_2[0-9]_*)))
 .z_init_PRE_KERNEL_20_
                0x0000000000007a3c        0x8 zephyr/drivers/timer/libdrivers__timer.a(nrf_rtc_timer.c.obj)
 *(SORT_BY_NAME(SORT_BY_ALIGNMENT(.z_init_PRE_KERNEL_2[1-9][0-9]_*)))
                0x0000000000007a44                __init_POST_KERNEL_start = .
 *(SORT_BY_NAME(SORT_BY_ALIGNMENT(.z_init_POST_KERNEL[0-9]_*)))
 .z_init_POST_KERNEL0_
                0x0000000000007a44        0x8 zephyr/libzephyr.a(log_core.c.obj)
 *(SORT_BY_NAME(SORT_BY_ALIGNMENT(.z_init_POST_KERNEL[1-9][0-9]_*)))
 .z_init_POST_KERNEL20_
                0x0000000000007a4c        0x8 zephyr/drivers/spi/libdrivers__spi.a(spi_nrfx_spi.c.obj)
 .z_init_POST_KERNEL50_
                0x0000000000007a54        0x8 zephyr/drivers/can/libdrivers__can.a(can_mcp2515.c.obj)
                0x0000000000007a5c                __init_APPLICATION_start = .
 *(SORT_BY_NAME(SORT_BY_ALIGNMENT(.z_init_APPLICATION[0-9]_*)))
 *(SORT_BY_NAME(SORT_BY_ALIGNMENT(.z_init_APPLICATION[1-9][0-9]_*)))
                0x0000000000007a5c                __init_SMP_start = .
 *(SORT_BY_NAME(SORT_BY_ALIGNMENT(.z_init_SMP[0-9]_*)))
 *(SORT_BY_NAME(SORT_BY_ALIGNMENT(.z_init_SMP[1-9][0-9]_*)))
                0x0000000000007a5c                __init_end = .

devices         0x0000000000007a5c       0x78
                0x0000000000007a5c                __device_start = .
                0x0000000000007a5c                __device_EARLY_start = .
 *(SORT_BY_NAME(SORT_BY_ALIGNMENT(.z_device_EARLY[0-9]_*)))
 *(SORT_BY_NAME(SORT_BY_ALIGNMENT(.z_device_EARLY[1-9][0-9]_*)))
                0x0000000000007a5c                __device_PRE_KERNEL_1_start = .
 *(SORT_BY_NAME(SORT_BY_ALIGNMENT(.z_device_PRE_KERNEL_1[0-9]_*)))
 *(SORT_BY_NAME(SORT_BY_ALIGNMENT(.z_device_PRE_KERNEL_1[1-9][0-9]_*)))
 .z_device_PRE_KERNEL_130_
                0x0000000000007a5c       0x18 zephyr/drivers/clock_control/libdrivers__clock_control.a(clock_control_nrf.c.obj)
                0x0000000000007a5c                __device_dts_ord_64
 .z_device_PRE_KERNEL_140_
                0x0000000000007a74       0x30 zephyr/drivers/gpio/libdrivers__gpio.a(gpio_nrfx.c.obj)
                0x0000000000007a74                __device_dts_ord_116
                0x0000000000007a8c                __device_dts_ord_10
                0x0000000000007aa4                __device_PRE_KERNEL_2_start = .
 *(SORT_BY_NAME(SORT_BY_ALIGNMENT(.z_device_PRE_KERNEL_2[0-9]_*)))
 *(SORT_BY_NAME(SORT_BY_ALIGNMENT(.z_device_PRE_KERNEL_2[1-9][0-9]_*)))
                0x0000000000007aa4                __device_POST_KERNEL_start = .
 *(SORT_BY_NAME(SORT_BY_ALIGNMENT(.z_device_POST_KERNEL[0-9]_*)))
 *(SORT_BY_NAME(SORT_BY_ALIGNMENT(.z_device_POST_KERNEL[1-9][0-9]_*)))
 .z_device_POST_KERNEL20_
                0x0000000000007aa4       0x18 zephyr/drivers/spi/libdrivers__spi.a(spi_nrfx_spi.c.obj)
                0x0000000000007aa4                __device_dts_ord_117
 .z_device_POST_KERNEL50_
                0x0000000000007abc       0x18 zephyr/drivers/can/libdrivers__can.a(can_mcp2515.c.obj)
                0x0000000000007abc                __device_dts_ord_118
                0x0000000000007ad4                __device_APPLICATION_start = .
 *(SORT_BY_NAME(SORT_BY_ALIGNMENT(.z_device_APPLICATION[0-9]_*)))
 *(SORT_BY_NAME(SORT_BY_ALIGNMENT(.z_device_APPLICATION[1-9][0-9]_*)))
                0x0000000000007ad4                __device_SMP_start = .
 *(SORT_BY_NAME(SORT_BY_ALIGNMENT(.z_device_SMP[0-9]_*)))
 *(SORT_BY_NAME(SORT_BY_ALIGNMENT(.z_device_SMP[1-9][0-9]_*)))
                0x0000000000007ad4                __device_end = .

sw_isr_table    0x0000000000007ad4      0x180
                0x0000000000007ad4                . = ALIGN (0x4)
 *(SORT_BY_ALIGNMENT(.gnu.linkonce.sw_isr_table*))
 .gnu.linkonce.sw_isr_table
                0x0000000000007ad4      0x180 zephyr/CMakeFiles/zephyr_final.dir/isr_tables.c.obj
                0x0000000000007ad4                _sw_isr_table

initlevel_error
                0x0000000000007a04        0x0
 *(SORT_BY_NAME(SORT_BY_ALIGNMENT(.z_init_[_A-Z0-9]*)))
                0x0000000000000001                ASSERT ((SIZEOF (initlevel_error) == 0x0), Undefined initialization levels used.)

app_shmem_regions
                0x0000000000007c54        0x0
                0x0000000000007c54                __app_shmem_regions_start = .
 *(SORT_BY_NAME(SORT_BY_ALIGNMENT(.app_regions.*)))
                0x0000000000007c54                __app_shmem_regions_end = .

k_p4wq_initparam_area
                0x0000000000007c54        0x0
                0x0000000000007c54                _k_p4wq_initparam_list_start = .
 *(SORT_BY_NAME(SORT_BY_ALIGNMENT(._k_p4wq_initparam.static.*)))
                0x0000000000007c54                _k_p4wq_initparam_list_end = .

_static_thread_data_area
                0x0000000000007c54        0x0
                0x0000000000007c54                __static_thread_data_list_start = .
 *(SORT_BY_NAME(SORT_BY_ALIGNMENT(.__static_thread_data.static.*)))
                0x0000000000007c54                __static_thread_data_list_end = .

device_handles  0x0000000000007c54       0x2a
                0x0000000000007c54                __device_handles_start = .
 *(SORT_BY_NAME(SORT_BY_ALIGNMENT(.__device_handles_pass2*)))
 .__device_handles_pass2
                0x0000000000007c54       0x2a zephyr/CMakeFiles/zephyr_final.dir/dev_handles.c.obj
                0x0000000000007c54                __devicehdl_dts_ord_118
                0x0000000000007c5e                __devicehdl_dts_ord_117
                0x0000000000007c68                __devicehdl_dts_ord_10
                0x0000000000007c70                __devicehdl_dts_ord_116
                0x0000000000007c78                __devicehdl_dts_ord_64
                0x0000000000007c7e                __device_handles_end = .

ztest           0x0000000000007c7e        0x0
                0x0000000000007c7e                _ztest_expected_result_entry_list_start = .
 *(SORT_BY_NAME(SORT_BY_ALIGNMENT(._ztest_expected_result_entry.static.*)))
                0x0000000000007c7e                _ztest_expected_result_entry_list_end = .
                0x0000000000007c7e                _ztest_suite_node_list_start = .
 *(SORT_BY_NAME(SORT_BY_ALIGNMENT(._ztest_suite_node.static.*)))
                0x0000000000007c7e                _ztest_suite_node_list_end = .
                0x0000000000007c7e                _ztest_unit_test_list_start = .
 *(SORT_BY_NAME(SORT_BY_ALIGNMENT(._ztest_unit_test.static.*)))
                0x0000000000007c7e                _ztest_unit_test_list_end = .
                0x0000000000007c7e                _ztest_test_rule_list_start = .
 *(SORT_BY_NAME(SORT_BY_ALIGNMENT(._ztest_test_rule.static.*)))
                0x0000000000007c7e                _ztest_test_rule_list_end = .

bt_l2cap_fixed_chan_area
                0x0000000000007c7e        0x0
                0x0000000000007c7e                _bt_l2cap_fixed_chan_list_start = .
 *(SORT_BY_NAME(SORT_BY_ALIGNMENT(._bt_l2cap_fixed_chan.static.*)))
                0x0000000000007c7e                _bt_l2cap_fixed_chan_list_end = .

bt_gatt_service_static_area
                0x0000000000007c7e        0x0
                0x0000000000007c7e                _bt_gatt_service_static_list_start = .
 *(SORT_BY_NAME(SORT_BY_ALIGNMENT(._bt_gatt_service_static.static.*)))
                0x0000000000007c7e                _bt_gatt_service_static_list_end = .

log_strings_sections
                0x0000000000007c7e        0x0
                0x0000000000007c7e                __log_strings_start = .
 *(SORT_BY_NAME(SORT_BY_ALIGNMENT(.log_strings*)))
                0x0000000000007c7e                __log_strings_end = .

log_const_sections
                0x0000000000007c80       0x80
                0x0000000000007c80                __log_const_start = .
 *(SORT_BY_NAME(SORT_BY_ALIGNMENT(.log_const_*)))
 .log_const_NRFX_CLOCK
                0x0000000000007c80        0x8 modules/hal_nordic/nrfx/libmodules__hal_nordic__nrfx.a(nrfx_clock.c.obj)
                0x0000000000007c80                log_const_NRFX_CLOCK
 .log_const_NRFX_GPIOTE
                0x0000000000007c88        0x8 modules/hal_nordic/nrfx/libmodules__hal_nordic__nrfx.a(nrfx_gpiote.c.obj)
                0x0000000000007c88                log_const_NRFX_GPIOTE
 .log_const_NRFX_SPI
                0x0000000000007c90        0x8 modules/hal_nordic/nrfx/libmodules__hal_nordic__nrfx.a(nrfx_spi.c.obj)
                0x0000000000007c90                log_const_NRFX_SPI
 .log_const_can_common
                0x0000000000007c98        0x8 zephyr/drivers/can/libdrivers__can.a(can_common.c.obj)
                0x0000000000007c98                log_const_can_common
 .log_const_can_mcp2515
                0x0000000000007ca0        0x8 zephyr/drivers/can/libdrivers__can.a(can_mcp2515.c.obj)
                0x0000000000007ca0                log_const_can_mcp2515
 .log_const_cbprintf_package
                0x0000000000007ca8        0x8 zephyr/libzephyr.a(cbprintf_packaged.c.obj)
                0x0000000000007ca8                log_const_cbprintf_package
 .log_const_clock_control
                0x0000000000007cb0        0x8 zephyr/drivers/clock_control/libdrivers__clock_control.a(clock_control_nrf.c.obj)
                0x0000000000007cb0                log_const_clock_control
 .log_const_fatal_error
                0x0000000000007cb8        0x8 modules/nrf/lib/fatal_error/lib..__nrf__lib__fatal_error.a(fatal_error.c.obj)
                0x0000000000007cb8                log_const_fatal_error
 .log_const_log
                0x0000000000007cc0        0x8 zephyr/libzephyr.a(log_core.c.obj)
                0x0000000000007cc0                log_const_log
 .log_const_log_mgmt
                0x0000000000007cc8        0x8 zephyr/libzephyr.a(log_mgmt.c.obj)
                0x0000000000007cc8                log_const_log_mgmt
 .log_const_mpu
                0x0000000000007cd0        0x8 zephyr/arch/arch/arm/core/aarch32/mpu/libarch__arm__core__aarch32__mpu.a(arm_core_mpu.c.obj)
                0x0000000000007cd0                log_const_mpu
 .log_const_os  0x0000000000007cd8        0x8 zephyr/kernel/libkernel.a(init.c.obj)
                0x0000000000007cd8                log_const_os
 .log_const_pm  0x0000000000007ce0        0x8 zephyr/libzephyr.a(pm.c.obj)
                0x0000000000007ce0                log_const_pm
 .log_const_soc
                0x0000000000007ce8        0x8 zephyr/soc/arm/nordic_nrf/nrf52/libsoc__arm__nordic_nrf__nrf52.a(soc.c.obj)
                0x0000000000007ce8                log_const_soc
 .log_const_spi_nrfx_spi
                0x0000000000007cf0        0x8 zephyr/drivers/spi/libdrivers__spi.a(spi_nrfx_spi.c.obj)
                0x0000000000007cf0                log_const_spi_nrfx_spi
 .log_const_ttpms
                0x0000000000007cf8        0x8 app/libapp.a(main.c.obj)
                0x0000000000007cf8                log_const_ttpms
                0x0000000000007d00                __log_const_end = .

log_backend_area
                0x0000000000007d00       0x10
                0x0000000000007d00                _log_backend_list_start = .
 *(SORT_BY_NAME(SORT_BY_ALIGNMENT(._log_backend.static.*)))
 ._log_backend.static.log_backend_rtt
                0x0000000000007d00       0x10 zephyr/libzephyr.a(log_backend_rtt.c.obj)
                0x0000000000007d10                _log_backend_list_end = .

log_link_area   0x0000000000007d10        0x0
                0x0000000000007d10                _log_link_list_start = .
 *(SORT_BY_NAME(SORT_BY_ALIGNMENT(._log_link.static.*)))
                0x0000000000007d10                _log_link_list_end = .

tracing_backend_area
                0x0000000000007d10        0x0
                0x0000000000007d10                _tracing_backend_list_start = .
 *(SORT_BY_NAME(SORT_BY_ALIGNMENT(._tracing_backend.static.*)))
                0x0000000000007d10                _tracing_backend_list_end = .

zephyr_dbg_info
 *(SORT_BY_ALIGNMENT(.dbg_thread_info))

symbol_to_keep  0x0000000000007d10        0x0
                0x0000000000007d10                __symbol_to_keep_start = .
 *(SORT_BY_NAME(SORT_BY_ALIGNMENT(.symbol_to_keep*)))
                0x0000000000007d10                __symbol_to_keep_end = .

shell_area      0x0000000000007d10        0x0
                0x0000000000007d10                _shell_list_start = .
 *(SORT_BY_NAME(SORT_BY_ALIGNMENT(._shell.static.*)))
                0x0000000000007d10                _shell_list_end = .

shell_root_cmds_sections
                0x0000000000007d10        0x0
                0x0000000000007d10                __shell_root_cmds_start = .
 *(SORT_BY_NAME(SORT_BY_ALIGNMENT(.shell_root_cmd_*)))
                0x0000000000007d10                __shell_root_cmds_end = .

shell_subcmds_sections
                0x0000000000007d10        0x0
                0x0000000000007d10                __shell_subcmds_start = .
 *(SORT_BY_NAME(SORT_BY_ALIGNMENT(.shell_subcmd_*)))
                0x0000000000007d10                __shell_subcmds_end = .

shell_dynamic_subcmds_sections
                0x0000000000007d10        0x0
                0x0000000000007d10                __shell_dynamic_subcmds_start = .
 *(SORT_BY_NAME(SORT_BY_ALIGNMENT(.shell_dynamic_subcmd_*)))
                0x0000000000007d10                __shell_dynamic_subcmds_end = .

font_entry_sections
                0x0000000000007d10        0x0
                0x0000000000007d10                __font_entry_start = .
 *(SORT_BY_NAME(SORT_BY_ALIGNMENT(._cfb_font.*)))
                0x0000000000007d10                __font_entry_end = .

rodata          0x0000000000007d10      0xde4
 *(SORT_BY_ALIGNMENT(.rodata))
 *(SORT_BY_ALIGNMENT(.rodata.*))
 .rodata.delay_machine_code.0
                0x0000000000007d10        0x6 zephyr/soc/arm/nordic_nrf/nrf52/libsoc__arm__nordic_nrf__nrf52.a(soc.c.obj)
 *fill*         0x0000000000007d16        0x2 
 .rodata.format_table
                0x0000000000007d18       0x10 zephyr/libzephyr.a(log_core.c.obj)
 .rodata.colors
                0x0000000000007d28       0x14 zephyr/libzephyr.a(log_output.c.obj)
 .rodata.severity
                0x0000000000007d3c       0x14 zephyr/libzephyr.a(log_output.c.obj)
 .rodata.log_backend_rtt_api
                0x0000000000007d50       0x1c zephyr/libzephyr.a(log_backend_rtt.c.obj)
                0x0000000000007d50                log_backend_rtt_api
 .rodata.log_output_rtt
                0x0000000000007d6c       0x10 zephyr/libzephyr.a(log_backend_rtt.c.obj)
 .rodata.pmstates_DT_N_S_cpus_S_cpu_0
                0x0000000000007d7c        0x0 zephyr/libzephyr.a(state.c.obj)
 .rodata.static_regions
                0x0000000000007d7c        0xc zephyr/arch/arch/arm/core/aarch32/mpu/libarch__arm__core__aarch32__mpu.a(arm_core_mpu.c.obj)
 .rodata.mpu_config
                0x0000000000007d88        0x8 zephyr/soc/arm/common/cortex_m/libsoc__arm__common__cortex_m.a(arm_mpu_regions.c.obj)
                0x0000000000007d88                mpu_config
 .rodata.mpu_regions
                0x0000000000007d90       0x18 zephyr/soc/arm/common/cortex_m/libsoc__arm__common__cortex_m.a(arm_mpu_regions.c.obj)
 .rodata.transitions.0
                0x0000000000007da8        0xc zephyr/drivers/clock_control/libdrivers__clock_control.a(clock_control_nrf.c.obj)
 .rodata.config
                0x0000000000007db4       0x18 zephyr/drivers/clock_control/libdrivers__clock_control.a(clock_control_nrf.c.obj)
 .rodata.clock_control_api
                0x0000000000007dcc       0x1c zephyr/drivers/clock_control/libdrivers__clock_control.a(clock_control_nrf.c.obj)
 .rodata.gpio_nrfx_p1_cfg
                0x0000000000007de8       0x10 zephyr/drivers/gpio/libdrivers__gpio.a(gpio_nrfx.c.obj)
 .rodata.gpio_nrfx_p0_cfg
                0x0000000000007df8       0x10 zephyr/drivers/gpio/libdrivers__gpio.a(gpio_nrfx.c.obj)
 .rodata.gpio_nrfx_drv_api_funcs
                0x0000000000007e08       0x24 zephyr/drivers/gpio/libdrivers__gpio.a(gpio_nrfx.c.obj)
 .rodata.spi_0z_config
                0x0000000000007e2c       0x24 zephyr/drivers/spi/libdrivers__spi.a(spi_nrfx_spi.c.obj)
 .rodata.__pinctrl_dev_config__device_dts_ord_117
                0x0000000000007e50        0xc zephyr/drivers/spi/libdrivers__spi.a(spi_nrfx_spi.c.obj)
 .rodata.__pinctrl_states__device_dts_ord_117
                0x0000000000007e5c        0x8 zephyr/drivers/spi/libdrivers__spi.a(spi_nrfx_spi.c.obj)
 .rodata.__pinctrl_state_pins_0__device_dts_ord_117
                0x0000000000007e64        0xc zephyr/drivers/spi/libdrivers__spi.a(spi_nrfx_spi.c.obj)
 .rodata.__compound_literal.0
                0x0000000000007e70       0x10 zephyr/drivers/spi/libdrivers__spi.a(spi_nrfx_spi.c.obj)
 .rodata.spi_nrfx_driver_api
                0x0000000000007e80        0x8 zephyr/drivers/spi/libdrivers__spi.a(spi_nrfx_spi.c.obj)
 .rodata.mcp2515_config_0
                0x0000000000007e88       0x38 zephyr/drivers/can/libdrivers__can.a(can_mcp2515.c.obj)
 .rodata.can_api_funcs
                0x0000000000007ec0       0x48 zephyr/drivers/can/libdrivers__can.a(can_mcp2515.c.obj)
 .rodata._k_neg_eagain
                0x0000000000007f08        0x4 zephyr/kernel/libkernel.a(errno.c.obj)
                0x0000000000007f08                _k_neg_eagain
 .rodata.CSWTCH.10
                0x0000000000007f0c       0x14 zephyr/kernel/libkernel.a(fatal.c.obj)
 .rodata.levels.0
                0x0000000000007f20       0x18 zephyr/kernel/libkernel.a(init.c.obj)
 .rodata.tx_irq_callback.str1.1
                0x0000000000007f38       0x25 app/libapp.a(main.c.obj)
 .rodata.main.str1.1
                0x0000000000007f5d       0x63 app/libapp.a(main.c.obj)
 .rodata.str1.1
                0x0000000000007fc0        0x6 app/libapp.a(main.c.obj)
 .rodata.str1.1
                0x0000000000007fc6       0x11 zephyr/libzephyr.a(cbprintf_packaged.c.obj)
 .rodata.z_cbvprintf_impl.str1.1
                0x0000000000007fd7        0x6 zephyr/libzephyr.a(cbprintf_complete.c.obj)
 .rodata.str1.1
                0x0000000000007fdd        0x4 zephyr/libzephyr.a(log_core.c.obj)
 .rodata.str1.1
                0x0000000000007fe1        0x9 zephyr/libzephyr.a(log_mgmt.c.obj)
 .rodata.newline_print.str1.1
                0x0000000000007fea        0x3 zephyr/libzephyr.a(log_output.c.obj)
                                          0x5 (size before relaxing)
 .rodata.log_output_process.str1.1
                0x0000000000007fed       0x4c zephyr/libzephyr.a(log_output.c.obj)
                                         0x51 (size before relaxing)
 .rodata.str1.1
                0x0000000000008039       0x20 zephyr/libzephyr.a(log_output.c.obj)
 .rodata.str1.1
                0x0000000000008059       0x10 zephyr/libzephyr.a(log_backend_rtt.c.obj)
 .rodata.str1.1
                0x0000000000008069        0x3 zephyr/libzephyr.a(pm.c.obj)
 .rodata.z_arm_fatal_error.str1.1
                0x000000000000806c       0xed zephyr/arch/arch/arm/core/aarch32/libarch__arm__core__aarch32.a(fatal.c.obj)
 .rodata.bus_fault.constprop.0.str1.1
                0x0000000000008159       0xca zephyr/arch/arch/arm/core/aarch32/cortex_m/libarch__arm__core__aarch32__cortex_m.a(fault.c.obj)
 .rodata.usage_fault.constprop.0.str1.1
                0x0000000000008223       0xcd zephyr/arch/arch/arm/core/aarch32/cortex_m/libarch__arm__core__aarch32__cortex_m.a(fault.c.obj)
 .rodata.mem_manage_fault.str1.1
                0x00000000000082f0       0x96 zephyr/arch/arch/arm/core/aarch32/cortex_m/libarch__arm__core__aarch32__cortex_m.a(fault.c.obj)
 .rodata.z_arm_fault.str1.1
                0x0000000000008386      0x111 zephyr/arch/arch/arm/core/aarch32/cortex_m/libarch__arm__core__aarch32__cortex_m.a(fault.c.obj)
 .rodata.str1.1
                0x0000000000008497        0x4 zephyr/arch/arch/arm/core/aarch32/mpu/libarch__arm__core__aarch32__mpu.a(arm_core_mpu.c.obj)
 .rodata.mpu_configure_regions.str1.1
                0x000000000000849b       0x49 zephyr/arch/arch/arm/core/aarch32/mpu/libarch__arm__core__aarch32__mpu.a(arm_mpu.c.obj)
 .rodata.str1.1
                0x00000000000084e4        0xf zephyr/soc/arm/common/cortex_m/libsoc__arm__common__cortex_m.a(arm_mpu_regions.c.obj)
 .rodata.str1.1
                0x00000000000084f3        0x4 zephyr/soc/arm/nordic_nrf/nrf52/libsoc__arm__nordic_nrf__nrf52.a(soc.c.obj)
 .rodata.str1.1
                0x00000000000084f7       0x29 zephyr/drivers/clock_control/libdrivers__clock_control.a(clock_control_nrf.c.obj)
 .rodata.str1.1
                0x0000000000008520       0x1c zephyr/drivers/gpio/libdrivers__gpio.a(gpio_nrfx.c.obj)
 .rodata.spi_nrfx_init.str1.1
                0x000000000000853c       0x24 zephyr/drivers/spi/libdrivers__spi.a(spi_nrfx_spi.c.obj)
 .rodata.event_handler.str1.1
                0x0000000000008560       0x1e zephyr/drivers/spi/libdrivers__spi.a(spi_nrfx_spi.c.obj)
 .rodata.spi_nrfx_transceive.str1.1
                0x000000000000857e      0x108 zephyr/drivers/spi/libdrivers__spi.a(spi_nrfx_spi.c.obj)
 .rodata.str1.1
                0x0000000000008686       0x1a zephyr/drivers/spi/libdrivers__spi.a(spi_nrfx_spi.c.obj)
 .rodata.str1.1
                0x00000000000086a0        0xb zephyr/drivers/can/libdrivers__can.a(can_common.c.obj)
 .rodata.mcp2515_set_mode.str1.1
                0x00000000000086ab       0x18 zephyr/drivers/can/libdrivers__can.a(can_mcp2515.c.obj)
 .rodata.mcp2515_get_state.str1.1
                0x00000000000086c3       0x46 zephyr/drivers/can/libdrivers__can.a(can_mcp2515.c.obj)
 .rodata.mcp2515_send.str1.1
                0x0000000000008709       0x5c zephyr/drivers/can/libdrivers__can.a(can_mcp2515.c.obj)
 .rodata.mcp2515_int_thread.str1.1
                0x0000000000008765       0x5d zephyr/drivers/can/libdrivers__can.a(can_mcp2515.c.obj)
 .rodata.mcp2515_set_timing.str1.1
                0x00000000000087c2       0x63 zephyr/drivers/can/libdrivers__can.a(can_mcp2515.c.obj)
 .rodata.mcp2515_init.str1.1
                0x0000000000008825       0xb6 zephyr/drivers/can/libdrivers__can.a(can_mcp2515.c.obj)
 .rodata.mcp2515_set_mode_int.str1.1
                0x00000000000088db       0x2d zephyr/drivers/can/libdrivers__can.a(can_mcp2515.c.obj)
 .rodata.mcp2515_stop.str1.1
                0x0000000000008908       0x4f zephyr/drivers/can/libdrivers__can.a(can_mcp2515.c.obj)
 .rodata.mcp2515_start.str1.1
                0x0000000000008957       0x42 zephyr/drivers/can/libdrivers__can.a(can_mcp2515.c.obj)
 .rodata.str1.1
                0x0000000000008999       0x13 zephyr/drivers/can/libdrivers__can.a(can_mcp2515.c.obj)
 .rodata.z_log_msg_runtime_create.constprop.0.str1.1
                0x00000000000089ac       0x11 modules/nrf/lib/fatal_error/lib..__nrf__lib__fatal_error.a(fatal_error.c.obj)
 .rodata.str1.1
                0x00000000000089bd        0xc modules/nrf/lib/fatal_error/lib..__nrf__lib__fatal_error.a(fatal_error.c.obj)
 .rodata.str1.1
                0x00000000000089c9        0xb modules/hal_nordic/nrfx/libmodules__hal_nordic__nrfx.a(nrfx_clock.c.obj)
 .rodata.str1.1
                0x00000000000089d4        0xc modules/hal_nordic/nrfx/libmodules__hal_nordic__nrfx.a(nrfx_gpiote.c.obj)
 .rodata.str1.1
                0x00000000000089e0        0x9 modules/hal_nordic/nrfx/libmodules__hal_nordic__nrfx.a(nrfx_spi.c.obj)
 .rodata._DoInit.str1.1
                0x00000000000089e9       0x14 modules/segger/libmodules__segger.a(SEGGER_RTT.c.obj)
 .rodata.z_fatal_error.str1.1
                0x00000000000089fd       0x77 zephyr/kernel/libkernel.a(fatal.c.obj)
 .rodata.str1.1
                0x0000000000008a74       0x4a zephyr/kernel/libkernel.a(fatal.c.obj)
 .rodata.z_cstart.str1.1
                0x0000000000008abe        0x5 zephyr/kernel/libkernel.a(init.c.obj)
 .rodata.str1.1
                0x0000000000008ac3        0x3 zephyr/kernel/libkernel.a(init.c.obj)
 .rodata.boot_banner.str1.1
                0x0000000000008ac6       0x2e zephyr/kernel/libkernel.a(banner.c.obj)
 *(SORT_BY_ALIGNMENT(.gnu.linkonce.r.*))
                0x0000000000008af4                . = ALIGN (0x4)
                0x0000000000008af4                __rodata_region_end = .
                0x0000000000008b00                . = ALIGN (_region_min_align)
                0x0000000000010000                . = ALIGN ((0x1 << ((__rodata_region_end - ADDR (rom_start)) <= 0x4)?0x2:((__rodata_region_end - ADDR (rom_start)) <= 0x8)?0x3:((__rodata_region_end - ADDR (rom_start)) <= 0x10)?0x4:((__rodata_region_end - ADDR (rom_start)) <= 0x20)?0x5:((__rodata_region_end - ADDR (rom_start)) <= 0x40)?0x6:((__rodata_region_end - ADDR (rom_start)) <= 0x80)?0x7:((__rodata_region_end - ADDR (rom_start)) <= 0x100)?0x8:((__rodata_region_end - ADDR (rom_start)) <= 0x200)?0x9:((__rodata_region_end - ADDR (rom_start)) <= 0x400)?0xa:((__rodata_region_end - ADDR (rom_start)) <= 0x800)?0xb:((__rodata_region_end - ADDR (rom_start)) <= 0x1000)?0xc:((__rodata_region_end - ADDR (rom_start)) <= 0x2000)?0xd:((__rodata_region_end - ADDR (rom_start)) <= 0x4000)?0xe:((__rodata_region_end - ADDR (rom_start)) <= 0x8000)?0xf:((__rodata_region_end - ADDR (rom_start)) <= 0x10000)?0x10:((__rodata_region_end - ADDR (rom_start)) <= 0x20000)?0x11:((__rodata_region_end - ADDR (rom_start)) <= 0x40000)?0x12:((__rodata_region_end - ADDR (rom_start)) <= 0x80000)?0x13:((__rodata_region_end - ADDR (rom_start)) <= 0x100000)?0x14:((__rodata_region_end - ADDR (rom_start)) <= 0x200000)?0x15:((__rodata_region_end - ADDR (rom_start)) <= 0x400000)?0x16:((__rodata_region_end - ADDR (rom_start)) <= 0x800000)?0x17:((__rodata_region_end - ADDR (rom_start)) <= 0x1000000)?0x18:((__rodata_region_end - ADDR (rom_start)) <= 0x2000000)?0x19:((__rodata_region_end - ADDR (rom_start)) <= 0x4000000)?0x1a:((__rodata_region_end - ADDR (rom_start)) <= 0x8000000)?0x1b:((__rodata_region_end - ADDR (rom_start)) <= 0x10000000)?0x1c:((__rodata_region_end - ADDR (rom_start)) <= 0x20000000)?0x1d:((__rodata_region_end - ADDR (rom_start)) <= 0x40000000)?0x1e:((__rodata_region_end - ADDR (rom_start)) <= 0x80000000)?0x1f:0x20))
                0x0000000000010000                __rom_region_end = ((__rom_region_start + .) - ADDR (rom_start))

/DISCARD/
 *(SORT_BY_ALIGNMENT(.got.plt))
 *(SORT_BY_ALIGNMENT(.igot.plt))
 *(SORT_BY_ALIGNMENT(.got))
 *(SORT_BY_ALIGNMENT(.igot))
                0x0000000020000000                . = 0x20000000
                0x0000000020000000                . = ALIGN (_region_min_align)
                0x0000000020000000                _image_ram_start = .

.ramfunc        0x0000000020000000        0x0 load address 0x0000000000008af4
                0x0000000020000000                . = ALIGN (_region_min_align)
                0x0000000020000000                . = ALIGN ((0x1 << (__ramfunc_size <= 0x4)?0x2:(__ramfunc_size <= 0x8)?0x3:(__ramfunc_size <= 0x10)?0x4:(__ramfunc_size <= 0x20)?0x5:(__ramfunc_size <= 0x40)?0x6:(__ramfunc_size <= 0x80)?0x7:(__ramfunc_size <= 0x100)?0x8:(__ramfunc_size <= 0x200)?0x9:(__ramfunc_size <= 0x400)?0xa:(__ramfunc_size <= 0x800)?0xb:(__ramfunc_size <= 0x1000)?0xc:(__ramfunc_size <= 0x2000)?0xd:(__ramfunc_size <= 0x4000)?0xe:(__ramfunc_size <= 0x8000)?0xf:(__ramfunc_size <= 0x10000)?0x10:(__ramfunc_size <= 0x20000)?0x11:(__ramfunc_size <= 0x40000)?0x12:(__ramfunc_size <= 0x80000)?0x13:(__ramfunc_size <= 0x100000)?0x14:(__ramfunc_size <= 0x200000)?0x15:(__ramfunc_size <= 0x400000)?0x16:(__ramfunc_size <= 0x800000)?0x17:(__ramfunc_size <= 0x1000000)?0x18:(__ramfunc_size <= 0x2000000)?0x19:(__ramfunc_size <= 0x4000000)?0x1a:(__ramfunc_size <= 0x8000000)?0x1b:(__ramfunc_size <= 0x10000000)?0x1c:(__ramfunc_size <= 0x20000000)?0x1d:(__ramfunc_size <= 0x40000000)?0x1e:(__ramfunc_size <= 0x80000000)?0x1f:0x20))
                0x0000000020000000                __ramfunc_start = .
 *(SORT_BY_ALIGNMENT(.ramfunc))
 *(SORT_BY_ALIGNMENT(.ramfunc.*))
                0x0000000020000000                . = ALIGN (_region_min_align)
                0x0000000020000000                . = ALIGN ((0x1 << (__ramfunc_size <= 0x4)?0x2:(__ramfunc_size <= 0x8)?0x3:(__ramfunc_size <= 0x10)?0x4:(__ramfunc_size <= 0x20)?0x5:(__ramfunc_size <= 0x40)?0x6:(__ramfunc_size <= 0x80)?0x7:(__ramfunc_size <= 0x100)?0x8:(__ramfunc_size <= 0x200)?0x9:(__ramfunc_size <= 0x400)?0xa:(__ramfunc_size <= 0x800)?0xb:(__ramfunc_size <= 0x1000)?0xc:(__ramfunc_size <= 0x2000)?0xd:(__ramfunc_size <= 0x4000)?0xe:(__ramfunc_size <= 0x8000)?0xf:(__ramfunc_size <= 0x10000)?0x10:(__ramfunc_size <= 0x20000)?0x11:(__ramfunc_size <= 0x40000)?0x12:(__ramfunc_size <= 0x80000)?0x13:(__ramfunc_size <= 0x100000)?0x14:(__ramfunc_size <= 0x200000)?0x15:(__ramfunc_size <= 0x400000)?0x16:(__ramfunc_size <= 0x800000)?0x17:(__ramfunc_size <= 0x1000000)?0x18:(__ramfunc_size <= 0x2000000)?0x19:(__ramfunc_size <= 0x4000000)?0x1a:(__ramfunc_size <= 0x8000000)?0x1b:(__ramfunc_size <= 0x10000000)?0x1c:(__ramfunc_size <= 0x20000000)?0x1d:(__ramfunc_size <= 0x40000000)?0x1e:(__ramfunc_size <= 0x80000000)?0x1f:0x20))
                0x0000000020000000                __ramfunc_end = .
                0x0000000000000000                __ramfunc_size = (__ramfunc_end - __ramfunc_start)
                0x0000000000008af4                __ramfunc_load_start = LOADADDR (.ramfunc)

datas           0x0000000020000000      0x270 load address 0x0000000000008af4
                0x0000000020000000                __data_region_start = .
                0x0000000020000000                __data_start = .
 *(SORT_BY_ALIGNMENT(.data))
 *(SORT_BY_ALIGNMENT(.data.*))
 .data.mcp2515_data_0
                0x0000000020000000      0x178 zephyr/drivers/can/libdrivers__can.a(can_mcp2515.c.obj)
 .data._char_out
                0x0000000020000178        0x4 zephyr/libzephyr.a(printk.c.obj)
                0x0000000020000178                _char_out
 .data.timestamp_func
                0x000000002000017c        0x4 zephyr/libzephyr.a(log_core.c.obj)
 .data.max_latency_ticks
                0x0000000020000180        0x4 zephyr/libzephyr.a(policy.c.obj)
 .data._stdout_hook
                0x0000000020000184        0x4 zephyr/lib/libc/minimal/liblib__libc__minimal.a(stdout_console.c.obj)
 .data.spi_0_data
                0x0000000020000188       0x60 zephyr/drivers/spi/libdrivers__spi.a(spi_nrfx_spi.c.obj)
 .data.__compound_literal.0
                0x00000000200001e8        0xc zephyr/drivers/can/libdrivers__can.a(can_mcp2515.c.obj)
 .data.SystemCoreClock
                0x00000000200001f4        0x4 modules/hal_nordic/nrfx/libmodules__hal_nordic__nrfx.a(system_nrf52833.c.obj)
                0x00000000200001f4                SystemCoreClock
 .data.m_cb     0x00000000200001f8       0x70 modules/hal_nordic/nrfx/libmodules__hal_nordic__nrfx.a(nrfx_gpiote.c.obj)
 .data.timeout_list
                0x0000000020000268        0x8 zephyr/kernel/libkernel.a(timeout.c.obj)
 *(SORT_BY_ALIGNMENT(.kernel.*))
                0x0000000020000270                __data_end = .
                0x0000000000000270                __data_size = (__data_end - __data_start)
                0x0000000000008af4                __data_load_start = LOADADDR (datas)
                0x0000000000008af4                __data_region_load_start = LOADADDR (datas)

device_states   0x0000000020000270        0xa load address 0x0000000000008d64
                0x0000000020000270                __device_states_start = .
 *(SORT_BY_ALIGNMENT(.z_devstate))
 .z_devstate    0x0000000020000270        0x2 zephyr/drivers/clock_control/libdrivers__clock_control.a(clock_control_nrf.c.obj)
 .z_devstate    0x0000000020000272        0x4 zephyr/drivers/gpio/libdrivers__gpio.a(gpio_nrfx.c.obj)
 .z_devstate    0x0000000020000276        0x2 zephyr/drivers/spi/libdrivers__spi.a(spi_nrfx_spi.c.obj)
 .z_devstate    0x0000000020000278        0x2 zephyr/drivers/can/libdrivers__can.a(can_mcp2515.c.obj)
 *(SORT_BY_ALIGNMENT(.z_devstate.*))
                0x000000002000027a                __device_states_end = .

initshell       0x000000002000027a        0x0 load address 0x0000000000008d6e
                0x000000002000027a                __shell_module_start = .
 *(SORT_BY_ALIGNMENT(.shell_module_*))
                0x000000002000027a                __shell_module_end = .
                0x000000002000027a                __shell_cmd_start = .
 *(SORT_BY_ALIGNMENT(.shell_cmd_*))
                0x000000002000027a                __shell_cmd_end = .

log_mpsc_pbuf_area
                0x000000002000027a        0x0 load address 0x0000000000008d6e
                0x000000002000027a                _log_mpsc_pbuf_list_start = .
 *(SORT_BY_NAME(SORT_BY_ALIGNMENT(._log_mpsc_pbuf.static.*)))
                0x000000002000027a                _log_mpsc_pbuf_list_end = .

log_msg_ptr_area
                0x000000002000027c        0x4 load address 0x0000000000008d70
                0x000000002000027c                _log_msg_ptr_list_start = .
 *(SORT_BY_NAME(SORT_BY_ALIGNMENT(._log_msg_ptr.static.*)))
 ._log_msg_ptr.static.log_msg_ptr
                0x000000002000027c        0x4 zephyr/libzephyr.a(log_core.c.obj)
                0x0000000020000280                _log_msg_ptr_list_end = .

log_dynamic_sections